TRACE 34 DRAM_COMPLETE_ACCEPT 0 34
TRACE 35 DMA_WORD_ACCEPT 0 0
TRACE 36 DMA_WORD_ACCEPT 1 1
TRACE 37 DMA_WORD_ACCEPT 2 2
TRACE 38 DMA_WORD_ACCEPT 3 3
TRACE 39 DRAM_COMPLETE_ACCEPT 1 39
TRACE 40 DMA_WORD_ACCEPT 4 0
TRACE 41 DMA_WORD_ACCEPT 5 1
TRACE 42 DMA_WORD_ACCEPT 6 2
TRACE 43 DMA_WORD_ACCEPT 7 3
TRACE 44 DRAM_COMPLETE_ACCEPT 2 44
TRACE 45 DMA_WORD_ACCEPT 8 0
TRACE 46 DMA_WORD_ACCEPT 9 1
TRACE 47 DMA_WORD_ACCEPT 10 2
TRACE 48 DMA_WORD_ACCEPT 11 3
TRACE 49 DRAM_COMPLETE_ACCEPT 3 49
TRACE 50 DMA_WORD_ACCEPT 12 0
TRACE 51 DMA_WORD_ACCEPT 13 1
TRACE 52 DMA_WORD_ACCEPT 14 2
TRACE 53 DMA_WORD_ACCEPT 15 3
TRACE 54 DRAM_COMPLETE_ACCEPT 4 54
TRACE 55 DMA_WORD_ACCEPT 16 0
TRACE 56 DMA_WORD_ACCEPT 17 1
TRACE 57 DMA_WORD_ACCEPT 18 2
TRACE 58 DMA_WORD_ACCEPT 19 3
TRACE 59 DRAM_COMPLETE_ACCEPT 5 59
TRACE 60 DMA_WORD_ACCEPT 20 0
TRACE 61 DMA_WORD_ACCEPT 21 1
TRACE 62 DMA_WORD_ACCEPT 22 2
TRACE 63 DMA_WORD_ACCEPT 23 3
TRACE 64 DRAM_COMPLETE_ACCEPT 6 64
TRACE 65 DMA_WORD_ACCEPT 24 0
TRACE 66 DMA_WORD_ACCEPT 25 1
TRACE 67 DMA_WORD_ACCEPT 26 2
TRACE 68 DMA_WORD_ACCEPT 27 3
TRACE 69 DRAM_COMPLETE_ACCEPT 7 69
TRACE 70 DMA_WORD_ACCEPT 28 0
TRACE 71 DMA_WORD_ACCEPT 29 1
TRACE 72 DMA_WORD_ACCEPT 30 2
TRACE 73 DMA_WORD_ACCEPT 31 3
TRACE 74 DRAM_COMPLETE_ACCEPT 8 74
TRACE 75 DMA_WORD_ACCEPT 32 0
TRACE 76 DMA_WORD_ACCEPT 33 1
TRACE 77 DMA_WORD_ACCEPT 34 2
TRACE 78 DMA_WORD_ACCEPT 35 3
TRACE 79 DRAM_COMPLETE_ACCEPT 9 79
TRACE 80 DMA_WORD_ACCEPT 36 0
TRACE 81 DMA_WORD_ACCEPT 37 1
TRACE 82 DMA_WORD_ACCEPT 38 2
TRACE 83 DRAM_COMPLETE_ACCEPT 10 83
TRACE 83 DMA_WORD_ACCEPT 39 3
TRACE 84 DMA_WORD_ACCEPT 40 0
TRACE 85 DMA_WORD_ACCEPT 41 1
TRACE 86 DMA_WORD_ACCEPT 42 2
TRACE 87 DMA_WORD_ACCEPT 43 3
TRACE 88 DRAM_COMPLETE_ACCEPT 11 88
TRACE 89 DMA_WORD_ACCEPT 44 0
TRACE 90 DMA_WORD_ACCEPT 45 1
TRACE 91 DMA_WORD_ACCEPT 46 2
TRACE 92 DMA_WORD_ACCEPT 47 3
TRACE 93 DRAM_COMPLETE_ACCEPT 12 93
TRACE 94 DMA_WORD_ACCEPT 48 0
TRACE 95 DMA_WORD_ACCEPT 49 1
TRACE 96 DMA_WORD_ACCEPT 50 2
TRACE 97 DMA_WORD_ACCEPT 51 3
TRACE 98 DRAM_COMPLETE_ACCEPT 13 98
TRACE 99 DMA_WORD_ACCEPT 52 0
TRACE 100 DMA_WORD_ACCEPT 53 1
TRACE 101 DMA_WORD_ACCEPT 54 2
TRACE 102 DMA_WORD_ACCEPT 55 3
TRACE 103 DRAM_COMPLETE_ACCEPT 14 103
TRACE 104 DMA_WORD_ACCEPT 56 0
TRACE 105 DMA_WORD_ACCEPT 57 1
TRACE 106 DMA_WORD_ACCEPT 58 2
TRACE 107 DMA_WORD_ACCEPT 59 3
TRACE 108 DRAM_COMPLETE_ACCEPT 15 108
TRACE 109 DMA_WORD_ACCEPT 60 0
TRACE 110 DMA_WORD_ACCEPT 61 1
TRACE 111 DMA_WORD_ACCEPT 62 2
TRACE 112 DMA_WORD_ACCEPT 63 3
TRACE 113 DRAM_COMPLETE_ACCEPT 16 113
TRACE 114 DMA_WORD_ACCEPT 64 0
TRACE 115 DMA_WORD_ACCEPT 65 1
TRACE 116 DMA_WORD_ACCEPT 66 2
TRACE 117 DMA_WORD_ACCEPT 67 3
TRACE 118 DRAM_COMPLETE_ACCEPT 17 118
TRACE 119 DMA_WORD_ACCEPT 68 0
TRACE 120 DMA_WORD_ACCEPT 69 1
TRACE 121 DMA_WORD_ACCEPT 70 2
TRACE 122 DMA_WORD_ACCEPT 71 3
TRACE 123 DRAM_COMPLETE_ACCEPT 18 123
TRACE 124 DMA_WORD_ACCEPT 72 0
TRACE 125 DMA_WORD_ACCEPT 73 1
TRACE 126 DMA_WORD_ACCEPT 74 2
TRACE 127 DMA_WORD_ACCEPT 75 3
TRACE 128 DRAM_COMPLETE_ACCEPT 19 128
TRACE 129 DMA_WORD_ACCEPT 76 0
TRACE 130 DMA_WORD_ACCEPT 77 1
TRACE 131 DMA_WORD_ACCEPT 78 2
TRACE 132 DMA_WORD_ACCEPT 79 3
TRACE 133 DRAM_COMPLETE_ACCEPT 20 133
TRACE 134 DMA_WORD_ACCEPT 80 0
TRACE 135 DMA_WORD_ACCEPT 81 1
TRACE 136 DMA_WORD_ACCEPT 82 2
TRACE 137 DMA_WORD_ACCEPT 83 3
TRACE 138 DRAM_COMPLETE_ACCEPT 21 138
TRACE 139 DMA_WORD_ACCEPT 84 0
TRACE 140 DMA_WORD_ACCEPT 85 1
TRACE 141 DMA_WORD_ACCEPT 86 2
TRACE 142 DMA_WORD_ACCEPT 87 3
TRACE 143 DRAM_COMPLETE_ACCEPT 22 143
TRACE 144 DMA_WORD_ACCEPT 88 0
TRACE 145 DMA_WORD_ACCEPT 89 1
TRACE 146 DMA_WORD_ACCEPT 90 2
TRACE 147 DMA_WORD_ACCEPT 91 3
TRACE 148 DRAM_COMPLETE_ACCEPT 23 148
TRACE 149 DMA_WORD_ACCEPT 92 0
TRACE 150 DMA_WORD_ACCEPT 93 1
TRACE 151 DMA_WORD_ACCEPT 94 2
TRACE 152 DMA_WORD_ACCEPT 95 3
TRACE 153 DRAM_COMPLETE_ACCEPT 24 153
TRACE 154 DMA_WORD_ACCEPT 96 0
TRACE 155 DMA_WORD_ACCEPT 97 1
TRACE 156 DMA_WORD_ACCEPT 98 2
TRACE 157 DMA_WORD_ACCEPT 99 3
TRACE 158 DRAM_COMPLETE_ACCEPT 25 158
TRACE 159 DMA_WORD_ACCEPT 100 0
TRACE 160 DMA_WORD_ACCEPT 101 1
TRACE 161 DMA_WORD_ACCEPT 102 2
TRACE 162 DMA_WORD_ACCEPT 103 3
TRACE 163 DRAM_COMPLETE_ACCEPT 26 163
TRACE 164 DMA_WORD_ACCEPT 104 0
TRACE 165 DMA_WORD_ACCEPT 105 1
TRACE 166 DMA_WORD_ACCEPT 106 2
TRACE 167 DMA_WORD_ACCEPT 107 3
TRACE 168 DRAM_COMPLETE_ACCEPT 27 168
TRACE 169 DMA_WORD_ACCEPT 108 0
TRACE 170 DMA_WORD_ACCEPT 109 1
TRACE 171 DMA_WORD_ACCEPT 110 2
TRACE 172 DMA_WORD_ACCEPT 111 3
TRACE 173 DRAM_COMPLETE_ACCEPT 28 173
TRACE 174 DMA_WORD_ACCEPT 112 0
TRACE 175 DMA_WORD_ACCEPT 113 1
TRACE 176 DMA_WORD_ACCEPT 114 2
TRACE 177 DMA_WORD_ACCEPT 115 3
TRACE 178 DRAM_COMPLETE_ACCEPT 29 178
TRACE 179 DMA_WORD_ACCEPT 116 0
TRACE 180 DMA_WORD_ACCEPT 117 1
TRACE 181 DMA_WORD_ACCEPT 118 2
TRACE 182 DMA_WORD_ACCEPT 119 3
TRACE 183 DRAM_COMPLETE_ACCEPT 30 183
TRACE 184 DMA_WORD_ACCEPT 120 0
TRACE 185 DMA_WORD_ACCEPT 121 1
TRACE 186 DMA_WORD_ACCEPT 122 2
TRACE 187 DMA_WORD_ACCEPT 123 3
TRACE 188 DRAM_COMPLETE_ACCEPT 31 188
TRACE 189 DMA_WORD_ACCEPT 124 0
TRACE 190 DMA_WORD_ACCEPT 125 1
TRACE 191 DMA_WORD_ACCEPT 126 2
TRACE 192 DMA_WORD_ACCEPT 127 3
TRACE 195 SRAM_READ_ISSUE 0 0
TRACE 196 SRAM_READ_ISSUE 1 0
TRACE 198 SRAM_RESPONSE 0 0
TRACE 199 SRAM_RESPONSE 1 0
SUMMARY 201 32 128 2 0 0 0
architecture_simulator/rtl/vertical_slice/tb_gtsu_geometry_dram_sram_loader.sv:101: $finish called at 2045 (1s)
