TRACE 0 LINE_ACCEPT 0 0
TRACE 1 LINE_ACCEPT 1 1
TRACE 3 LINE_ACCEPT 2 2
TRACE 4 LINE_ACCEPT 3 3
TRACE 5 LINE_ACCEPT 4 0
TRACE 5 WBUF_READ_ISSUE 0 0
TRACE 6 LINE_ACCEPT 5 1
TRACE 8 LINE_ACCEPT 6 2
TRACE 8 WBUF_RESPONSE 0 0
TRACE 9 LINE_ACCEPT 7 3
TRACE 9 DOT4_INPUT 0 0
TRACE 10 LINE_ACCEPT 8 0
TRACE 10 WBUF_READ_ISSUE 1 0
TRACE 11 LINE_ACCEPT 9 1
TRACE 13 LINE_ACCEPT 10 2
TRACE 13 WBUF_RESPONSE 1 0
TRACE 14 LINE_ACCEPT 11 3
TRACE 14 DOT4_INPUT 1 0
TRACE 15 LINE_ACCEPT 12 0
TRACE 15 WBUF_READ_ISSUE 2 0
TRACE 16 LINE_ACCEPT 13 1
TRACE 18 LINE_ACCEPT 14 2
TRACE 18 WBUF_RESPONSE 2 0
TRACE 19 LINE_ACCEPT 15 3
TRACE 19 DOT4_INPUT 2 0
TRACE 20 LINE_ACCEPT 16 0
TRACE 20 WBUF_READ_ISSUE 3 0
TRACE 21 LINE_ACCEPT 17 1
TRACE 23 LINE_ACCEPT 18 2
TRACE 23 WBUF_RESPONSE 3 0
TRACE 24 LINE_ACCEPT 19 3
TRACE 24 DOT4_INPUT 3 0
TRACE 25 LINE_ACCEPT 20 0
TRACE 25 WBUF_READ_ISSUE 4 0
TRACE 25 OUTPUT_ACCEPT 0 -14552
TRACE 25 OUTPUT_ACCEPT 1 -10496
TRACE 25 OUTPUT_ACCEPT 2 -6440
TRACE 25 OUTPUT_ACCEPT 3 -2384
TRACE 25 OUTPUT_ACCEPT 4 1672
TRACE 25 OUTPUT_ACCEPT 5 5728
TRACE 25 OUTPUT_ACCEPT 6 9784
TRACE 25 OUTPUT_ACCEPT 7 13840
TRACE 25 OUTPUT_ACCEPT 8 33000
TRACE 25 OUTPUT_ACCEPT 9 44992
TRACE 25 OUTPUT_ACCEPT 10 47512
TRACE 25 OUTPUT_ACCEPT 11 41584
TRACE 25 OUTPUT_ACCEPT 12 17224
TRACE 25 OUTPUT_ACCEPT 13 -23264
TRACE 25 OUTPUT_ACCEPT 14 -37640
TRACE 25 OUTPUT_ACCEPT 15 -33584
TRACE 25 OUTPUT_ACCEPT 16 -29528
TRACE 25 OUTPUT_ACCEPT 17 -25472
TRACE 25 OUTPUT_ACCEPT 18 -21416
TRACE 25 OUTPUT_ACCEPT 19 -17360
TRACE 25 OUTPUT_ACCEPT 20 -13304
TRACE 25 OUTPUT_ACCEPT 21 -9248
TRACE 25 OUTPUT_ACCEPT 22 -5192
TRACE 25 OUTPUT_ACCEPT 23 -1136
TRACE 25 OUTPUT_ACCEPT 24 2920
TRACE 25 OUTPUT_ACCEPT 25 6976
TRACE 25 OUTPUT_ACCEPT 26 11032
TRACE 25 OUTPUT_ACCEPT 27 15088
TRACE 25 OUTPUT_ACCEPT 28 34248
TRACE 25 OUTPUT_ACCEPT 29 47520
TRACE 25 OUTPUT_ACCEPT 30 44664
TRACE 25 OUTPUT_ACCEPT 31 35152
TRACE 25 OUTPUT_ACCEPT 32 5416
TRACE 25 OUTPUT_ACCEPT 33 -22016
TRACE 25 OUTPUT_ACCEPT 34 -36392
TRACE 25 OUTPUT_ACCEPT 35 -32336
TRACE 25 OUTPUT_ACCEPT 36 -28280
TRACE 25 OUTPUT_ACCEPT 37 -24224
TRACE 25 OUTPUT_ACCEPT 38 -20168
TRACE 25 OUTPUT_ACCEPT 39 -16112
TRACE 25 OUTPUT_ACCEPT 40 -12056
TRACE 25 OUTPUT_ACCEPT 41 -8000
TRACE 25 OUTPUT_ACCEPT 42 -3944
TRACE 25 OUTPUT_ACCEPT 43 112
TRACE 25 OUTPUT_ACCEPT 44 4168
TRACE 25 OUTPUT_ACCEPT 45 8224
TRACE 25 OUTPUT_ACCEPT 46 12280
TRACE 25 OUTPUT_ACCEPT 47 24784
TRACE 25 OUTPUT_ACCEPT 48 40360
TRACE 25 OUTPUT_ACCEPT 49 48256
TRACE 25 OUTPUT_ACCEPT 50 45912
TRACE 25 OUTPUT_ACCEPT 51 26928
TRACE 25 OUTPUT_ACCEPT 52 -8184
TRACE 25 OUTPUT_ACCEPT 53 -39200
TRACE 25 OUTPUT_ACCEPT 54 -35144
TRACE 25 OUTPUT_ACCEPT 55 -31088
TRACE 25 OUTPUT_ACCEPT 56 -27032
TRACE 25 OUTPUT_ACCEPT 57 -22976
TRACE 25 OUTPUT_ACCEPT 58 -18920
TRACE 25 OUTPUT_ACCEPT 59 -14864
TRACE 25 OUTPUT_ACCEPT 60 -10808
TRACE 25 OUTPUT_ACCEPT 61 -6752
TRACE 25 OUTPUT_ACCEPT 62 -2696
TRACE 25 OUTPUT_ACCEPT 63 1360
TRACE 26 LINE_ACCEPT 21 1
TRACE 28 LINE_ACCEPT 22 2
TRACE 28 WBUF_RESPONSE 4 0
TRACE 29 LINE_ACCEPT 23 3
TRACE 29 DOT4_INPUT 4 0
TRACE 30 LINE_ACCEPT 24 0
TRACE 30 WBUF_READ_ISSUE 5 0
TRACE 31 LINE_ACCEPT 25 1
TRACE 33 LINE_ACCEPT 26 2
TRACE 33 WBUF_RESPONSE 5 0
TRACE 34 LINE_ACCEPT 27 3
TRACE 34 DOT4_INPUT 5 0
TRACE 35 LINE_ACCEPT 28 0
TRACE 35 WBUF_READ_ISSUE 6 0
TRACE 36 LINE_ACCEPT 29 1
TRACE 38 LINE_ACCEPT 30 2
TRACE 38 WBUF_RESPONSE 6 0
TRACE 39 LINE_ACCEPT 31 3
TRACE 39 DOT4_INPUT 6 0
TRACE 40 LINE_ACCEPT 32 0
TRACE 40 WBUF_READ_ISSUE 7 0
TRACE 41 LINE_ACCEPT 33 1
TRACE 43 LINE_ACCEPT 34 2
TRACE 43 WBUF_RESPONSE 7 0
TRACE 44 LINE_ACCEPT 35 3
TRACE 44 DOT4_INPUT 7 0
TRACE 45 LINE_ACCEPT 36 0
TRACE 45 WBUF_READ_ISSUE 8 0
TRACE 46 LINE_ACCEPT 37 1
TRACE 46 OUTPUT_ACCEPT 64 5416
TRACE 46 OUTPUT_ACCEPT 65 9472
TRACE 46 OUTPUT_ACCEPT 66 13528
TRACE 46 OUTPUT_ACCEPT 67 26032
TRACE 46 OUTPUT_ACCEPT 68 44680
TRACE 46 OUTPUT_ACCEPT 69 47200
TRACE 48 LINE_ACCEPT 38 2
TRACE 48 WBUF_RESPONSE 8 0
TRACE 49 LINE_ACCEPT 39 3
TRACE 49 DOT4_INPUT 8 0
TRACE 50 LINE_ACCEPT 40 0
TRACE 50 WBUF_READ_ISSUE 9 0
TRACE 51 LINE_ACCEPT 41 1
TRACE 53 LINE_ACCEPT 42 2
TRACE 53 WBUF_RESPONSE 9 0
TRACE 54 LINE_ACCEPT 43 3
TRACE 54 DOT4_INPUT 9 0
TRACE 55 LINE_ACCEPT 44 0
TRACE 55 WBUF_READ_ISSUE 10 0
TRACE 56 LINE_ACCEPT 45 1
TRACE 58 LINE_ACCEPT 46 2
TRACE 58 WBUF_RESPONSE 10 0
TRACE 59 LINE_ACCEPT 47 3
TRACE 59 DOT4_INPUT 10 0
TRACE 60 LINE_ACCEPT 48 0
TRACE 60 WBUF_READ_ISSUE 11 0
TRACE 61 LINE_ACCEPT 49 1
TRACE 63 LINE_ACCEPT 50 2
TRACE 63 WBUF_RESPONSE 11 0
TRACE 64 LINE_ACCEPT 51 3
TRACE 64 DOT4_INPUT 11 0
TRACE 65 LINE_ACCEPT 52 0
TRACE 65 WBUF_READ_ISSUE 12 0
TRACE 65 OUTPUT_ACCEPT 0 -16864
TRACE 65 OUTPUT_ACCEPT 1 -9272
TRACE 65 OUTPUT_ACCEPT 2 -1680
TRACE 65 OUTPUT_ACCEPT 3 5912
TRACE 65 OUTPUT_ACCEPT 4 13504
TRACE 65 OUTPUT_ACCEPT 5 21096
TRACE 65 OUTPUT_ACCEPT 6 28688
TRACE 65 OUTPUT_ACCEPT 7 36280
TRACE 65 OUTPUT_ACCEPT 8 50272
TRACE 65 OUTPUT_ACCEPT 9 57096
TRACE 65 OUTPUT_ACCEPT 10 50096
TRACE 65 OUTPUT_ACCEPT 11 39000
TRACE 65 OUTPUT_ACCEPT 12 5120
TRACE 65 OUTPUT_ACCEPT 13 -44888
TRACE 65 OUTPUT_ACCEPT 14 -60080
TRACE 65 OUTPUT_ACCEPT 15 -52488
TRACE 65 OUTPUT_ACCEPT 16 -44896
TRACE 65 OUTPUT_ACCEPT 17 -37304
TRACE 65 OUTPUT_ACCEPT 18 -29712
TRACE 65 OUTPUT_ACCEPT 19 -22120
TRACE 65 OUTPUT_ACCEPT 20 -14528
TRACE 65 OUTPUT_ACCEPT 21 -6936
TRACE 65 OUTPUT_ACCEPT 22 656
TRACE 65 OUTPUT_ACCEPT 23 8248
TRACE 65 OUTPUT_ACCEPT 24 15840
TRACE 65 OUTPUT_ACCEPT 25 23432
TRACE 65 OUTPUT_ACCEPT 26 31024
TRACE 65 OUTPUT_ACCEPT 27 38616
TRACE 65 OUTPUT_ACCEPT 28 52608
TRACE 65 OUTPUT_ACCEPT 29 56360
TRACE 65 OUTPUT_ACCEPT 30 43984
TRACE 65 OUTPUT_ACCEPT 31 29304
TRACE 65 OUTPUT_ACCEPT 32 -9952
TRACE 65 OUTPUT_ACCEPT 33 -42552
TRACE 65 OUTPUT_ACCEPT 34 -57744
TRACE 65 OUTPUT_ACCEPT 35 -50152
TRACE 65 OUTPUT_ACCEPT 36 -42560
TRACE 65 OUTPUT_ACCEPT 37 -34968
TRACE 65 OUTPUT_ACCEPT 38 -27376
TRACE 65 OUTPUT_ACCEPT 39 -19784
TRACE 65 OUTPUT_ACCEPT 40 -12192
TRACE 65 OUTPUT_ACCEPT 41 -4600
TRACE 65 OUTPUT_ACCEPT 42 2992
TRACE 65 OUTPUT_ACCEPT 43 10584
TRACE 65 OUTPUT_ACCEPT 44 18176
TRACE 65 OUTPUT_ACCEPT 45 25768
TRACE 65 OUTPUT_ACCEPT 46 33360
TRACE 65 OUTPUT_ACCEPT 47 45048
TRACE 65 OUTPUT_ACCEPT 48 55456
TRACE 65 OUTPUT_ACCEPT 49 53832
TRACE 65 OUTPUT_ACCEPT 50 46320
TRACE 65 OUTPUT_ACCEPT 51 17816
TRACE 65 OUTPUT_ACCEPT 52 -26816
TRACE 65 OUTPUT_ACCEPT 53 -63000
TRACE 65 OUTPUT_ACCEPT 54 -55408
TRACE 65 OUTPUT_ACCEPT 55 -47816
TRACE 65 OUTPUT_ACCEPT 56 -40224
TRACE 65 OUTPUT_ACCEPT 57 -32632
TRACE 65 OUTPUT_ACCEPT 58 -25040
TRACE 65 OUTPUT_ACCEPT 59 -17448
TRACE 65 OUTPUT_ACCEPT 60 -9856
TRACE 65 OUTPUT_ACCEPT 61 -2264
TRACE 65 OUTPUT_ACCEPT 62 5328
TRACE 65 OUTPUT_ACCEPT 63 12920
TRACE 66 LINE_ACCEPT 53 1
TRACE 68 LINE_ACCEPT 54 2
TRACE 68 WBUF_RESPONSE 12 0
TRACE 69 LINE_ACCEPT 55 3
TRACE 69 DOT4_INPUT 12 0
TRACE 70 LINE_ACCEPT 56 0
TRACE 70 WBUF_READ_ISSUE 13 0
TRACE 71 LINE_ACCEPT 57 1
TRACE 73 LINE_ACCEPT 58 2
TRACE 73 WBUF_RESPONSE 13 0
TRACE 74 LINE_ACCEPT 59 3
TRACE 74 DOT4_INPUT 13 0
TRACE 75 LINE_ACCEPT 60 0
TRACE 75 WBUF_READ_ISSUE 14 0
TRACE 76 LINE_ACCEPT 61 1
TRACE 78 LINE_ACCEPT 62 2
TRACE 78 WBUF_RESPONSE 14 0
TRACE 79 LINE_ACCEPT 63 3
TRACE 79 DOT4_INPUT 14 0
TRACE 80 WBUF_READ_ISSUE 15 0
TRACE 83 WBUF_RESPONSE 15 0
TRACE 84 DOT4_INPUT 15 0
TRACE 85 OUTPUT_ACCEPT 64 20512
TRACE 85 OUTPUT_ACCEPT 65 28104
TRACE 85 OUTPUT_ACCEPT 66 35696
TRACE 85 OUTPUT_ACCEPT 67 47384
TRACE 85 OUTPUT_ACCEPT 68 56512
TRACE 85 OUTPUT_ACCEPT 69 49512
SUMMARY 86 64 256 16 16 16 16 4 140 15 0 1 1 0 1
architecture_simulator/rtl/vertical_slice/tb_gtsu_dense64_abuf_wbuf_fabric.sv:193: $finish called at 886 (1s)
