TRACE 34 DRAM_COMPLETE_ACCEPT 0 22
TRACE 35 DMA_WORD_ACCEPT 0 0
TRACE 35 PAYLOAD_ACCEPT 0 0
TRACE 36 DMA_WORD_ACCEPT 1 1
TRACE 36 PAYLOAD_ACCEPT 0 1
TRACE 37 DMA_WORD_ACCEPT 2 2
TRACE 37 PAYLOAD_ACCEPT 1 0
TRACE 37 SRAM_READ_ISSUE 0 0
TRACE 38 DMA_WORD_ACCEPT 3 3
TRACE 38 PAYLOAD_ACCEPT 1 1
TRACE 38 SRAM_READ_ISSUE 0 1
TRACE 39 DRAM_COMPLETE_ACCEPT 1 27
TRACE 39 SRAM_READ_ISSUE 1 0
TRACE 40 DMA_WORD_ACCEPT 4 0
TRACE 40 PAYLOAD_ACCEPT 2 0
TRACE 40 SRAM_READ_ISSUE 1 1
TRACE 40 SRAM_RESPONSE 0 0
TRACE 41 DMA_WORD_ACCEPT 5 1
TRACE 41 PAYLOAD_ACCEPT 2 1
TRACE 41 SRAM_RESPONSE 0 1
TRACE 41 DOT4_INPUT 0 0
TRACE 42 DMA_WORD_ACCEPT 6 2
TRACE 42 PAYLOAD_ACCEPT 3 0
TRACE 42 SRAM_READ_ISSUE 2 0
TRACE 42 SRAM_RESPONSE 1 2
TRACE 42 DOT4_INPUT 0 0
TRACE 43 DMA_WORD_ACCEPT 7 3
TRACE 43 PAYLOAD_ACCEPT 3 1
TRACE 43 SRAM_READ_ISSUE 2 1
TRACE 43 SRAM_RESPONSE 1 3
TRACE 43 DOT4_INPUT 1 0
TRACE 44 DRAM_COMPLETE_ACCEPT 2 2c
TRACE 44 SRAM_READ_ISSUE 3 0
TRACE 44 DOT4_INPUT 1 0
TRACE 45 DMA_WORD_ACCEPT 8 0
TRACE 45 PAYLOAD_ACCEPT 4 0
TRACE 45 SRAM_READ_ISSUE 3 1
TRACE 45 SRAM_RESPONSE 2 4
TRACE 46 DMA_WORD_ACCEPT 9 1
TRACE 46 PAYLOAD_ACCEPT 4 1
TRACE 46 SRAM_RESPONSE 2 5
TRACE 46 DOT4_INPUT 2 0
TRACE 46 OUTPUT_ACCEPT 1 7818181
TRACE 47 DMA_WORD_ACCEPT 10 2
TRACE 47 PAYLOAD_ACCEPT 5 0
TRACE 47 SRAM_READ_ISSUE 4 0
TRACE 47 SRAM_RESPONSE 3 6
TRACE 47 DOT4_INPUT 2 0
TRACE 48 DMA_WORD_ACCEPT 11 3
TRACE 48 PAYLOAD_ACCEPT 5 1
TRACE 48 SRAM_READ_ISSUE 4 1
TRACE 48 SRAM_RESPONSE 3 7
TRACE 48 DOT4_INPUT 3 0
TRACE 49 DRAM_COMPLETE_ACCEPT 3 31
TRACE 49 SRAM_READ_ISSUE 5 0
TRACE 49 DOT4_INPUT 3 0
TRACE 50 DMA_WORD_ACCEPT 12 0
TRACE 50 PAYLOAD_ACCEPT 6 0
TRACE 50 SRAM_READ_ISSUE 5 1
TRACE 50 SRAM_RESPONSE 4 8
TRACE 51 DMA_WORD_ACCEPT 13 1
TRACE 51 PAYLOAD_ACCEPT 6 1
TRACE 51 SRAM_RESPONSE 4 9
TRACE 51 DOT4_INPUT 4 0
TRACE 51 OUTPUT_ACCEPT 3 30034b6
TRACE 52 DMA_WORD_ACCEPT 14 2
TRACE 52 PAYLOAD_ACCEPT 7 0
TRACE 52 SRAM_READ_ISSUE 6 0
TRACE 52 SRAM_RESPONSE 5 a
TRACE 52 DOT4_INPUT 4 0
TRACE 53 DMA_WORD_ACCEPT 15 3
TRACE 53 PAYLOAD_ACCEPT 7 1
TRACE 53 SRAM_READ_ISSUE 6 1
TRACE 53 SRAM_RESPONSE 5 b
TRACE 53 DOT4_INPUT 5 0
TRACE 54 SRAM_READ_ISSUE 7 0
TRACE 54 DOT4_INPUT 5 0
TRACE 55 SRAM_READ_ISSUE 7 1
TRACE 55 SRAM_RESPONSE 6 c
TRACE 56 SRAM_RESPONSE 6 d
TRACE 56 DOT4_INPUT 6 0
TRACE 56 OUTPUT_ACCEPT 5 7cc8181
TRACE 57 SRAM_RESPONSE 7 e
TRACE 57 DOT4_INPUT 6 0
TRACE 58 SRAM_RESPONSE 7 f
TRACE 58 DOT4_INPUT 7 0
TRACE 59 DOT4_INPUT 7 0
TRACE 61 OUTPUT_ACCEPT 7 3007f7f
SUMMARY 62 4 16 0 1 16 16 16 16 4 11 0 0 1
architecture_simulator/rtl/vertical_slice/tb_gtsu_dense_dramsim_dma_pipeline.sv:132: $finish called at 646 (1s)
