TRACE 0 LOAD_ACCEPT 0 0 0 0 0 0 0 0
TRACE 1 READ_ISSUE 0 0 0 0 0 ffffffffffffffff 1 0
TRACE 2 LOAD_ACCEPT 1 0 0 0 0 0 0 0
TRACE 3 READ_ISSUE 0 0 0 0 1 ffffffffffffffff 0 0
TRACE 4 READ_ISSUE 0 0 0 0 2 ffffffffffffffff 0 0
TRACE 5 READ_ISSUE 0 0 0 0 3 ffffffffffffffff 0 0
TRACE 6 READ_ISSUE 0 0 0 0 4 ffffffffffffffff 0 0
TRACE 8 READ_ISSUE 0 0 0 0 5 ffffffffffffffff 0 0
TRACE 9 READ_ISSUE 0 0 0 0 6 ffffffffffffffff 0 0
TRACE 10 READ_ISSUE 0 0 0 0 7 ffffffffffffffff 0 0
TRACE 11 READ_ISSUE 0 0 0 0 8 ffffffffffffffff 0 0
TRACE 13 READ_ISSUE 0 0 0 0 9 ffffffffffffffff 0 0
TRACE 14 READ_ISSUE 0 0 0 0 10 ffffffffffffffff 0 0
TRACE 15 READ_ISSUE 0 0 0 0 11 ffffffffffffffff 0 0
TRACE 16 READ_ISSUE 0 0 0 0 12 ffffffffffffffff 0 0
TRACE 18 READ_ISSUE 0 0 0 0 13 ffffffffffffffff 0 0
TRACE 19 READ_ISSUE 0 0 0 0 14 ffffffffffffffff 0 0
TRACE 20 READ_ISSUE 0 0 0 0 15 ffffffffffffffff 0 0
TRACE 20 BLOCK_RELEASE 0 0 0 0 15 ffffffffffffffff 0 0
TRACE 21 READ_ISSUE 1 0 0 1 0 ffffffffffffffff 0 0
TRACE 22 LOAD_ACCEPT 2 0 0 0 0 0 0 0
TRACE 23 READ_ISSUE 1 0 0 1 1 ffffffffffffffff 0 0
TRACE 24 READ_ISSUE 1 0 0 1 2 ffffffffffffffff 0 0
TRACE 25 READ_ISSUE 1 0 0 1 3 ffffffffffffffff 0 0
TRACE 26 READ_ISSUE 1 0 0 1 4 ffffffffffffffff 0 0
TRACE 28 READ_ISSUE 1 0 0 1 5 ffffffffffffffff 0 0
TRACE 29 READ_ISSUE 1 0 0 1 6 ffffffffffffffff 0 0
TRACE 30 READ_ISSUE 1 0 0 1 7 ffffffffffffffff 0 0
TRACE 31 READ_ISSUE 1 0 0 1 8 ffffffffffffffff 0 0
TRACE 33 READ_ISSUE 1 0 0 1 9 ffffffffffffffff 0 0
TRACE 34 READ_ISSUE 1 0 0 1 10 ffffffffffffffff 0 0
TRACE 35 READ_ISSUE 1 0 0 1 11 ffffffffffffffff 0 0
TRACE 36 READ_ISSUE 1 0 0 1 12 ffffffffffffffff 0 0
TRACE 38 READ_ISSUE 1 0 0 1 13 ffffffffffffffff 0 0
TRACE 39 READ_ISSUE 1 0 0 1 14 ffffffffffffffff 0 0
TRACE 40 READ_ISSUE 1 0 0 1 15 ffffffffffffffff 0 0
TRACE 40 BLOCK_RELEASE 1 0 0 1 15 ffffffffffffffff 0 0
TRACE 41 READ_ISSUE 2 0 0 2 0 ffffffffffffffff 0 0
TRACE 42 LOAD_ACCEPT 3 0 0 0 0 0 0 0
TRACE 43 READ_ISSUE 2 0 0 2 1 ffffffffffffffff 0 0
TRACE 44 READ_ISSUE 2 0 0 2 2 ffffffffffffffff 0 0
TRACE 45 READ_ISSUE 2 0 0 2 3 ffffffffffffffff 0 0
TRACE 46 READ_ISSUE 2 0 0 2 4 ffffffffffffffff 0 0
TRACE 48 READ_ISSUE 2 0 0 2 5 ffffffffffffffff 0 0
TRACE 49 READ_ISSUE 2 0 0 2 6 ffffffffffffffff 0 0
TRACE 50 READ_ISSUE 2 0 0 2 7 ffffffffffffffff 0 0
TRACE 51 READ_ISSUE 2 0 0 2 8 ffffffffffffffff 0 0
TRACE 53 READ_ISSUE 2 0 0 2 9 ffffffffffffffff 0 0
TRACE 54 READ_ISSUE 2 0 0 2 10 ffffffffffffffff 0 0
TRACE 55 READ_ISSUE 2 0 0 2 11 ffffffffffffffff 0 0
TRACE 56 READ_ISSUE 2 0 0 2 12 ffffffffffffffff 0 0
TRACE 58 READ_ISSUE 2 0 0 2 13 ffffffffffffffff 0 0
TRACE 59 READ_ISSUE 2 0 0 2 14 ffffffffffffffff 0 0
TRACE 60 READ_ISSUE 2 0 0 2 15 ffffffffffffffff 0 0
TRACE 60 BLOCK_RELEASE 2 0 0 2 15 ffffffffffffffff 0 0
TRACE 61 READ_ISSUE 3 0 0 3 0 ffffffffffffffff 0 0
TRACE 62 LOAD_ACCEPT 4 0 0 0 0 0 0 0
TRACE 63 READ_ISSUE 3 0 0 3 1 ffffffffffffffff 0 0
TRACE 64 READ_ISSUE 3 0 0 3 2 ffffffffffffffff 0 0
TRACE 65 READ_ISSUE 3 0 0 3 3 ffffffffffffffff 0 0
TRACE 66 READ_ISSUE 3 0 0 3 4 ffffffffffffffff 0 0
TRACE 68 READ_ISSUE 3 0 0 3 5 ffffffffffffffff 0 0
TRACE 69 READ_ISSUE 3 0 0 3 6 ffffffffffffffff 0 0
TRACE 70 READ_ISSUE 3 0 0 3 7 ffffffffffffffff 0 0
TRACE 71 READ_ISSUE 3 0 0 3 8 ffffffffffffffff 0 0
TRACE 73 READ_ISSUE 3 0 0 3 9 ffffffffffffffff 0 0
TRACE 74 READ_ISSUE 3 0 0 3 10 ffffffffffffffff 0 0
TRACE 75 READ_ISSUE 3 0 0 3 11 ffffffffffffffff 0 0
TRACE 76 READ_ISSUE 3 0 0 3 12 ffffffffffffffff 0 0
TRACE 78 READ_ISSUE 3 0 0 3 13 ffffffffffffffff 0 0
TRACE 79 READ_ISSUE 3 0 0 3 14 ffffffffffffffff 0 0
TRACE 80 READ_ISSUE 3 0 0 3 15 ffffffffffffffff 0 0
TRACE 80 BLOCK_RELEASE 3 0 0 3 15 ffffffffffffffff 0 0
TRACE 81 READ_ISSUE 4 0 0 4 0 ffffffffffffffff 0 0
TRACE 82 LOAD_ACCEPT 5 0 0 0 0 0 0 0
TRACE 83 READ_ISSUE 4 0 0 4 1 ffffffffffffffff 0 0
TRACE 84 READ_ISSUE 4 0 0 4 2 ffffffffffffffff 0 0
TRACE 85 READ_ISSUE 4 0 0 4 3 ffffffffffffffff 0 0
TRACE 86 READ_ISSUE 4 0 0 4 4 ffffffffffffffff 0 0
TRACE 88 READ_ISSUE 4 0 0 4 5 ffffffffffffffff 0 0
TRACE 89 READ_ISSUE 4 0 0 4 6 ffffffffffffffff 0 0
TRACE 90 READ_ISSUE 4 0 0 4 7 ffffffffffffffff 0 0
TRACE 91 READ_ISSUE 4 0 0 4 8 ffffffffffffffff 0 0
TRACE 93 READ_ISSUE 4 0 0 4 9 ffffffffffffffff 0 0
TRACE 94 READ_ISSUE 4 0 0 4 10 ffffffffffffffff 0 0
TRACE 95 READ_ISSUE 4 0 0 4 11 ffffffffffffffff 0 0
TRACE 96 READ_ISSUE 4 0 0 4 12 ffffffffffffffff 0 0
TRACE 98 READ_ISSUE 4 0 0 4 13 ffffffffffffffff 0 0
TRACE 99 READ_ISSUE 4 0 0 4 14 ffffffffffffffff 0 0
TRACE 100 READ_ISSUE 4 0 0 4 15 ffffffffffffffff 0 0
TRACE 100 BLOCK_RELEASE 4 0 0 4 15 ffffffffffffffff 0 0
TRACE 101 READ_ISSUE 5 0 0 5 0 ffffffffffffffff 0 0
TRACE 102 LOAD_ACCEPT 6 0 0 0 0 0 0 0
TRACE 103 READ_ISSUE 5 0 0 5 1 ffffffffffffffff 0 0
TRACE 104 READ_ISSUE 5 0 0 5 2 ffffffffffffffff 0 0
TRACE 105 READ_ISSUE 5 0 0 5 3 ffffffffffffffff 0 0
TRACE 106 READ_ISSUE 5 0 0 5 4 ffffffffffffffff 0 0
TRACE 108 READ_ISSUE 5 0 0 5 5 ffffffffffffffff 0 0
TRACE 109 READ_ISSUE 5 0 0 5 6 ffffffffffffffff 0 0
TRACE 110 READ_ISSUE 5 0 0 5 7 ffffffffffffffff 0 0
TRACE 111 READ_ISSUE 5 0 0 5 8 ffffffffffffffff 0 0
TRACE 113 READ_ISSUE 5 0 0 5 9 ffffffffffffffff 0 0
TRACE 114 READ_ISSUE 5 0 0 5 10 ffffffffffffffff 0 0
TRACE 115 READ_ISSUE 5 0 0 5 11 ffffffffffffffff 0 0
TRACE 116 READ_ISSUE 5 0 0 5 12 ffffffffffffffff 0 0
TRACE 118 READ_ISSUE 5 0 0 5 13 ffffffffffffffff 0 0
TRACE 119 READ_ISSUE 5 0 0 5 14 ffffffffffffffff 0 0
TRACE 120 READ_ISSUE 5 0 0 5 15 ffffffffffffffff 0 1
TRACE 120 BLOCK_RELEASE 5 0 0 5 15 ffffffffffffffff 0 1
TRACE 121 READ_ISSUE 6 0 1 0 0 3f 1 0
TRACE 122 LOAD_ACCEPT 7 0 0 0 0 0 0 0
TRACE 123 READ_ISSUE 6 0 1 0 1 3f 0 0
TRACE 124 READ_ISSUE 6 0 1 0 2 3f 0 0
TRACE 125 READ_ISSUE 6 0 1 0 3 3f 0 0
TRACE 126 READ_ISSUE 6 0 1 0 4 3f 0 0
TRACE 128 READ_ISSUE 6 0 1 0 5 3f 0 0
TRACE 129 READ_ISSUE 6 0 1 0 6 3f 0 0
TRACE 130 READ_ISSUE 6 0 1 0 7 3f 0 0
TRACE 131 READ_ISSUE 6 0 1 0 8 3f 0 0
TRACE 133 READ_ISSUE 6 0 1 0 9 3f 0 0
TRACE 134 READ_ISSUE 6 0 1 0 10 3f 0 0
TRACE 135 READ_ISSUE 6 0 1 0 11 3f 0 0
TRACE 136 READ_ISSUE 6 0 1 0 12 3f 0 0
TRACE 138 READ_ISSUE 6 0 1 0 13 3f 0 0
TRACE 139 READ_ISSUE 6 0 1 0 14 3f 0 0
TRACE 140 READ_ISSUE 6 0 1 0 15 3f 0 0
TRACE 140 BLOCK_RELEASE 6 0 1 0 15 3f 0 0
TRACE 141 READ_ISSUE 7 0 1 1 0 3f 0 0
TRACE 142 LOAD_ACCEPT 8 0 0 0 0 0 0 0
TRACE 143 READ_ISSUE 7 0 1 1 1 3f 0 0
TRACE 144 READ_ISSUE 7 0 1 1 2 3f 0 0
TRACE 145 READ_ISSUE 7 0 1 1 3 3f 0 0
TRACE 146 READ_ISSUE 7 0 1 1 4 3f 0 0
TRACE 148 READ_ISSUE 7 0 1 1 5 3f 0 0
TRACE 149 READ_ISSUE 7 0 1 1 6 3f 0 0
TRACE 150 READ_ISSUE 7 0 1 1 7 3f 0 0
TRACE 151 READ_ISSUE 7 0 1 1 8 3f 0 0
TRACE 153 READ_ISSUE 7 0 1 1 9 3f 0 0
TRACE 154 READ_ISSUE 7 0 1 1 10 3f 0 0
TRACE 155 READ_ISSUE 7 0 1 1 11 3f 0 0
TRACE 156 READ_ISSUE 7 0 1 1 12 3f 0 0
TRACE 158 READ_ISSUE 7 0 1 1 13 3f 0 0
TRACE 159 READ_ISSUE 7 0 1 1 14 3f 0 0
TRACE 160 READ_ISSUE 7 0 1 1 15 3f 0 0
TRACE 160 BLOCK_RELEASE 7 0 1 1 15 3f 0 0
TRACE 161 READ_ISSUE 8 0 1 2 0 3f 0 0
TRACE 162 LOAD_ACCEPT 9 0 0 0 0 0 0 0
TRACE 163 READ_ISSUE 8 0 1 2 1 3f 0 0
TRACE 164 READ_ISSUE 8 0 1 2 2 3f 0 0
TRACE 165 READ_ISSUE 8 0 1 2 3 3f 0 0
TRACE 166 READ_ISSUE 8 0 1 2 4 3f 0 0
TRACE 168 READ_ISSUE 8 0 1 2 5 3f 0 0
TRACE 169 READ_ISSUE 8 0 1 2 6 3f 0 0
TRACE 170 READ_ISSUE 8 0 1 2 7 3f 0 0
TRACE 171 READ_ISSUE 8 0 1 2 8 3f 0 0
TRACE 173 READ_ISSUE 8 0 1 2 9 3f 0 0
TRACE 174 READ_ISSUE 8 0 1 2 10 3f 0 0
TRACE 175 READ_ISSUE 8 0 1 2 11 3f 0 0
TRACE 176 READ_ISSUE 8 0 1 2 12 3f 0 0
TRACE 178 READ_ISSUE 8 0 1 2 13 3f 0 0
TRACE 179 READ_ISSUE 8 0 1 2 14 3f 0 0
TRACE 180 READ_ISSUE 8 0 1 2 15 3f 0 0
TRACE 180 BLOCK_RELEASE 8 0 1 2 15 3f 0 0
TRACE 181 READ_ISSUE 9 0 1 3 0 3f 0 0
TRACE 182 LOAD_ACCEPT 10 0 0 0 0 0 0 0
TRACE 183 READ_ISSUE 9 0 1 3 1 3f 0 0
TRACE 184 READ_ISSUE 9 0 1 3 2 3f 0 0
TRACE 185 READ_ISSUE 9 0 1 3 3 3f 0 0
TRACE 186 READ_ISSUE 9 0 1 3 4 3f 0 0
TRACE 188 READ_ISSUE 9 0 1 3 5 3f 0 0
TRACE 189 READ_ISSUE 9 0 1 3 6 3f 0 0
TRACE 190 READ_ISSUE 9 0 1 3 7 3f 0 0
TRACE 191 READ_ISSUE 9 0 1 3 8 3f 0 0
TRACE 193 READ_ISSUE 9 0 1 3 9 3f 0 0
TRACE 194 READ_ISSUE 9 0 1 3 10 3f 0 0
TRACE 195 READ_ISSUE 9 0 1 3 11 3f 0 0
TRACE 196 READ_ISSUE 9 0 1 3 12 3f 0 0
TRACE 198 READ_ISSUE 9 0 1 3 13 3f 0 0
TRACE 199 READ_ISSUE 9 0 1 3 14 3f 0 0
TRACE 200 READ_ISSUE 9 0 1 3 15 3f 0 0
TRACE 200 BLOCK_RELEASE 9 0 1 3 15 3f 0 0
TRACE 201 READ_ISSUE 10 0 1 4 0 3f 0 0
TRACE 202 LOAD_ACCEPT 11 0 0 0 0 0 0 0
TRACE 203 READ_ISSUE 10 0 1 4 1 3f 0 0
TRACE 204 READ_ISSUE 10 0 1 4 2 3f 0 0
TRACE 205 READ_ISSUE 10 0 1 4 3 3f 0 0
TRACE 206 READ_ISSUE 10 0 1 4 4 3f 0 0
TRACE 208 READ_ISSUE 10 0 1 4 5 3f 0 0
TRACE 209 READ_ISSUE 10 0 1 4 6 3f 0 0
TRACE 210 READ_ISSUE 10 0 1 4 7 3f 0 0
TRACE 211 READ_ISSUE 10 0 1 4 8 3f 0 0
TRACE 213 READ_ISSUE 10 0 1 4 9 3f 0 0
TRACE 214 READ_ISSUE 10 0 1 4 10 3f 0 0
TRACE 215 READ_ISSUE 10 0 1 4 11 3f 0 0
TRACE 216 READ_ISSUE 10 0 1 4 12 3f 0 0
TRACE 218 READ_ISSUE 10 0 1 4 13 3f 0 0
TRACE 219 READ_ISSUE 10 0 1 4 14 3f 0 0
TRACE 220 READ_ISSUE 10 0 1 4 15 3f 0 0
TRACE 220 BLOCK_RELEASE 10 0 1 4 15 3f 0 0
TRACE 221 READ_ISSUE 11 0 1 5 0 3f 0 0
TRACE 222 LOAD_ACCEPT 12 0 0 0 0 0 0 0
TRACE 223 READ_ISSUE 11 0 1 5 1 3f 0 0
TRACE 224 READ_ISSUE 11 0 1 5 2 3f 0 0
TRACE 225 READ_ISSUE 11 0 1 5 3 3f 0 0
TRACE 226 READ_ISSUE 11 0 1 5 4 3f 0 0
TRACE 228 READ_ISSUE 11 0 1 5 5 3f 0 0
TRACE 229 READ_ISSUE 11 0 1 5 6 3f 0 0
TRACE 230 READ_ISSUE 11 0 1 5 7 3f 0 0
TRACE 231 READ_ISSUE 11 0 1 5 8 3f 0 0
TRACE 233 READ_ISSUE 11 0 1 5 9 3f 0 0
TRACE 234 READ_ISSUE 11 0 1 5 10 3f 0 0
TRACE 235 READ_ISSUE 11 0 1 5 11 3f 0 0
TRACE 236 READ_ISSUE 11 0 1 5 12 3f 0 0
TRACE 238 READ_ISSUE 11 0 1 5 13 3f 0 0
TRACE 239 READ_ISSUE 11 0 1 5 14 3f 0 0
TRACE 240 READ_ISSUE 11 0 1 5 15 3f 0 1
TRACE 240 BLOCK_RELEASE 11 0 1 5 15 3f 0 1
TRACE 241 READ_ISSUE 12 1 0 0 0 ffffffffffffffff 1 0
TRACE 242 LOAD_ACCEPT 13 0 0 0 0 0 0 0
TRACE 243 READ_ISSUE 12 1 0 0 1 ffffffffffffffff 0 0
TRACE 244 READ_ISSUE 12 1 0 0 2 ffffffffffffffff 0 0
TRACE 245 READ_ISSUE 12 1 0 0 3 ffffffffffffffff 0 0
TRACE 246 READ_ISSUE 12 1 0 0 4 ffffffffffffffff 0 0
TRACE 248 READ_ISSUE 12 1 0 0 5 ffffffffffffffff 0 0
TRACE 249 READ_ISSUE 12 1 0 0 6 ffffffffffffffff 0 0
TRACE 250 READ_ISSUE 12 1 0 0 7 ffffffffffffffff 0 0
TRACE 251 READ_ISSUE 12 1 0 0 8 ffffffffffffffff 0 0
TRACE 253 READ_ISSUE 12 1 0 0 9 ffffffffffffffff 0 0
TRACE 254 READ_ISSUE 12 1 0 0 10 ffffffffffffffff 0 0
TRACE 255 READ_ISSUE 12 1 0 0 11 ffffffffffffffff 0 0
TRACE 256 READ_ISSUE 12 1 0 0 12 ffffffffffffffff 0 0
TRACE 258 READ_ISSUE 12 1 0 0 13 ffffffffffffffff 0 0
TRACE 259 READ_ISSUE 12 1 0 0 14 ffffffffffffffff 0 0
TRACE 260 READ_ISSUE 12 1 0 0 15 ffffffffffffffff 0 0
TRACE 260 BLOCK_RELEASE 12 1 0 0 15 ffffffffffffffff 0 0
TRACE 261 READ_ISSUE 13 1 0 1 0 ffffffffffffffff 0 0
TRACE 262 LOAD_ACCEPT 14 0 0 0 0 0 0 0
TRACE 263 READ_ISSUE 13 1 0 1 1 ffffffffffffffff 0 0
TRACE 264 READ_ISSUE 13 1 0 1 2 ffffffffffffffff 0 0
TRACE 265 READ_ISSUE 13 1 0 1 3 ffffffffffffffff 0 0
TRACE 266 READ_ISSUE 13 1 0 1 4 ffffffffffffffff 0 0
TRACE 268 READ_ISSUE 13 1 0 1 5 ffffffffffffffff 0 0
TRACE 269 READ_ISSUE 13 1 0 1 6 ffffffffffffffff 0 0
TRACE 270 READ_ISSUE 13 1 0 1 7 ffffffffffffffff 0 0
TRACE 271 READ_ISSUE 13 1 0 1 8 ffffffffffffffff 0 0
TRACE 273 READ_ISSUE 13 1 0 1 9 ffffffffffffffff 0 0
TRACE 274 READ_ISSUE 13 1 0 1 10 ffffffffffffffff 0 0
TRACE 275 READ_ISSUE 13 1 0 1 11 ffffffffffffffff 0 0
TRACE 276 READ_ISSUE 13 1 0 1 12 ffffffffffffffff 0 0
TRACE 278 READ_ISSUE 13 1 0 1 13 ffffffffffffffff 0 0
TRACE 279 READ_ISSUE 13 1 0 1 14 ffffffffffffffff 0 0
TRACE 280 READ_ISSUE 13 1 0 1 15 ffffffffffffffff 0 0
TRACE 280 BLOCK_RELEASE 13 1 0 1 15 ffffffffffffffff 0 0
TRACE 281 READ_ISSUE 14 1 0 2 0 ffffffffffffffff 0 0
TRACE 282 LOAD_ACCEPT 15 0 0 0 0 0 0 0
TRACE 283 READ_ISSUE 14 1 0 2 1 ffffffffffffffff 0 0
TRACE 284 READ_ISSUE 14 1 0 2 2 ffffffffffffffff 0 0
TRACE 285 READ_ISSUE 14 1 0 2 3 ffffffffffffffff 0 0
TRACE 286 READ_ISSUE 14 1 0 2 4 ffffffffffffffff 0 0
TRACE 288 READ_ISSUE 14 1 0 2 5 ffffffffffffffff 0 0
TRACE 289 READ_ISSUE 14 1 0 2 6 ffffffffffffffff 0 0
TRACE 290 READ_ISSUE 14 1 0 2 7 ffffffffffffffff 0 0
TRACE 291 READ_ISSUE 14 1 0 2 8 ffffffffffffffff 0 0
TRACE 293 READ_ISSUE 14 1 0 2 9 ffffffffffffffff 0 0
TRACE 294 READ_ISSUE 14 1 0 2 10 ffffffffffffffff 0 0
TRACE 295 READ_ISSUE 14 1 0 2 11 ffffffffffffffff 0 0
TRACE 296 READ_ISSUE 14 1 0 2 12 ffffffffffffffff 0 0
TRACE 298 READ_ISSUE 14 1 0 2 13 ffffffffffffffff 0 0
TRACE 299 READ_ISSUE 14 1 0 2 14 ffffffffffffffff 0 0
TRACE 300 READ_ISSUE 14 1 0 2 15 ffffffffffffffff 0 0
TRACE 300 BLOCK_RELEASE 14 1 0 2 15 ffffffffffffffff 0 0
TRACE 301 READ_ISSUE 15 1 0 3 0 ffffffffffffffff 0 0
TRACE 302 LOAD_ACCEPT 16 0 0 0 0 0 0 0
TRACE 303 READ_ISSUE 15 1 0 3 1 ffffffffffffffff 0 0
TRACE 304 READ_ISSUE 15 1 0 3 2 ffffffffffffffff 0 0
TRACE 305 READ_ISSUE 15 1 0 3 3 ffffffffffffffff 0 0
TRACE 306 READ_ISSUE 15 1 0 3 4 ffffffffffffffff 0 0
TRACE 308 READ_ISSUE 15 1 0 3 5 ffffffffffffffff 0 0
TRACE 309 READ_ISSUE 15 1 0 3 6 ffffffffffffffff 0 0
TRACE 310 READ_ISSUE 15 1 0 3 7 ffffffffffffffff 0 0
TRACE 311 READ_ISSUE 15 1 0 3 8 ffffffffffffffff 0 0
TRACE 313 READ_ISSUE 15 1 0 3 9 ffffffffffffffff 0 0
TRACE 314 READ_ISSUE 15 1 0 3 10 ffffffffffffffff 0 0
TRACE 315 READ_ISSUE 15 1 0 3 11 ffffffffffffffff 0 0
TRACE 316 READ_ISSUE 15 1 0 3 12 ffffffffffffffff 0 0
TRACE 318 READ_ISSUE 15 1 0 3 13 ffffffffffffffff 0 0
TRACE 319 READ_ISSUE 15 1 0 3 14 ffffffffffffffff 0 0
TRACE 320 READ_ISSUE 15 1 0 3 15 ffffffffffffffff 0 0
TRACE 320 BLOCK_RELEASE 15 1 0 3 15 ffffffffffffffff 0 0
TRACE 321 READ_ISSUE 16 1 0 4 0 ffffffffffffffff 0 0
TRACE 322 LOAD_ACCEPT 17 0 0 0 0 0 0 0
TRACE 323 READ_ISSUE 16 1 0 4 1 ffffffffffffffff 0 0
TRACE 324 READ_ISSUE 16 1 0 4 2 ffffffffffffffff 0 0
TRACE 325 READ_ISSUE 16 1 0 4 3 ffffffffffffffff 0 0
TRACE 326 READ_ISSUE 16 1 0 4 4 ffffffffffffffff 0 0
TRACE 328 READ_ISSUE 16 1 0 4 5 ffffffffffffffff 0 0
TRACE 329 READ_ISSUE 16 1 0 4 6 ffffffffffffffff 0 0
TRACE 330 READ_ISSUE 16 1 0 4 7 ffffffffffffffff 0 0
TRACE 331 READ_ISSUE 16 1 0 4 8 ffffffffffffffff 0 0
TRACE 333 READ_ISSUE 16 1 0 4 9 ffffffffffffffff 0 0
TRACE 334 READ_ISSUE 16 1 0 4 10 ffffffffffffffff 0 0
TRACE 335 READ_ISSUE 16 1 0 4 11 ffffffffffffffff 0 0
TRACE 336 READ_ISSUE 16 1 0 4 12 ffffffffffffffff 0 0
TRACE 338 READ_ISSUE 16 1 0 4 13 ffffffffffffffff 0 0
TRACE 339 READ_ISSUE 16 1 0 4 14 ffffffffffffffff 0 0
TRACE 340 READ_ISSUE 16 1 0 4 15 ffffffffffffffff 0 0
TRACE 340 BLOCK_RELEASE 16 1 0 4 15 ffffffffffffffff 0 0
TRACE 341 READ_ISSUE 17 1 0 5 0 ffffffffffffffff 0 0
TRACE 342 LOAD_ACCEPT 18 0 0 0 0 0 0 0
TRACE 343 READ_ISSUE 17 1 0 5 1 ffffffffffffffff 0 0
TRACE 344 READ_ISSUE 17 1 0 5 2 ffffffffffffffff 0 0
TRACE 345 READ_ISSUE 17 1 0 5 3 ffffffffffffffff 0 0
TRACE 346 READ_ISSUE 17 1 0 5 4 ffffffffffffffff 0 0
TRACE 348 READ_ISSUE 17 1 0 5 5 ffffffffffffffff 0 0
TRACE 349 READ_ISSUE 17 1 0 5 6 ffffffffffffffff 0 0
TRACE 350 READ_ISSUE 17 1 0 5 7 ffffffffffffffff 0 0
TRACE 351 READ_ISSUE 17 1 0 5 8 ffffffffffffffff 0 0
TRACE 353 READ_ISSUE 17 1 0 5 9 ffffffffffffffff 0 0
TRACE 354 READ_ISSUE 17 1 0 5 10 ffffffffffffffff 0 0
TRACE 355 READ_ISSUE 17 1 0 5 11 ffffffffffffffff 0 0
TRACE 356 READ_ISSUE 17 1 0 5 12 ffffffffffffffff 0 0
TRACE 358 READ_ISSUE 17 1 0 5 13 ffffffffffffffff 0 0
TRACE 359 READ_ISSUE 17 1 0 5 14 ffffffffffffffff 0 0
TRACE 360 READ_ISSUE 17 1 0 5 15 ffffffffffffffff 0 1
TRACE 360 BLOCK_RELEASE 17 1 0 5 15 ffffffffffffffff 0 1
TRACE 361 READ_ISSUE 18 1 1 0 0 3f 1 0
TRACE 362 LOAD_ACCEPT 19 0 0 0 0 0 0 0
TRACE 363 READ_ISSUE 18 1 1 0 1 3f 0 0
TRACE 364 READ_ISSUE 18 1 1 0 2 3f 0 0
TRACE 365 READ_ISSUE 18 1 1 0 3 3f 0 0
TRACE 366 READ_ISSUE 18 1 1 0 4 3f 0 0
TRACE 368 READ_ISSUE 18 1 1 0 5 3f 0 0
TRACE 369 READ_ISSUE 18 1 1 0 6 3f 0 0
TRACE 370 READ_ISSUE 18 1 1 0 7 3f 0 0
TRACE 371 READ_ISSUE 18 1 1 0 8 3f 0 0
TRACE 373 READ_ISSUE 18 1 1 0 9 3f 0 0
TRACE 374 READ_ISSUE 18 1 1 0 10 3f 0 0
TRACE 375 READ_ISSUE 18 1 1 0 11 3f 0 0
TRACE 376 READ_ISSUE 18 1 1 0 12 3f 0 0
TRACE 378 READ_ISSUE 18 1 1 0 13 3f 0 0
TRACE 379 READ_ISSUE 18 1 1 0 14 3f 0 0
TRACE 380 READ_ISSUE 18 1 1 0 15 3f 0 0
TRACE 380 BLOCK_RELEASE 18 1 1 0 15 3f 0 0
TRACE 381 READ_ISSUE 19 1 1 1 0 3f 0 0
TRACE 382 LOAD_ACCEPT 20 0 0 0 0 0 0 0
TRACE 383 READ_ISSUE 19 1 1 1 1 3f 0 0
TRACE 384 READ_ISSUE 19 1 1 1 2 3f 0 0
TRACE 385 READ_ISSUE 19 1 1 1 3 3f 0 0
TRACE 386 READ_ISSUE 19 1 1 1 4 3f 0 0
TRACE 388 READ_ISSUE 19 1 1 1 5 3f 0 0
TRACE 389 READ_ISSUE 19 1 1 1 6 3f 0 0
TRACE 390 READ_ISSUE 19 1 1 1 7 3f 0 0
TRACE 391 READ_ISSUE 19 1 1 1 8 3f 0 0
TRACE 393 READ_ISSUE 19 1 1 1 9 3f 0 0
TRACE 394 READ_ISSUE 19 1 1 1 10 3f 0 0
TRACE 395 READ_ISSUE 19 1 1 1 11 3f 0 0
TRACE 396 READ_ISSUE 19 1 1 1 12 3f 0 0
TRACE 398 READ_ISSUE 19 1 1 1 13 3f 0 0
TRACE 399 READ_ISSUE 19 1 1 1 14 3f 0 0
TRACE 400 READ_ISSUE 19 1 1 1 15 3f 0 0
TRACE 400 BLOCK_RELEASE 19 1 1 1 15 3f 0 0
TRACE 401 READ_ISSUE 20 1 1 2 0 3f 0 0
TRACE 402 LOAD_ACCEPT 21 0 0 0 0 0 0 0
TRACE 403 READ_ISSUE 20 1 1 2 1 3f 0 0
TRACE 404 READ_ISSUE 20 1 1 2 2 3f 0 0
TRACE 405 READ_ISSUE 20 1 1 2 3 3f 0 0
TRACE 406 READ_ISSUE 20 1 1 2 4 3f 0 0
TRACE 408 READ_ISSUE 20 1 1 2 5 3f 0 0
TRACE 409 READ_ISSUE 20 1 1 2 6 3f 0 0
TRACE 410 READ_ISSUE 20 1 1 2 7 3f 0 0
TRACE 411 READ_ISSUE 20 1 1 2 8 3f 0 0
TRACE 413 READ_ISSUE 20 1 1 2 9 3f 0 0
TRACE 414 READ_ISSUE 20 1 1 2 10 3f 0 0
TRACE 415 READ_ISSUE 20 1 1 2 11 3f 0 0
TRACE 416 READ_ISSUE 20 1 1 2 12 3f 0 0
TRACE 418 READ_ISSUE 20 1 1 2 13 3f 0 0
TRACE 419 READ_ISSUE 20 1 1 2 14 3f 0 0
TRACE 420 READ_ISSUE 20 1 1 2 15 3f 0 0
TRACE 420 BLOCK_RELEASE 20 1 1 2 15 3f 0 0
TRACE 421 READ_ISSUE 21 1 1 3 0 3f 0 0
TRACE 422 LOAD_ACCEPT 22 0 0 0 0 0 0 0
TRACE 423 READ_ISSUE 21 1 1 3 1 3f 0 0
TRACE 424 READ_ISSUE 21 1 1 3 2 3f 0 0
TRACE 425 READ_ISSUE 21 1 1 3 3 3f 0 0
TRACE 426 READ_ISSUE 21 1 1 3 4 3f 0 0
TRACE 428 READ_ISSUE 21 1 1 3 5 3f 0 0
TRACE 429 READ_ISSUE 21 1 1 3 6 3f 0 0
TRACE 430 READ_ISSUE 21 1 1 3 7 3f 0 0
TRACE 431 READ_ISSUE 21 1 1 3 8 3f 0 0
TRACE 433 READ_ISSUE 21 1 1 3 9 3f 0 0
TRACE 434 READ_ISSUE 21 1 1 3 10 3f 0 0
TRACE 435 READ_ISSUE 21 1 1 3 11 3f 0 0
TRACE 436 READ_ISSUE 21 1 1 3 12 3f 0 0
TRACE 438 READ_ISSUE 21 1 1 3 13 3f 0 0
TRACE 439 READ_ISSUE 21 1 1 3 14 3f 0 0
TRACE 440 READ_ISSUE 21 1 1 3 15 3f 0 0
TRACE 440 BLOCK_RELEASE 21 1 1 3 15 3f 0 0
TRACE 441 READ_ISSUE 22 1 1 4 0 3f 0 0
TRACE 442 LOAD_ACCEPT 23 0 0 0 0 0 0 0
TRACE 443 READ_ISSUE 22 1 1 4 1 3f 0 0
TRACE 444 READ_ISSUE 22 1 1 4 2 3f 0 0
TRACE 445 READ_ISSUE 22 1 1 4 3 3f 0 0
TRACE 446 READ_ISSUE 22 1 1 4 4 3f 0 0
TRACE 448 READ_ISSUE 22 1 1 4 5 3f 0 0
TRACE 449 READ_ISSUE 22 1 1 4 6 3f 0 0
TRACE 450 READ_ISSUE 22 1 1 4 7 3f 0 0
TRACE 451 READ_ISSUE 22 1 1 4 8 3f 0 0
TRACE 453 READ_ISSUE 22 1 1 4 9 3f 0 0
TRACE 454 READ_ISSUE 22 1 1 4 10 3f 0 0
TRACE 455 READ_ISSUE 22 1 1 4 11 3f 0 0
TRACE 456 READ_ISSUE 22 1 1 4 12 3f 0 0
TRACE 458 READ_ISSUE 22 1 1 4 13 3f 0 0
TRACE 459 READ_ISSUE 22 1 1 4 14 3f 0 0
TRACE 460 READ_ISSUE 22 1 1 4 15 3f 0 0
TRACE 460 BLOCK_RELEASE 22 1 1 4 15 3f 0 0
TRACE 461 READ_ISSUE 23 1 1 5 0 3f 0 0
TRACE 463 READ_ISSUE 23 1 1 5 1 3f 0 0
TRACE 464 READ_ISSUE 23 1 1 5 2 3f 0 0
TRACE 465 READ_ISSUE 23 1 1 5 3 3f 0 0
TRACE 466 READ_ISSUE 23 1 1 5 4 3f 0 0
TRACE 468 READ_ISSUE 23 1 1 5 5 3f 0 0
TRACE 469 READ_ISSUE 23 1 1 5 6 3f 0 0
TRACE 470 READ_ISSUE 23 1 1 5 7 3f 0 0
TRACE 471 READ_ISSUE 23 1 1 5 8 3f 0 0
TRACE 473 READ_ISSUE 23 1 1 5 9 3f 0 0
TRACE 474 READ_ISSUE 23 1 1 5 10 3f 0 0
TRACE 475 READ_ISSUE 23 1 1 5 11 3f 0 0
TRACE 476 READ_ISSUE 23 1 1 5 12 3f 0 0
TRACE 478 READ_ISSUE 23 1 1 5 13 3f 0 0
TRACE 479 READ_ISSUE 23 1 1 5 14 3f 0 0
TRACE 480 READ_ISSUE 23 1 1 5 15 3f 0 1
TRACE 480 BLOCK_RELEASE 23 1 1 5 15 3f 0 1
SUMMARY 481 24 384 24 308 1 96 414
architecture_simulator/rtl/vertical_slice/tb_gtsu_dense_mnk_controller.sv:116: $finish called at 4836 (1s)
