
 /----------------------------------------------------------------------------\
 |                                                                            |
 |  yosys -- Yosys Open SYnthesis Suite                                       |
 |                                                                            |
 |  Copyright (C) 2012 - 2019  Clifford Wolf <clifford@clifford.at>           |
 |                                                                            |
 |  Permission to use, copy, modify, and/or distribute this software for any  |
 |  purpose with or without fee is hereby granted, provided that the above    |
 |  copyright notice and this permission notice appear in all copies.         |
 |                                                                            |
 |  THE SOFTWARE IS PROVIDED "AS IS" AND THE AUTHOR DISCLAIMS ALL WARRANTIES  |
 |  WITH REGARD TO THIS SOFTWARE INCLUDING ALL IMPLIED WARRANTIES OF          |
 |  MERCHANTABILITY AND FITNESS. IN NO EVENT SHALL THE AUTHOR BE LIABLE FOR   |
 |  ANY SPECIAL, DIRECT, INDIRECT, OR CONSEQUENTIAL DAMAGES OR ANY DAMAGES    |
 |  WHATSOEVER RESULTING FROM LOSS OF USE, DATA OR PROFITS, WHETHER IN AN     |
 |  ACTION OF CONTRACT, NEGLIGENCE OR OTHER TORTIOUS ACTION, ARISING OUT OF   |
 |  OR IN CONNECTION WITH THE USE OR PERFORMANCE OF THIS SOFTWARE.            |
 |                                                                            |
 \----------------------------------------------------------------------------/

 Yosys 0.9 (git sha1 1979e0b)


-- Running command `read_verilog -sv architecture_simulator/rtl/vertical_slice/gtsu_axi64_burst_splitter.sv; hierarchy -check -top gtsu_axi64_burst_splitter; proc; opt; check -assert; stat' --

1. Executing Verilog-2005 frontend: architecture_simulator/rtl/vertical_slice/gtsu_axi64_burst_splitter.sv
Parsing SystemVerilog input from `architecture_simulator/rtl/vertical_slice/gtsu_axi64_burst_splitter.sv' to AST representation.
Generating RTLIL representation for module `\gtsu_axi64_burst_splitter'.
Successfully finished Verilog frontend.

2. Executing HIERARCHY pass (managing design hierarchy).

2.1. Analyzing design hierarchy..
Top module:  \gtsu_axi64_burst_splitter

2.2. Analyzing design hierarchy..
Top module:  \gtsu_axi64_burst_splitter
Removed 0 unused modules.

3. Executing PROC pass (convert processes to netlists).

3.1. Executing PROC_CLEAN pass (remove empty switches from decision trees).
Found and cleaned up 2 empty switches in `\gtsu_axi64_burst_splitter.$proc$architecture_simulator/rtl/vertical_slice/gtsu_axi64_burst_splitter.sv:69$18'.
Removing empty process `gtsu_axi64_burst_splitter.$proc$architecture_simulator/rtl/vertical_slice/gtsu_axi64_burst_splitter.sv:69$18'.
Cleaned up 2 empty switches.

3.2. Executing PROC_RMDEAD pass (remove dead branches from decision trees).
Marked 3 switch rules as full_case in process $proc$architecture_simulator/rtl/vertical_slice/gtsu_axi64_burst_splitter.sv:43$11 in module gtsu_axi64_burst_splitter.
Removed a total of 0 dead cases.

3.3. Executing PROC_INIT pass (extract init attributes).

3.4. Executing PROC_ARST pass (detect async resets in processes).
Found async reset \rst_n in `\gtsu_axi64_burst_splitter.$proc$architecture_simulator/rtl/vertical_slice/gtsu_axi64_burst_splitter.sv:43$11'.

3.5. Executing PROC_MUX pass (convert decision trees to multiplexers).
Creating decoders for process `\gtsu_axi64_burst_splitter.$proc$architecture_simulator/rtl/vertical_slice/gtsu_axi64_burst_splitter.sv:43$11'.
     1/4: $0\remaining_beats[23:0]
     2/4: $0\current_address[63:0]
     3/4: $0\active[0:0]
     4/4: $0\done[0:0]

3.6. Executing PROC_DLATCH pass (convert process syncs to latches).

3.7. Executing PROC_DFF pass (convert process syncs to FFs).
Creating register for signal `\gtsu_axi64_burst_splitter.\done' using process `\gtsu_axi64_burst_splitter.$proc$architecture_simulator/rtl/vertical_slice/gtsu_axi64_burst_splitter.sv:43$11'.
  created $adff cell `$procdff$51' with positive edge clock and negative level reset.
Creating register for signal `\gtsu_axi64_burst_splitter.\active' using process `\gtsu_axi64_burst_splitter.$proc$architecture_simulator/rtl/vertical_slice/gtsu_axi64_burst_splitter.sv:43$11'.
  created $adff cell `$procdff$52' with positive edge clock and negative level reset.
Creating register for signal `\gtsu_axi64_burst_splitter.\current_address' using process `\gtsu_axi64_burst_splitter.$proc$architecture_simulator/rtl/vertical_slice/gtsu_axi64_burst_splitter.sv:43$11'.
  created $adff cell `$procdff$53' with positive edge clock and negative level reset.
Creating register for signal `\gtsu_axi64_burst_splitter.\remaining_beats' using process `\gtsu_axi64_burst_splitter.$proc$architecture_simulator/rtl/vertical_slice/gtsu_axi64_burst_splitter.sv:43$11'.
  created $adff cell `$procdff$54' with positive edge clock and negative level reset.

3.8. Executing PROC_CLEAN pass (remove empty switches from decision trees).
Found and cleaned up 3 empty switches in `\gtsu_axi64_burst_splitter.$proc$architecture_simulator/rtl/vertical_slice/gtsu_axi64_burst_splitter.sv:43$11'.
Removing empty process `gtsu_axi64_burst_splitter.$proc$architecture_simulator/rtl/vertical_slice/gtsu_axi64_burst_splitter.sv:43$11'.
Cleaned up 3 empty switches.

4. Executing OPT pass (performing simple optimizations).

4.1. Executing OPT_EXPR pass (perform const folding).
Optimizing module gtsu_axi64_burst_splitter.
<suppressed ~1 debug messages>

4.2. Executing OPT_MERGE pass (detect identical cells).
Finding identical cells in module `\gtsu_axi64_burst_splitter'.
Removed a total of 0 cells.

4.3. Executing OPT_MUXTREE pass (detect dead branches in mux trees).
Running muxtree optimizer on module \gtsu_axi64_burst_splitter..
  Creating internal representation of mux trees.
  Evaluating internal representation of mux trees.
  Analyzing evaluation results.
Removed 0 multiplexer ports.
<suppressed ~6 debug messages>

4.4. Executing OPT_REDUCE pass (consolidate $*mux and $reduce_* inputs).
  Optimizing cells in module \gtsu_axi64_burst_splitter.
Performed a total of 0 changes.

4.5. Executing OPT_MERGE pass (detect identical cells).
Finding identical cells in module `\gtsu_axi64_burst_splitter'.
Removed a total of 0 cells.

4.6. Executing OPT_RMDFF pass (remove dff with constant values).

4.7. Executing OPT_CLEAN pass (remove unused cells and wires).
Finding unused cells or wires in module \gtsu_axi64_burst_splitter..
Removed 1 unused cells and 24 unused wires.
<suppressed ~2 debug messages>

4.8. Executing OPT_EXPR pass (perform const folding).
Optimizing module gtsu_axi64_burst_splitter.

4.9. Rerunning OPT passes. (Maybe there is more to do..)

4.10. Executing OPT_MUXTREE pass (detect dead branches in mux trees).
Running muxtree optimizer on module \gtsu_axi64_burst_splitter..
  Creating internal representation of mux trees.
  Evaluating internal representation of mux trees.
  Analyzing evaluation results.
Removed 0 multiplexer ports.
<suppressed ~6 debug messages>

4.11. Executing OPT_REDUCE pass (consolidate $*mux and $reduce_* inputs).
  Optimizing cells in module \gtsu_axi64_burst_splitter.
Performed a total of 0 changes.

4.12. Executing OPT_MERGE pass (detect identical cells).
Finding identical cells in module `\gtsu_axi64_burst_splitter'.
Removed a total of 0 cells.

4.13. Executing OPT_RMDFF pass (remove dff with constant values).

4.14. Executing OPT_CLEAN pass (remove unused cells and wires).
Finding unused cells or wires in module \gtsu_axi64_burst_splitter..

4.15. Executing OPT_EXPR pass (perform const folding).
Optimizing module gtsu_axi64_burst_splitter.

4.16. Finished OPT passes. (There is nothing left to do.)

5. Executing CHECK pass (checking for obvious problems).
checking module gtsu_axi64_burst_splitter..
found and reported 0 problems.

6. Printing statistics.

=== gtsu_axi64_burst_splitter ===

   Number of wires:                 42
   Number of wire bits:            734
   Number of public wires:          22
   Number of public wire bits:     370
   Number of memories:               0
   Number of memory bits:            0
   Number of processes:              0
   Number of cells:                 30
     $add                            1
     $adff                           4
     $eq                             1
     $gt                             2
     $logic_and                      4
     $logic_not                      1
     $mux                           14
     $sub                            3

End of script. Logfile hash: c52de7deff
CPU: user 0.04s system 0.01s, MEM: 16.55 MB total, 10.67 MB resident
Yosys 0.9 (git sha1 1979e0b)
Time spent: 23% 1x check (0 sec), 21% 2x opt_clean (0 sec), ...
