TRACE 0 LOAD_ACCEPT 0 0 0 0 0 0 0 0
TRACE 1 READ_ISSUE 0 0 0 0 0 ffffffffffffffff 1 0
TRACE 2 LOAD_ACCEPT 1 0 0 0 0 0 0 0
TRACE 3 READ_ISSUE 0 0 0 0 1 ffffffffffffffff 0 0
TRACE 4 READ_ISSUE 0 0 0 0 2 ffffffffffffffff 0 0
TRACE 5 READ_ISSUE 0 0 0 0 3 ffffffffffffffff 0 0
TRACE 6 READ_ISSUE 0 0 0 0 4 ffffffffffffffff 0 0
TRACE 8 READ_ISSUE 0 0 0 0 5 ffffffffffffffff 0 0
TRACE 9 READ_ISSUE 0 0 0 0 6 ffffffffffffffff 0 0
TRACE 10 READ_ISSUE 0 0 0 0 7 ffffffffffffffff 0 0
TRACE 11 READ_ISSUE 0 0 0 0 8 ffffffffffffffff 0 0
TRACE 13 READ_ISSUE 0 0 0 0 9 ffffffffffffffff 0 0
TRACE 14 READ_ISSUE 0 0 0 0 10 ffffffffffffffff 0 0
TRACE 15 READ_ISSUE 0 0 0 0 11 ffffffffffffffff 0 0
TRACE 16 READ_ISSUE 0 0 0 0 12 ffffffffffffffff 0 0
TRACE 18 READ_ISSUE 0 0 0 0 13 ffffffffffffffff 0 0
TRACE 19 READ_ISSUE 0 0 0 0 14 ffffffffffffffff 0 0
TRACE 20 READ_ISSUE 0 0 0 0 15 ffffffffffffffff 0 0
TRACE 20 BLOCK_RELEASE 0 0 0 0 15 ffffffffffffffff 0 0
TRACE 21 READ_ISSUE 1 0 0 1 0 ffffffffffffffff 0 0
TRACE 22 LOAD_ACCEPT 2 0 0 0 0 0 0 0
TRACE 23 READ_ISSUE 1 0 0 1 1 ffffffffffffffff 0 0
TRACE 24 READ_ISSUE 1 0 0 1 2 ffffffffffffffff 0 0
TRACE 25 READ_ISSUE 1 0 0 1 3 ffffffffffffffff 0 0
TRACE 26 READ_ISSUE 1 0 0 1 4 ffffffffffffffff 0 0
TRACE 28 READ_ISSUE 1 0 0 1 5 ffffffffffffffff 0 0
TRACE 29 READ_ISSUE 1 0 0 1 6 ffffffffffffffff 0 0
TRACE 30 READ_ISSUE 1 0 0 1 7 ffffffffffffffff 0 0
TRACE 31 READ_ISSUE 1 0 0 1 8 ffffffffffffffff 0 0
TRACE 33 READ_ISSUE 1 0 0 1 9 ffffffffffffffff 0 0
TRACE 34 READ_ISSUE 1 0 0 1 10 ffffffffffffffff 0 0
TRACE 35 READ_ISSUE 1 0 0 1 11 ffffffffffffffff 0 0
TRACE 36 READ_ISSUE 1 0 0 1 12 ffffffffffffffff 0 0
TRACE 38 READ_ISSUE 1 0 0 1 13 ffffffffffffffff 0 0
TRACE 39 READ_ISSUE 1 0 0 1 14 ffffffffffffffff 0 0
TRACE 40 READ_ISSUE 1 0 0 1 15 ffffffffffffffff 0 0
TRACE 40 BLOCK_RELEASE 1 0 0 1 15 ffffffffffffffff 0 0
TRACE 41 READ_ISSUE 2 0 0 2 0 ffffffffffffffff 0 1
TRACE 41 BLOCK_RELEASE 2 0 0 2 0 ffffffffffffffff 0 1
TRACE 42 LOAD_ACCEPT 3 0 0 0 0 0 0 0
TRACE 43 LOAD_ACCEPT 4 0 0 0 0 0 0 0
TRACE 43 READ_ISSUE 3 0 1 0 0 3f 1 0
TRACE 44 READ_ISSUE 3 0 1 0 1 3f 0 0
TRACE 45 READ_ISSUE 3 0 1 0 2 3f 0 0
TRACE 46 READ_ISSUE 3 0 1 0 3 3f 0 0
TRACE 48 READ_ISSUE 3 0 1 0 4 3f 0 0
TRACE 49 READ_ISSUE 3 0 1 0 5 3f 0 0
TRACE 50 READ_ISSUE 3 0 1 0 6 3f 0 0
TRACE 51 READ_ISSUE 3 0 1 0 7 3f 0 0
TRACE 53 READ_ISSUE 3 0 1 0 8 3f 0 0
TRACE 54 READ_ISSUE 3 0 1 0 9 3f 0 0
TRACE 55 READ_ISSUE 3 0 1 0 10 3f 0 0
TRACE 56 READ_ISSUE 3 0 1 0 11 3f 0 0
TRACE 58 READ_ISSUE 3 0 1 0 12 3f 0 0
TRACE 59 READ_ISSUE 3 0 1 0 13 3f 0 0
TRACE 60 READ_ISSUE 3 0 1 0 14 3f 0 0
TRACE 61 READ_ISSUE 3 0 1 0 15 3f 0 0
TRACE 61 BLOCK_RELEASE 3 0 1 0 15 3f 0 0
TRACE 62 LOAD_ACCEPT 5 0 0 0 0 0 0 0
TRACE 63 READ_ISSUE 4 0 1 1 0 3f 0 0
TRACE 64 READ_ISSUE 4 0 1 1 1 3f 0 0
TRACE 65 READ_ISSUE 4 0 1 1 2 3f 0 0
TRACE 66 READ_ISSUE 4 0 1 1 3 3f 0 0
TRACE 68 READ_ISSUE 4 0 1 1 4 3f 0 0
TRACE 69 READ_ISSUE 4 0 1 1 5 3f 0 0
TRACE 70 READ_ISSUE 4 0 1 1 6 3f 0 0
TRACE 71 READ_ISSUE 4 0 1 1 7 3f 0 0
TRACE 73 READ_ISSUE 4 0 1 1 8 3f 0 0
TRACE 74 READ_ISSUE 4 0 1 1 9 3f 0 0
TRACE 75 READ_ISSUE 4 0 1 1 10 3f 0 0
TRACE 76 READ_ISSUE 4 0 1 1 11 3f 0 0
TRACE 78 READ_ISSUE 4 0 1 1 12 3f 0 0
TRACE 79 READ_ISSUE 4 0 1 1 13 3f 0 0
TRACE 80 READ_ISSUE 4 0 1 1 14 3f 0 0
TRACE 81 READ_ISSUE 4 0 1 1 15 3f 0 0
TRACE 81 BLOCK_RELEASE 4 0 1 1 15 3f 0 0
TRACE 82 LOAD_ACCEPT 6 0 0 0 0 0 0 0
TRACE 83 READ_ISSUE 5 0 1 2 0 3f 0 1
TRACE 83 BLOCK_RELEASE 5 0 1 2 0 3f 0 1
TRACE 84 LOAD_ACCEPT 7 0 0 0 0 0 0 0
TRACE 84 READ_ISSUE 6 1 0 0 0 ffffffffffffffff 1 0
TRACE 85 READ_ISSUE 6 1 0 0 1 ffffffffffffffff 0 0
TRACE 86 READ_ISSUE 6 1 0 0 2 ffffffffffffffff 0 0
TRACE 88 READ_ISSUE 6 1 0 0 3 ffffffffffffffff 0 0
TRACE 89 READ_ISSUE 6 1 0 0 4 ffffffffffffffff 0 0
TRACE 90 READ_ISSUE 6 1 0 0 5 ffffffffffffffff 0 0
TRACE 91 READ_ISSUE 6 1 0 0 6 ffffffffffffffff 0 0
TRACE 93 READ_ISSUE 6 1 0 0 7 ffffffffffffffff 0 0
TRACE 94 READ_ISSUE 6 1 0 0 8 ffffffffffffffff 0 0
TRACE 95 READ_ISSUE 6 1 0 0 9 ffffffffffffffff 0 0
TRACE 96 READ_ISSUE 6 1 0 0 10 ffffffffffffffff 0 0
TRACE 98 READ_ISSUE 6 1 0 0 11 ffffffffffffffff 0 0
TRACE 99 READ_ISSUE 6 1 0 0 12 ffffffffffffffff 0 0
TRACE 100 READ_ISSUE 6 1 0 0 13 ffffffffffffffff 0 0
TRACE 101 READ_ISSUE 6 1 0 0 14 ffffffffffffffff 0 0
TRACE 103 READ_ISSUE 6 1 0 0 15 ffffffffffffffff 0 0
TRACE 103 BLOCK_RELEASE 6 1 0 0 15 ffffffffffffffff 0 0
TRACE 104 LOAD_ACCEPT 8 0 0 0 0 0 0 0
TRACE 104 READ_ISSUE 7 1 0 1 0 ffffffffffffffff 0 0
TRACE 105 READ_ISSUE 7 1 0 1 1 ffffffffffffffff 0 0
TRACE 106 READ_ISSUE 7 1 0 1 2 ffffffffffffffff 0 0
TRACE 108 READ_ISSUE 7 1 0 1 3 ffffffffffffffff 0 0
TRACE 109 READ_ISSUE 7 1 0 1 4 ffffffffffffffff 0 0
TRACE 110 READ_ISSUE 7 1 0 1 5 ffffffffffffffff 0 0
TRACE 111 READ_ISSUE 7 1 0 1 6 ffffffffffffffff 0 0
TRACE 113 READ_ISSUE 7 1 0 1 7 ffffffffffffffff 0 0
TRACE 114 READ_ISSUE 7 1 0 1 8 ffffffffffffffff 0 0
TRACE 115 READ_ISSUE 7 1 0 1 9 ffffffffffffffff 0 0
TRACE 116 READ_ISSUE 7 1 0 1 10 ffffffffffffffff 0 0
TRACE 118 READ_ISSUE 7 1 0 1 11 ffffffffffffffff 0 0
TRACE 119 READ_ISSUE 7 1 0 1 12 ffffffffffffffff 0 0
TRACE 120 READ_ISSUE 7 1 0 1 13 ffffffffffffffff 0 0
TRACE 121 READ_ISSUE 7 1 0 1 14 ffffffffffffffff 0 0
TRACE 123 READ_ISSUE 7 1 0 1 15 ffffffffffffffff 0 0
TRACE 123 BLOCK_RELEASE 7 1 0 1 15 ffffffffffffffff 0 0
TRACE 124 LOAD_ACCEPT 9 0 0 0 0 0 0 0
TRACE 124 READ_ISSUE 8 1 0 2 0 ffffffffffffffff 0 1
TRACE 124 BLOCK_RELEASE 8 1 0 2 0 ffffffffffffffff 0 1
TRACE 125 READ_ISSUE 9 1 1 0 0 3f 1 0
TRACE 126 LOAD_ACCEPT 10 0 0 0 0 0 0 0
TRACE 126 READ_ISSUE 9 1 1 0 1 3f 0 0
TRACE 128 READ_ISSUE 9 1 1 0 2 3f 0 0
TRACE 129 READ_ISSUE 9 1 1 0 3 3f 0 0
TRACE 130 READ_ISSUE 9 1 1 0 4 3f 0 0
TRACE 131 READ_ISSUE 9 1 1 0 5 3f 0 0
TRACE 133 READ_ISSUE 9 1 1 0 6 3f 0 0
TRACE 134 READ_ISSUE 9 1 1 0 7 3f 0 0
TRACE 135 READ_ISSUE 9 1 1 0 8 3f 0 0
TRACE 136 READ_ISSUE 9 1 1 0 9 3f 0 0
TRACE 138 READ_ISSUE 9 1 1 0 10 3f 0 0
TRACE 139 READ_ISSUE 9 1 1 0 11 3f 0 0
TRACE 140 READ_ISSUE 9 1 1 0 12 3f 0 0
TRACE 141 READ_ISSUE 9 1 1 0 13 3f 0 0
TRACE 143 READ_ISSUE 9 1 1 0 14 3f 0 0
TRACE 144 READ_ISSUE 9 1 1 0 15 3f 0 0
TRACE 144 BLOCK_RELEASE 9 1 1 0 15 3f 0 0
TRACE 145 READ_ISSUE 10 1 1 1 0 3f 0 0
TRACE 146 LOAD_ACCEPT 11 0 0 0 0 0 0 0
TRACE 146 READ_ISSUE 10 1 1 1 1 3f 0 0
TRACE 148 READ_ISSUE 10 1 1 1 2 3f 0 0
TRACE 149 READ_ISSUE 10 1 1 1 3 3f 0 0
TRACE 150 READ_ISSUE 10 1 1 1 4 3f 0 0
TRACE 151 READ_ISSUE 10 1 1 1 5 3f 0 0
TRACE 153 READ_ISSUE 10 1 1 1 6 3f 0 0
TRACE 154 READ_ISSUE 10 1 1 1 7 3f 0 0
TRACE 155 READ_ISSUE 10 1 1 1 8 3f 0 0
TRACE 156 READ_ISSUE 10 1 1 1 9 3f 0 0
TRACE 158 READ_ISSUE 10 1 1 1 10 3f 0 0
TRACE 159 READ_ISSUE 10 1 1 1 11 3f 0 0
TRACE 160 READ_ISSUE 10 1 1 1 12 3f 0 0
TRACE 161 READ_ISSUE 10 1 1 1 13 3f 0 0
TRACE 163 READ_ISSUE 10 1 1 1 14 3f 0 0
TRACE 164 READ_ISSUE 10 1 1 1 15 3f 0 0
TRACE 164 BLOCK_RELEASE 10 1 1 1 15 3f 0 0
TRACE 165 READ_ISSUE 11 1 1 2 0 3f 0 1
TRACE 165 BLOCK_RELEASE 11 1 1 2 0 3f 0 1
TRACE 166 LOAD_ACCEPT 12 0 0 0 0 0 0 0
TRACE 167 LOAD_ACCEPT 13 0 0 0 0 0 0 0
TRACE 168 READ_ISSUE 12 2 0 0 0 ffffffffffffffff 1 0
TRACE 169 READ_ISSUE 12 2 0 0 1 ffffffffffffffff 0 0
TRACE 170 READ_ISSUE 12 2 0 0 2 ffffffffffffffff 0 0
TRACE 171 READ_ISSUE 12 2 0 0 3 ffffffffffffffff 0 0
TRACE 173 READ_ISSUE 12 2 0 0 4 ffffffffffffffff 0 0
TRACE 174 READ_ISSUE 12 2 0 0 5 ffffffffffffffff 0 0
TRACE 175 READ_ISSUE 12 2 0 0 6 ffffffffffffffff 0 0
TRACE 176 READ_ISSUE 12 2 0 0 7 ffffffffffffffff 0 0
TRACE 178 READ_ISSUE 12 2 0 0 8 ffffffffffffffff 0 0
TRACE 179 READ_ISSUE 12 2 0 0 9 ffffffffffffffff 0 0
TRACE 180 READ_ISSUE 12 2 0 0 10 ffffffffffffffff 0 0
TRACE 181 READ_ISSUE 12 2 0 0 11 ffffffffffffffff 0 0
TRACE 183 READ_ISSUE 12 2 0 0 12 ffffffffffffffff 0 0
TRACE 184 READ_ISSUE 12 2 0 0 13 ffffffffffffffff 0 0
TRACE 185 READ_ISSUE 12 2 0 0 14 ffffffffffffffff 0 0
TRACE 186 READ_ISSUE 12 2 0 0 15 ffffffffffffffff 0 0
TRACE 186 BLOCK_RELEASE 12 2 0 0 15 ffffffffffffffff 0 0
TRACE 187 LOAD_ACCEPT 14 0 0 0 0 0 0 0
TRACE 188 READ_ISSUE 13 2 0 1 0 ffffffffffffffff 0 0
TRACE 189 READ_ISSUE 13 2 0 1 1 ffffffffffffffff 0 0
TRACE 190 READ_ISSUE 13 2 0 1 2 ffffffffffffffff 0 0
TRACE 191 READ_ISSUE 13 2 0 1 3 ffffffffffffffff 0 0
TRACE 193 READ_ISSUE 13 2 0 1 4 ffffffffffffffff 0 0
TRACE 194 READ_ISSUE 13 2 0 1 5 ffffffffffffffff 0 0
TRACE 195 READ_ISSUE 13 2 0 1 6 ffffffffffffffff 0 0
TRACE 196 READ_ISSUE 13 2 0 1 7 ffffffffffffffff 0 0
TRACE 198 READ_ISSUE 13 2 0 1 8 ffffffffffffffff 0 0
TRACE 199 READ_ISSUE 13 2 0 1 9 ffffffffffffffff 0 0
TRACE 200 READ_ISSUE 13 2 0 1 10 ffffffffffffffff 0 0
TRACE 201 READ_ISSUE 13 2 0 1 11 ffffffffffffffff 0 0
TRACE 203 READ_ISSUE 13 2 0 1 12 ffffffffffffffff 0 0
TRACE 204 READ_ISSUE 13 2 0 1 13 ffffffffffffffff 0 0
TRACE 205 READ_ISSUE 13 2 0 1 14 ffffffffffffffff 0 0
TRACE 206 READ_ISSUE 13 2 0 1 15 ffffffffffffffff 0 0
TRACE 206 BLOCK_RELEASE 13 2 0 1 15 ffffffffffffffff 0 0
TRACE 207 LOAD_ACCEPT 15 0 0 0 0 0 0 0
TRACE 208 READ_ISSUE 14 2 0 2 0 ffffffffffffffff 0 1
TRACE 208 BLOCK_RELEASE 14 2 0 2 0 ffffffffffffffff 0 1
TRACE 209 READ_ISSUE 15 2 1 0 0 3f 1 0
TRACE 210 LOAD_ACCEPT 16 0 0 0 0 0 0 0
TRACE 210 READ_ISSUE 15 2 1 0 1 3f 0 0
TRACE 211 READ_ISSUE 15 2 1 0 2 3f 0 0
TRACE 213 READ_ISSUE 15 2 1 0 3 3f 0 0
TRACE 214 READ_ISSUE 15 2 1 0 4 3f 0 0
TRACE 215 READ_ISSUE 15 2 1 0 5 3f 0 0
TRACE 216 READ_ISSUE 15 2 1 0 6 3f 0 0
TRACE 218 READ_ISSUE 15 2 1 0 7 3f 0 0
TRACE 219 READ_ISSUE 15 2 1 0 8 3f 0 0
TRACE 220 READ_ISSUE 15 2 1 0 9 3f 0 0
TRACE 221 READ_ISSUE 15 2 1 0 10 3f 0 0
TRACE 223 READ_ISSUE 15 2 1 0 11 3f 0 0
TRACE 224 READ_ISSUE 15 2 1 0 12 3f 0 0
TRACE 225 READ_ISSUE 15 2 1 0 13 3f 0 0
TRACE 226 READ_ISSUE 15 2 1 0 14 3f 0 0
TRACE 228 READ_ISSUE 15 2 1 0 15 3f 0 0
TRACE 228 BLOCK_RELEASE 15 2 1 0 15 3f 0 0
TRACE 229 READ_ISSUE 16 2 1 1 0 3f 0 0
TRACE 230 LOAD_ACCEPT 17 0 0 0 0 0 0 0
TRACE 230 READ_ISSUE 16 2 1 1 1 3f 0 0
TRACE 231 READ_ISSUE 16 2 1 1 2 3f 0 0
TRACE 233 READ_ISSUE 16 2 1 1 3 3f 0 0
TRACE 234 READ_ISSUE 16 2 1 1 4 3f 0 0
TRACE 235 READ_ISSUE 16 2 1 1 5 3f 0 0
TRACE 236 READ_ISSUE 16 2 1 1 6 3f 0 0
TRACE 238 READ_ISSUE 16 2 1 1 7 3f 0 0
TRACE 239 READ_ISSUE 16 2 1 1 8 3f 0 0
TRACE 240 READ_ISSUE 16 2 1 1 9 3f 0 0
TRACE 241 READ_ISSUE 16 2 1 1 10 3f 0 0
TRACE 243 READ_ISSUE 16 2 1 1 11 3f 0 0
TRACE 244 READ_ISSUE 16 2 1 1 12 3f 0 0
TRACE 245 READ_ISSUE 16 2 1 1 13 3f 0 0
TRACE 246 READ_ISSUE 16 2 1 1 14 3f 0 0
TRACE 248 READ_ISSUE 16 2 1 1 15 3f 0 0
TRACE 248 BLOCK_RELEASE 16 2 1 1 15 3f 0 0
TRACE 249 READ_ISSUE 17 2 1 2 0 3f 0 1
TRACE 249 BLOCK_RELEASE 17 2 1 2 0 3f 0 1
SUMMARY 250 18 198 18 155 3 49 223
architecture_simulator/rtl/vertical_slice/tb_gtsu_dense_mnk_controller.sv:116: $finish called at 2526 (1s)
