TRACE 0 INPUT_ACCEPT 0 -1 0
TRACE 2 INPUT_ACCEPT 0 -1 0
TRACE 3 INPUT_ACCEPT 0 -1 0
TRACE 4 INPUT_ACCEPT 0 -1 0
TRACE 6 INPUT_ACCEPT 0 -1 0
TRACE 7 INPUT_ACCEPT 0 -1 0
TRACE 8 INPUT_ACCEPT 0 -1 0
TRACE 10 INPUT_ACCEPT 0 -1 0
TRACE 11 INPUT_ACCEPT 0 -1 0
TRACE 12 INPUT_ACCEPT 0 -1 0
TRACE 14 INPUT_ACCEPT 0 -1 0
TRACE 15 INPUT_ACCEPT 0 -1 0
TRACE 16 INPUT_ACCEPT 0 -1 0
TRACE 18 INPUT_ACCEPT 0 -1 0
TRACE 19 INPUT_ACCEPT 0 -1 0
TRACE 20 INPUT_ACCEPT 0 -1 0
TRACE 22 INPUT_ACCEPT 0 -1 0
TRACE 23 INPUT_ACCEPT 0 -1 0
TRACE 24 INPUT_ACCEPT 0 -1 0
TRACE 26 INPUT_ACCEPT 0 -1 0
TRACE 27 INPUT_ACCEPT 0 -1 0
TRACE 28 INPUT_ACCEPT 0 -1 0
TRACE 30 INPUT_ACCEPT 0 -1 0
TRACE 31 INPUT_ACCEPT 0 -1 0
TRACE 32 INPUT_ACCEPT 0 -1 0
TRACE 34 INPUT_ACCEPT 0 -1 0
TRACE 35 INPUT_ACCEPT 0 -1 0
TRACE 36 INPUT_ACCEPT 0 -1 0
TRACE 38 INPUT_ACCEPT 0 -1 0
TRACE 39 INPUT_ACCEPT 0 -1 0
TRACE 40 INPUT_ACCEPT 0 -1 0
TRACE 42 INPUT_ACCEPT 0 -1 0
TRACE 43 INPUT_ACCEPT 0 -1 0
TRACE 44 INPUT_ACCEPT 0 -1 0
TRACE 46 INPUT_ACCEPT 0 -1 0
TRACE 47 INPUT_ACCEPT 0 -1 0
TRACE 48 INPUT_ACCEPT 0 -1 0
TRACE 50 INPUT_ACCEPT 0 -1 0
TRACE 51 INPUT_ACCEPT 0 -1 0
TRACE 52 INPUT_ACCEPT 0 -1 0
TRACE 54 INPUT_ACCEPT 0 -1 0
TRACE 55 INPUT_ACCEPT 0 -1 0
TRACE 56 INPUT_ACCEPT 0 -1 0
TRACE 58 INPUT_ACCEPT 0 -1 0
TRACE 59 INPUT_ACCEPT 0 -1 0
TRACE 60 INPUT_ACCEPT 0 -1 0
TRACE 62 INPUT_ACCEPT 0 -1 0
TRACE 63 INPUT_ACCEPT 0 -1 0
TRACE 64 INPUT_ACCEPT 0 -1 0
TRACE 66 INPUT_ACCEPT 0 -1 0
TRACE 67 INPUT_ACCEPT 0 -1 0
TRACE 68 INPUT_ACCEPT 0 -1 0
TRACE 70 INPUT_ACCEPT 0 -1 0
TRACE 71 INPUT_ACCEPT 0 -1 0
TRACE 72 INPUT_ACCEPT 0 -1 0
TRACE 74 INPUT_ACCEPT 0 -1 0
TRACE 75 INPUT_ACCEPT 0 -1 0
TRACE 76 INPUT_ACCEPT 0 -1 0
TRACE 78 INPUT_ACCEPT 0 -1 0
TRACE 79 INPUT_ACCEPT 0 -1 0
TRACE 80 INPUT_ACCEPT 0 -1 0
TRACE 82 INPUT_ACCEPT 0 -1 0
TRACE 83 INPUT_ACCEPT 0 -1 0
TRACE 84 INPUT_ACCEPT 0 -1 0
TRACE 86 INPUT_ACCEPT 0 -1 0
TRACE 87 INPUT_ACCEPT 0 -1 0
TRACE 88 INPUT_ACCEPT 0 -1 0
TRACE 90 INPUT_ACCEPT 0 -1 0
TRACE 91 INPUT_ACCEPT 0 -1 0
TRACE 92 INPUT_ACCEPT 0 -1 0
TRACE 94 INPUT_ACCEPT 0 -1 0
TRACE 95 INPUT_ACCEPT 0 -1 0
TRACE 96 INPUT_ACCEPT 0 -1 0
TRACE 98 INPUT_ACCEPT 0 -1 0
TRACE 99 INPUT_ACCEPT 0 -1 0
TRACE 100 INPUT_ACCEPT 0 -1 0
TRACE 102 INPUT_ACCEPT 0 -1 0
TRACE 103 INPUT_ACCEPT 0 -1 0
TRACE 104 INPUT_ACCEPT 0 -1 0
TRACE 106 INPUT_ACCEPT 0 -1 0
TRACE 107 INPUT_ACCEPT 0 -1 0
TRACE 108 INPUT_ACCEPT 0 -1 0
TRACE 110 INPUT_ACCEPT 0 -1 0
TRACE 111 INPUT_ACCEPT 0 -1 0
TRACE 112 INPUT_ACCEPT 0 -1 0
TRACE 114 INPUT_ACCEPT 0 -1 0
TRACE 115 INPUT_ACCEPT 0 -1 0
TRACE 116 INPUT_ACCEPT 0 -1 0
TRACE 118 INPUT_ACCEPT 0 -1 0
TRACE 119 INPUT_ACCEPT 0 -1 0
TRACE 120 INPUT_ACCEPT 0 -1 0
TRACE 122 INPUT_ACCEPT 0 -1 0
TRACE 123 INPUT_ACCEPT 0 -1 0
TRACE 124 INPUT_ACCEPT 0 -1 0
TRACE 126 INPUT_ACCEPT 0 -1 0
TRACE 127 INPUT_ACCEPT 0 -1 0
TRACE 128 INPUT_ACCEPT 1 -1 0
TRACE 128 OUTPUT_ACCEPT 0 0 26048
TRACE 128 OUTPUT_ACCEPT 0 1 -1280
TRACE 128 OUTPUT_ACCEPT 0 2 75328
TRACE 128 OUTPUT_ACCEPT 0 3 86656
TRACE 128 OUTPUT_ACCEPT 0 4 15552
TRACE 128 OUTPUT_ACCEPT 0 5 7936
TRACE 128 OUTPUT_ACCEPT 0 6 -22208
TRACE 128 OUTPUT_ACCEPT 0 7 -127104
TRACE 128 OUTPUT_ACCEPT 0 8 23232
TRACE 128 OUTPUT_ACCEPT 0 9 29184
TRACE 128 OUTPUT_ACCEPT 0 10 -11712
TRACE 128 OUTPUT_ACCEPT 0 11 31616
TRACE 128 OUTPUT_ACCEPT 0 12 -61504
TRACE 128 OUTPUT_ACCEPT 0 13 -49408
TRACE 128 OUTPUT_ACCEPT 0 14 57152
TRACE 128 OUTPUT_ACCEPT 0 15 51328
TRACE 128 OUTPUT_ACCEPT 0 16 21952
TRACE 128 OUTPUT_ACCEPT 0 17 -25600
TRACE 128 OUTPUT_ACCEPT 0 18 -101824
TRACE 128 OUTPUT_ACCEPT 0 19 -49024
TRACE 128 OUTPUT_ACCEPT 0 20 -8512
TRACE 128 OUTPUT_ACCEPT 0 21 15104
TRACE 128 OUTPUT_ACCEPT 0 22 114752
TRACE 128 OUTPUT_ACCEPT 0 23 101248
TRACE 128 OUTPUT_ACCEPT 0 24 39104
TRACE 128 OUTPUT_ACCEPT 0 25 -12032
TRACE 128 OUTPUT_ACCEPT 0 26 -56768
TRACE 128 OUTPUT_ACCEPT 0 27 -96384
TRACE 128 OUTPUT_ACCEPT 0 28 1216
TRACE 128 OUTPUT_ACCEPT 0 29 52992
TRACE 128 OUTPUT_ACCEPT 0 30 53824
TRACE 128 OUTPUT_ACCEPT 0 31 30592
TRACE 128 OUTPUT_ACCEPT 0 32 -105024
TRACE 128 OUTPUT_ACCEPT 0 33 -14592
TRACE 128 OUTPUT_ACCEPT 0 34 48960
TRACE 128 OUTPUT_ACCEPT 0 35 -22912
TRACE 128 OUTPUT_ACCEPT 0 36 -1600
TRACE 128 OUTPUT_ACCEPT 0 37 2560
TRACE 128 OUTPUT_ACCEPT 0 38 -141248
TRACE 128 OUTPUT_ACCEPT 0 39 128
TRACE 128 OUTPUT_ACCEPT 0 40 3264
TRACE 128 OUTPUT_ACCEPT 0 41 48384
TRACE 128 OUTPUT_ACCEPT 0 42 91968
TRACE 128 OUTPUT_ACCEPT 0 43 53120
TRACE 128 OUTPUT_ACCEPT 0 44 14016
TRACE 128 OUTPUT_ACCEPT 0 45 14336
TRACE 128 OUTPUT_ACCEPT 0 46 -76224
TRACE 128 OUTPUT_ACCEPT 0 47 -21120
TRACE 128 OUTPUT_ACCEPT 0 48 22464
TRACE 128 OUTPUT_ACCEPT 0 49 19200
TRACE 128 OUTPUT_ACCEPT 0 50 32832
TRACE 128 OUTPUT_ACCEPT 0 51 -20864
TRACE 128 OUTPUT_ACCEPT 0 52 -104000
TRACE 128 OUTPUT_ACCEPT 0 53 40192
TRACE 128 OUTPUT_ACCEPT 0 54 72000
TRACE 128 OUTPUT_ACCEPT 0 55 12928
TRACE 128 OUTPUT_ACCEPT 0 56 -8256
TRACE 128 OUTPUT_ACCEPT 0 57 -54016
TRACE 128 OUTPUT_ACCEPT 0 58 -98240
TRACE 128 OUTPUT_ACCEPT 0 59 -25472
TRACE 128 OUTPUT_ACCEPT 0 60 30400
TRACE 130 INPUT_ACCEPT 1 -1 0
TRACE 131 INPUT_ACCEPT 1 -1 0
TRACE 132 INPUT_ACCEPT 1 -1 0
TRACE 134 INPUT_ACCEPT 1 -1 0
TRACE 135 INPUT_ACCEPT 1 -1 0
TRACE 136 INPUT_ACCEPT 1 -1 0
TRACE 138 INPUT_ACCEPT 1 -1 0
TRACE 139 INPUT_ACCEPT 1 -1 0
TRACE 140 INPUT_ACCEPT 1 -1 0
TRACE 142 INPUT_ACCEPT 1 -1 0
TRACE 143 INPUT_ACCEPT 1 -1 0
TRACE 144 INPUT_ACCEPT 1 -1 0
TRACE 146 INPUT_ACCEPT 1 -1 0
TRACE 147 INPUT_ACCEPT 1 -1 0
TRACE 148 INPUT_ACCEPT 1 -1 0
TRACE 150 INPUT_ACCEPT 1 -1 0
TRACE 151 INPUT_ACCEPT 1 -1 0
TRACE 152 INPUT_ACCEPT 1 -1 0
TRACE 154 INPUT_ACCEPT 1 -1 0
TRACE 155 INPUT_ACCEPT 1 -1 0
TRACE 156 INPUT_ACCEPT 1 -1 0
TRACE 158 INPUT_ACCEPT 1 -1 0
TRACE 159 INPUT_ACCEPT 1 -1 0
TRACE 160 INPUT_ACCEPT 1 -1 0
TRACE 162 INPUT_ACCEPT 1 -1 0
TRACE 163 INPUT_ACCEPT 1 -1 0
TRACE 164 INPUT_ACCEPT 1 -1 0
TRACE 166 INPUT_ACCEPT 1 -1 0
TRACE 167 INPUT_ACCEPT 1 -1 0
TRACE 168 INPUT_ACCEPT 1 -1 0
TRACE 170 INPUT_ACCEPT 1 -1 0
TRACE 171 INPUT_ACCEPT 1 -1 0
TRACE 172 INPUT_ACCEPT 1 -1 0
TRACE 174 INPUT_ACCEPT 1 -1 0
TRACE 175 INPUT_ACCEPT 1 -1 0
TRACE 176 INPUT_ACCEPT 1 -1 0
TRACE 178 INPUT_ACCEPT 1 -1 0
TRACE 179 INPUT_ACCEPT 1 -1 0
TRACE 180 INPUT_ACCEPT 1 -1 0
TRACE 182 INPUT_ACCEPT 1 -1 0
TRACE 183 INPUT_ACCEPT 1 -1 0
TRACE 184 INPUT_ACCEPT 1 -1 0
TRACE 186 INPUT_ACCEPT 1 -1 0
TRACE 187 INPUT_ACCEPT 1 -1 0
TRACE 188 INPUT_ACCEPT 1 -1 0
TRACE 190 INPUT_ACCEPT 1 -1 0
TRACE 191 INPUT_ACCEPT 1 -1 0
TRACE 192 INPUT_ACCEPT 1 -1 0
TRACE 194 INPUT_ACCEPT 1 -1 0
TRACE 195 INPUT_ACCEPT 1 -1 0
TRACE 196 INPUT_ACCEPT 1 -1 0
TRACE 198 INPUT_ACCEPT 1 -1 0
TRACE 199 INPUT_ACCEPT 1 -1 0
TRACE 200 INPUT_ACCEPT 1 -1 0
TRACE 202 INPUT_ACCEPT 1 -1 0
TRACE 203 INPUT_ACCEPT 1 -1 0
TRACE 204 INPUT_ACCEPT 1 -1 0
TRACE 206 INPUT_ACCEPT 1 -1 0
TRACE 207 INPUT_ACCEPT 1 -1 0
TRACE 208 INPUT_ACCEPT 1 -1 0
TRACE 210 INPUT_ACCEPT 1 -1 0
TRACE 211 INPUT_ACCEPT 1 -1 0
TRACE 212 INPUT_ACCEPT 1 -1 0
TRACE 214 INPUT_ACCEPT 1 -1 0
TRACE 215 INPUT_ACCEPT 1 -1 0
TRACE 216 INPUT_ACCEPT 1 -1 0
TRACE 218 INPUT_ACCEPT 1 -1 0
TRACE 219 INPUT_ACCEPT 1 -1 0
TRACE 220 INPUT_ACCEPT 1 -1 0
TRACE 222 INPUT_ACCEPT 1 -1 0
TRACE 223 INPUT_ACCEPT 1 -1 0
TRACE 224 INPUT_ACCEPT 1 -1 0
TRACE 226 INPUT_ACCEPT 1 -1 0
TRACE 227 INPUT_ACCEPT 1 -1 0
TRACE 228 INPUT_ACCEPT 1 -1 0
TRACE 230 INPUT_ACCEPT 1 -1 0
TRACE 231 INPUT_ACCEPT 1 -1 0
TRACE 232 INPUT_ACCEPT 1 -1 0
TRACE 234 INPUT_ACCEPT 1 -1 0
TRACE 235 INPUT_ACCEPT 1 -1 0
TRACE 236 INPUT_ACCEPT 1 -1 0
TRACE 238 INPUT_ACCEPT 1 -1 0
TRACE 239 INPUT_ACCEPT 1 -1 0
TRACE 240 INPUT_ACCEPT 1 -1 0
TRACE 242 INPUT_ACCEPT 1 -1 0
TRACE 243 INPUT_ACCEPT 1 -1 0
TRACE 244 INPUT_ACCEPT 1 -1 0
TRACE 246 INPUT_ACCEPT 1 -1 0
TRACE 247 INPUT_ACCEPT 1 -1 0
TRACE 248 INPUT_ACCEPT 1 -1 0
TRACE 250 INPUT_ACCEPT 1 -1 0
TRACE 251 INPUT_ACCEPT 1 -1 0
TRACE 252 INPUT_ACCEPT 1 -1 0
TRACE 254 INPUT_ACCEPT 1 -1 0
TRACE 255 INPUT_ACCEPT 1 -1 0
TRACE 256 INPUT_ACCEPT 2 -1 0
TRACE 256 OUTPUT_ACCEPT 1 0 64000
TRACE 256 OUTPUT_ACCEPT 1 1 95424
TRACE 256 OUTPUT_ACCEPT 1 2 91008
TRACE 256 OUTPUT_ACCEPT 1 3 25664
TRACE 256 OUTPUT_ACCEPT 1 4 8960
TRACE 256 OUTPUT_ACCEPT 1 5 -79680
TRACE 256 OUTPUT_ACCEPT 1 6 -182144
TRACE 256 OUTPUT_ACCEPT 1 7 12096
TRACE 256 OUTPUT_ACCEPT 1 8 77056
TRACE 256 OUTPUT_ACCEPT 1 9 58816
TRACE 256 OUTPUT_ACCEPT 1 10 59264
TRACE 256 OUTPUT_ACCEPT 1 11 17216
TRACE 256 OUTPUT_ACCEPT 1 12 -38912
TRACE 256 OUTPUT_ACCEPT 1 13 18880
TRACE 256 OUTPUT_ACCEPT 1 14 35712
TRACE 256 OUTPUT_ACCEPT 1 15 5696
TRACE 256 OUTPUT_ACCEPT 1 16 -43520
TRACE 256 OUTPUT_ACCEPT 1 17 -172096
TRACE 256 OUTPUT_ACCEPT 1 18 -58496
TRACE 256 OUTPUT_ACCEPT 1 19 44352
TRACE 256 OUTPUT_ACCEPT 1 20 8192
TRACE 256 OUTPUT_ACCEPT 1 21 86208
TRACE 256 OUTPUT_ACCEPT 1 22 104832
TRACE 256 OUTPUT_ACCEPT 1 23 19008
TRACE 256 OUTPUT_ACCEPT 1 24 6912
TRACE 256 OUTPUT_ACCEPT 1 25 -120896
TRACE 256 OUTPUT_ACCEPT 1 26 -115584
TRACE 256 OUTPUT_ACCEPT 1 27 17216
TRACE 256 OUTPUT_ACCEPT 1 28 29440
TRACE 256 OUTPUT_ACCEPT 1 29 52672
TRACE 256 OUTPUT_ACCEPT 1 30 99200
TRACE 256 OUTPUT_ACCEPT 1 31 -13760
TRACE 256 OUTPUT_ACCEPT 1 32 23040
TRACE 256 OUTPUT_ACCEPT 1 33 28096
TRACE 256 OUTPUT_ACCEPT 1 34 -2432
TRACE 256 OUTPUT_ACCEPT 1 35 -28608
TRACE 256 OUTPUT_ACCEPT 1 36 -92672
TRACE 256 OUTPUT_ACCEPT 1 37 -165184
TRACE 256 OUTPUT_ACCEPT 1 38 7552
TRACE 256 OUTPUT_ACCEPT 1 39 67904
TRACE 256 OUTPUT_ACCEPT 1 40 64256
TRACE 256 OUTPUT_ACCEPT 1 41 93888
TRACE 256 OUTPUT_ACCEPT 1 42 60800
TRACE 256 OUTPUT_ACCEPT 1 43 10816
TRACE 256 OUTPUT_ACCEPT 1 44 -43776
TRACE 256 OUTPUT_ACCEPT 1 45 -115776
TRACE 256 OUTPUT_ACCEPT 1 46 -33920
TRACE 256 OUTPUT_ACCEPT 1 47 66880
TRACE 256 OUTPUT_ACCEPT 1 48 20736
TRACE 256 OUTPUT_ACCEPT 1 49 58816
TRACE 256 OUTPUT_ACCEPT 1 50 52608
TRACE 256 OUTPUT_ACCEPT 1 51 -95168
TRACE 256 OUTPUT_ACCEPT 1 52 -1536
TRACE 256 OUTPUT_ACCEPT 1 53 52928
TRACE 256 OUTPUT_ACCEPT 1 54 -4992
TRACE 256 OUTPUT_ACCEPT 1 55 -18368
TRACE 256 OUTPUT_ACCEPT 1 56 -124928
TRACE 256 OUTPUT_ACCEPT 1 57 -111936
TRACE 256 OUTPUT_ACCEPT 1 58 24960
TRACE 256 OUTPUT_ACCEPT 1 59 21056
TRACE 256 OUTPUT_ACCEPT 1 60 65792
TRACE 258 INPUT_ACCEPT 2 -1 0
TRACE 259 INPUT_ACCEPT 2 -1 0
TRACE 260 INPUT_ACCEPT 2 -1 0
TRACE 262 INPUT_ACCEPT 2 -1 0
TRACE 263 INPUT_ACCEPT 2 -1 0
TRACE 264 INPUT_ACCEPT 2 -1 0
TRACE 266 INPUT_ACCEPT 2 -1 0
TRACE 267 INPUT_ACCEPT 2 -1 0
TRACE 268 INPUT_ACCEPT 2 -1 0
TRACE 270 INPUT_ACCEPT 2 -1 0
TRACE 271 INPUT_ACCEPT 2 -1 0
TRACE 272 INPUT_ACCEPT 2 -1 0
TRACE 274 INPUT_ACCEPT 2 -1 0
TRACE 275 INPUT_ACCEPT 2 -1 0
TRACE 276 INPUT_ACCEPT 2 -1 0
TRACE 278 INPUT_ACCEPT 2 -1 0
TRACE 279 INPUT_ACCEPT 2 -1 0
TRACE 280 INPUT_ACCEPT 2 -1 0
TRACE 282 INPUT_ACCEPT 2 -1 0
TRACE 283 INPUT_ACCEPT 2 -1 0
TRACE 284 INPUT_ACCEPT 2 -1 0
TRACE 286 INPUT_ACCEPT 2 -1 0
TRACE 287 INPUT_ACCEPT 2 -1 0
TRACE 288 INPUT_ACCEPT 2 -1 0
TRACE 290 INPUT_ACCEPT 2 -1 0
TRACE 291 INPUT_ACCEPT 2 -1 0
TRACE 292 INPUT_ACCEPT 2 -1 0
TRACE 294 INPUT_ACCEPT 2 -1 0
TRACE 295 INPUT_ACCEPT 2 -1 0
TRACE 296 INPUT_ACCEPT 2 -1 0
TRACE 298 INPUT_ACCEPT 2 -1 0
TRACE 299 INPUT_ACCEPT 2 -1 0
TRACE 300 INPUT_ACCEPT 2 -1 0
TRACE 302 INPUT_ACCEPT 2 -1 0
TRACE 303 INPUT_ACCEPT 2 -1 0
TRACE 304 INPUT_ACCEPT 2 -1 0
TRACE 306 INPUT_ACCEPT 2 -1 0
TRACE 307 INPUT_ACCEPT 2 -1 0
TRACE 308 INPUT_ACCEPT 2 -1 0
TRACE 310 INPUT_ACCEPT 2 -1 0
TRACE 311 INPUT_ACCEPT 2 -1 0
TRACE 312 INPUT_ACCEPT 2 -1 0
TRACE 314 INPUT_ACCEPT 2 -1 0
TRACE 315 INPUT_ACCEPT 2 -1 0
TRACE 316 INPUT_ACCEPT 2 -1 0
TRACE 318 INPUT_ACCEPT 2 -1 0
TRACE 319 INPUT_ACCEPT 2 -1 0
TRACE 320 INPUT_ACCEPT 2 -1 0
TRACE 322 INPUT_ACCEPT 2 -1 0
TRACE 323 INPUT_ACCEPT 2 -1 0
TRACE 324 INPUT_ACCEPT 2 -1 0
TRACE 326 INPUT_ACCEPT 2 -1 0
TRACE 327 INPUT_ACCEPT 2 -1 0
TRACE 328 INPUT_ACCEPT 2 -1 0
TRACE 330 INPUT_ACCEPT 2 -1 0
TRACE 331 INPUT_ACCEPT 2 -1 0
TRACE 332 INPUT_ACCEPT 2 -1 0
TRACE 334 INPUT_ACCEPT 2 -1 0
TRACE 335 INPUT_ACCEPT 2 -1 0
TRACE 336 INPUT_ACCEPT 2 -1 0
TRACE 338 INPUT_ACCEPT 2 -1 0
TRACE 339 INPUT_ACCEPT 2 -1 0
TRACE 340 INPUT_ACCEPT 2 -1 0
TRACE 342 INPUT_ACCEPT 2 -1 0
TRACE 343 INPUT_ACCEPT 2 -1 0
TRACE 344 INPUT_ACCEPT 2 -1 0
TRACE 346 INPUT_ACCEPT 2 -1 0
TRACE 347 INPUT_ACCEPT 2 -1 0
TRACE 348 INPUT_ACCEPT 2 -1 0
TRACE 350 INPUT_ACCEPT 2 -1 0
TRACE 351 INPUT_ACCEPT 2 -1 0
TRACE 352 INPUT_ACCEPT 2 -1 0
TRACE 354 INPUT_ACCEPT 2 -1 0
TRACE 355 INPUT_ACCEPT 2 -1 0
TRACE 356 INPUT_ACCEPT 2 -1 0
TRACE 358 INPUT_ACCEPT 2 -1 0
TRACE 359 INPUT_ACCEPT 2 -1 0
TRACE 360 INPUT_ACCEPT 2 -1 0
TRACE 362 INPUT_ACCEPT 2 -1 0
TRACE 363 INPUT_ACCEPT 2 -1 0
TRACE 364 INPUT_ACCEPT 2 -1 0
TRACE 366 INPUT_ACCEPT 2 -1 0
TRACE 367 INPUT_ACCEPT 2 -1 0
TRACE 368 INPUT_ACCEPT 2 -1 0
TRACE 370 INPUT_ACCEPT 2 -1 0
TRACE 371 INPUT_ACCEPT 2 -1 0
TRACE 372 INPUT_ACCEPT 2 -1 0
TRACE 374 INPUT_ACCEPT 2 -1 0
TRACE 375 INPUT_ACCEPT 2 -1 0
TRACE 376 INPUT_ACCEPT 2 -1 0
TRACE 378 INPUT_ACCEPT 2 -1 0
TRACE 379 INPUT_ACCEPT 2 -1 0
TRACE 380 INPUT_ACCEPT 2 -1 0
TRACE 382 INPUT_ACCEPT 2 -1 0
TRACE 383 INPUT_ACCEPT 2 -1 0
TRACE 384 INPUT_ACCEPT 3 -1 0
TRACE 384 OUTPUT_ACCEPT 2 0 75328
TRACE 384 OUTPUT_ACCEPT 2 1 103296
TRACE 384 OUTPUT_ACCEPT 2 2 21184
TRACE 384 OUTPUT_ACCEPT 2 3 13568
TRACE 384 OUTPUT_ACCEPT 2 4 -10944
TRACE 384 OUTPUT_ACCEPT 2 5 -177280
TRACE 384 OUTPUT_ACCEPT 2 6 -86592
TRACE 384 OUTPUT_ACCEPT 2 7 16896
TRACE 384 OUTPUT_ACCEPT 2 8 -192
TRACE 384 OUTPUT_ACCEPT 2 9 26240
TRACE 384 OUTPUT_ACCEPT 2 10 -59712
TRACE 384 OUTPUT_ACCEPT 2 11 -52736
TRACE 384 OUTPUT_ACCEPT 2 12 62528
TRACE 384 OUTPUT_ACCEPT 2 13 38272
TRACE 384 OUTPUT_ACCEPT 2 14 34240
TRACE 384 OUTPUT_ACCEPT 2 15 48896
TRACE 384 OUTPUT_ACCEPT 2 16 -82368
TRACE 384 OUTPUT_ACCEPT 2 17 -26496
TRACE 384 OUTPUT_ACCEPT 2 18 18112
TRACE 384 OUTPUT_ACCEPT 2 19 43264
TRACE 384 OUTPUT_ACCEPT 2 20 64832
TRACE 384 OUTPUT_ACCEPT 2 21 69504
TRACE 384 OUTPUT_ACCEPT 2 22 10432
TRACE 384 OUTPUT_ACCEPT 2 23 52224
TRACE 384 OUTPUT_ACCEPT 2 24 -37568
TRACE 384 OUTPUT_ACCEPT 2 25 -107648
TRACE 384 OUTPUT_ACCEPT 2 26 -48960
TRACE 384 OUTPUT_ACCEPT 2 27 -2560
TRACE 384 OUTPUT_ACCEPT 2 28 -6848
TRACE 384 OUTPUT_ACCEPT 2 29 -8832
TRACE 384 OUTPUT_ACCEPT 2 30 -44352
TRACE 384 OUTPUT_ACCEPT 2 31 18432
TRACE 384 OUTPUT_ACCEPT 2 32 99904
TRACE 384 OUTPUT_ACCEPT 2 33 22912
TRACE 384 OUTPUT_ACCEPT 2 34 32704
TRACE 384 OUTPUT_ACCEPT 2 35 -9984
TRACE 384 OUTPUT_ACCEPT 2 36 -156096
TRACE 384 OUTPUT_ACCEPT 2 37 -39808
TRACE 384 OUTPUT_ACCEPT 2 38 59584
TRACE 384 OUTPUT_ACCEPT 2 39 42240
TRACE 384 OUTPUT_ACCEPT 2 40 100672
TRACE 384 OUTPUT_ACCEPT 2 41 52608
TRACE 384 OUTPUT_ACCEPT 2 42 11712
TRACE 384 OUTPUT_ACCEPT 2 43 19456
TRACE 384 OUTPUT_ACCEPT 2 44 -112832
TRACE 384 OUTPUT_ACCEPT 2 45 -122752
TRACE 384 OUTPUT_ACCEPT 2 46 3776
TRACE 384 OUTPUT_ACCEPT 2 47 22528
TRACE 384 OUTPUT_ACCEPT 2 48 21056
TRACE 384 OUTPUT_ACCEPT 2 49 -27264
TRACE 384 OUTPUT_ACCEPT 2 50 -115520
TRACE 384 OUTPUT_ACCEPT 2 51 39168
TRACE 384 OUTPUT_ACCEPT 2 52 50752
TRACE 384 OUTPUT_ACCEPT 2 53 18816
TRACE 384 OUTPUT_ACCEPT 2 54 71104
TRACE 384 OUTPUT_ACCEPT 2 55 -24320
TRACE 384 OUTPUT_ACCEPT 2 56 -81856
TRACE 384 OUTPUT_ACCEPT 2 57 -6784
TRACE 384 OUTPUT_ACCEPT 2 58 52416
TRACE 384 OUTPUT_ACCEPT 2 59 40704
TRACE 384 OUTPUT_ACCEPT 2 60 77632
TRACE 386 INPUT_ACCEPT 3 -1 0
TRACE 387 INPUT_ACCEPT 3 -1 0
TRACE 388 INPUT_ACCEPT 3 -1 0
TRACE 390 INPUT_ACCEPT 3 -1 0
TRACE 391 INPUT_ACCEPT 3 -1 0
TRACE 392 INPUT_ACCEPT 3 -1 0
TRACE 394 INPUT_ACCEPT 3 -1 0
TRACE 395 INPUT_ACCEPT 3 -1 0
TRACE 396 INPUT_ACCEPT 3 -1 0
TRACE 398 INPUT_ACCEPT 3 -1 0
TRACE 399 INPUT_ACCEPT 3 -1 0
TRACE 400 INPUT_ACCEPT 3 -1 0
TRACE 402 INPUT_ACCEPT 3 -1 0
TRACE 403 INPUT_ACCEPT 3 -1 0
TRACE 404 INPUT_ACCEPT 3 -1 0
TRACE 406 INPUT_ACCEPT 3 -1 0
TRACE 407 INPUT_ACCEPT 3 -1 0
TRACE 408 INPUT_ACCEPT 3 -1 0
TRACE 410 INPUT_ACCEPT 3 -1 0
TRACE 411 INPUT_ACCEPT 3 -1 0
TRACE 412 INPUT_ACCEPT 3 -1 0
TRACE 414 INPUT_ACCEPT 3 -1 0
TRACE 415 INPUT_ACCEPT 3 -1 0
TRACE 416 INPUT_ACCEPT 3 -1 0
TRACE 418 INPUT_ACCEPT 3 -1 0
TRACE 419 INPUT_ACCEPT 3 -1 0
TRACE 420 INPUT_ACCEPT 3 -1 0
TRACE 422 INPUT_ACCEPT 3 -1 0
TRACE 423 INPUT_ACCEPT 3 -1 0
TRACE 424 INPUT_ACCEPT 3 -1 0
TRACE 426 INPUT_ACCEPT 3 -1 0
TRACE 427 INPUT_ACCEPT 3 -1 0
TRACE 428 INPUT_ACCEPT 3 -1 0
TRACE 430 INPUT_ACCEPT 3 -1 0
TRACE 431 INPUT_ACCEPT 3 -1 0
TRACE 432 INPUT_ACCEPT 3 -1 0
TRACE 434 INPUT_ACCEPT 3 -1 0
TRACE 435 INPUT_ACCEPT 3 -1 0
TRACE 436 INPUT_ACCEPT 3 -1 0
TRACE 438 INPUT_ACCEPT 3 -1 0
TRACE 439 INPUT_ACCEPT 3 -1 0
TRACE 440 INPUT_ACCEPT 3 -1 0
TRACE 442 INPUT_ACCEPT 3 -1 0
TRACE 443 INPUT_ACCEPT 3 -1 0
TRACE 444 INPUT_ACCEPT 3 -1 0
TRACE 446 INPUT_ACCEPT 3 -1 0
TRACE 447 INPUT_ACCEPT 3 -1 0
TRACE 448 INPUT_ACCEPT 3 -1 0
TRACE 450 INPUT_ACCEPT 3 -1 0
TRACE 451 INPUT_ACCEPT 3 -1 0
TRACE 452 INPUT_ACCEPT 3 -1 0
TRACE 454 INPUT_ACCEPT 3 -1 0
TRACE 455 INPUT_ACCEPT 3 -1 0
TRACE 456 INPUT_ACCEPT 3 -1 0
TRACE 458 INPUT_ACCEPT 3 -1 0
TRACE 459 INPUT_ACCEPT 3 -1 0
TRACE 460 INPUT_ACCEPT 3 -1 0
TRACE 462 INPUT_ACCEPT 3 -1 0
TRACE 463 INPUT_ACCEPT 3 -1 0
TRACE 464 INPUT_ACCEPT 3 -1 0
TRACE 466 INPUT_ACCEPT 3 -1 0
TRACE 467 INPUT_ACCEPT 3 -1 0
TRACE 468 INPUT_ACCEPT 3 -1 0
TRACE 470 INPUT_ACCEPT 3 -1 0
TRACE 471 INPUT_ACCEPT 3 -1 0
TRACE 472 INPUT_ACCEPT 3 -1 0
TRACE 474 INPUT_ACCEPT 3 -1 0
TRACE 475 INPUT_ACCEPT 3 -1 0
TRACE 476 INPUT_ACCEPT 3 -1 0
TRACE 478 INPUT_ACCEPT 3 -1 0
TRACE 479 INPUT_ACCEPT 3 -1 0
TRACE 480 INPUT_ACCEPT 3 -1 0
TRACE 482 INPUT_ACCEPT 3 -1 0
TRACE 483 INPUT_ACCEPT 3 -1 0
TRACE 484 INPUT_ACCEPT 3 -1 0
TRACE 486 INPUT_ACCEPT 3 -1 0
TRACE 487 INPUT_ACCEPT 3 -1 0
TRACE 488 INPUT_ACCEPT 3 -1 0
TRACE 490 INPUT_ACCEPT 3 -1 0
TRACE 491 INPUT_ACCEPT 3 -1 0
TRACE 492 INPUT_ACCEPT 3 -1 0
TRACE 494 INPUT_ACCEPT 3 -1 0
TRACE 495 INPUT_ACCEPT 3 -1 0
TRACE 496 INPUT_ACCEPT 3 -1 0
TRACE 498 INPUT_ACCEPT 3 -1 0
TRACE 499 INPUT_ACCEPT 3 -1 0
TRACE 500 INPUT_ACCEPT 3 -1 0
TRACE 502 INPUT_ACCEPT 3 -1 0
TRACE 503 INPUT_ACCEPT 3 -1 0
TRACE 504 INPUT_ACCEPT 3 -1 0
TRACE 506 INPUT_ACCEPT 3 -1 0
TRACE 507 INPUT_ACCEPT 3 -1 0
TRACE 508 INPUT_ACCEPT 3 -1 0
TRACE 510 INPUT_ACCEPT 3 -1 0
TRACE 511 INPUT_ACCEPT 3 -1 0
TRACE 513 OUTPUT_ACCEPT 3 0 153216
TRACE 513 OUTPUT_ACCEPT 3 1 112192
TRACE 513 OUTPUT_ACCEPT 3 2 83456
TRACE 513 OUTPUT_ACCEPT 3 3 2496
TRACE 513 OUTPUT_ACCEPT 3 4 -95360
TRACE 513 OUTPUT_ACCEPT 3 5 -77248
TRACE 513 OUTPUT_ACCEPT 3 6 -55552
TRACE 513 OUTPUT_ACCEPT 3 7 -42816
TRACE 513 OUTPUT_ACCEPT 3 8 54656
TRACE 513 OUTPUT_ACCEPT 3 9 -5312
TRACE 513 OUTPUT_ACCEPT 3 10 -46592
TRACE 513 OUTPUT_ACCEPT 3 11 9408
TRACE 513 OUTPUT_ACCEPT 3 12 33920
TRACE 513 OUTPUT_ACCEPT 3 13 -6848
TRACE 513 OUTPUT_ACCEPT 3 14 -31744
TRACE 513 OUTPUT_ACCEPT 3 15 -103488
TRACE 513 OUTPUT_ACCEPT 3 16 -54656
TRACE 513 OUTPUT_ACCEPT 3 17 54592
TRACE 513 OUTPUT_ACCEPT 3 18 30208
TRACE 513 OUTPUT_ACCEPT 3 19 108736
TRACE 513 OUTPUT_ACCEPT 3 20 122496
TRACE 513 OUTPUT_ACCEPT 3 21 53824
TRACE 513 OUTPUT_ACCEPT 3 22 48128
TRACE 513 OUTPUT_ACCEPT 3 23 20928
TRACE 513 OUTPUT_ACCEPT 3 24 -146560
TRACE 513 OUTPUT_ACCEPT 3 25 -27840
TRACE 513 OUTPUT_ACCEPT 3 26 -46848
TRACE 513 OUTPUT_ACCEPT 3 27 -21312
TRACE 513 OUTPUT_ACCEPT 3 28 23424
TRACE 513 OUTPUT_ACCEPT 3 29 -69312
TRACE 513 OUTPUT_ACCEPT 3 30 -55808
TRACE 513 OUTPUT_ACCEPT 3 31 51648
TRACE 513 OUTPUT_ACCEPT 3 32 46720
TRACE 513 OUTPUT_ACCEPT 3 33 18752
TRACE 513 OUTPUT_ACCEPT 3 34 -62208
TRACE 513 OUTPUT_ACCEPT 3 35 -186944
TRACE 513 OUTPUT_ACCEPT 3 36 -21888
TRACE 513 OUTPUT_ACCEPT 3 37 21056
TRACE 513 OUTPUT_ACCEPT 3 38 47104
TRACE 513 OUTPUT_ACCEPT 3 39 148672
TRACE 513 OUTPUT_ACCEPT 3 40 138112
TRACE 513 OUTPUT_ACCEPT 3 41 77888
TRACE 513 OUTPUT_ACCEPT 3 42 29184
TRACE 513 OUTPUT_ACCEPT 3 43 -36416
TRACE 513 OUTPUT_ACCEPT 3 44 -115328
TRACE 513 OUTPUT_ACCEPT 3 45 -63168
TRACE 513 OUTPUT_ACCEPT 3 46 -23040
TRACE 513 OUTPUT_ACCEPT 3 47 44736
TRACE 513 OUTPUT_ACCEPT 3 48 22400
TRACE 513 OUTPUT_ACCEPT 3 49 -112320
TRACE 513 OUTPUT_ACCEPT 3 50 -20480
TRACE 513 OUTPUT_ACCEPT 3 51 43456
TRACE 513 OUTPUT_ACCEPT 3 52 -27008
TRACE 513 OUTPUT_ACCEPT 3 53 -14272
TRACE 513 OUTPUT_ACCEPT 3 54 -48384
TRACE 513 OUTPUT_ACCEPT 3 55 -94784
TRACE 513 OUTPUT_ACCEPT 3 56 27776
TRACE 513 OUTPUT_ACCEPT 3 57 33856
TRACE 513 OUTPUT_ACCEPT 3 58 80896
TRACE 513 OUTPUT_ACCEPT 3 59 126912
TRACE 513 OUTPUT_ACCEPT 3 60 90496
TRACE 514 INPUT_ACCEPT 4 -1 0
TRACE 515 INPUT_ACCEPT 4 -1 0
TRACE 516 INPUT_ACCEPT 4 -1 0
TRACE 518 INPUT_ACCEPT 4 -1 0
TRACE 519 INPUT_ACCEPT 4 -1 0
TRACE 520 INPUT_ACCEPT 4 -1 0
TRACE 522 INPUT_ACCEPT 4 -1 0
TRACE 523 INPUT_ACCEPT 4 -1 0
TRACE 524 INPUT_ACCEPT 4 -1 0
TRACE 526 INPUT_ACCEPT 4 -1 0
TRACE 527 INPUT_ACCEPT 4 -1 0
TRACE 528 INPUT_ACCEPT 4 -1 0
TRACE 530 INPUT_ACCEPT 4 -1 0
TRACE 531 INPUT_ACCEPT 4 -1 0
TRACE 532 INPUT_ACCEPT 4 -1 0
TRACE 534 INPUT_ACCEPT 4 -1 0
TRACE 535 INPUT_ACCEPT 4 -1 0
TRACE 536 INPUT_ACCEPT 4 -1 0
TRACE 538 INPUT_ACCEPT 4 -1 0
TRACE 539 INPUT_ACCEPT 4 -1 0
TRACE 540 INPUT_ACCEPT 4 -1 0
TRACE 542 INPUT_ACCEPT 4 -1 0
TRACE 543 INPUT_ACCEPT 4 -1 0
TRACE 544 INPUT_ACCEPT 4 -1 0
TRACE 546 INPUT_ACCEPT 4 -1 0
TRACE 547 INPUT_ACCEPT 4 -1 0
TRACE 548 INPUT_ACCEPT 4 -1 0
TRACE 550 INPUT_ACCEPT 4 -1 0
TRACE 551 INPUT_ACCEPT 4 -1 0
TRACE 552 INPUT_ACCEPT 4 -1 0
TRACE 554 INPUT_ACCEPT 4 -1 0
TRACE 555 INPUT_ACCEPT 4 -1 0
TRACE 556 INPUT_ACCEPT 4 -1 0
TRACE 558 INPUT_ACCEPT 4 -1 0
TRACE 559 INPUT_ACCEPT 4 -1 0
TRACE 560 INPUT_ACCEPT 4 -1 0
TRACE 562 INPUT_ACCEPT 4 -1 0
TRACE 563 INPUT_ACCEPT 4 -1 0
TRACE 564 INPUT_ACCEPT 4 -1 0
TRACE 566 INPUT_ACCEPT 4 -1 0
TRACE 567 INPUT_ACCEPT 4 -1 0
TRACE 568 INPUT_ACCEPT 4 -1 0
TRACE 570 INPUT_ACCEPT 4 -1 0
TRACE 571 INPUT_ACCEPT 4 -1 0
TRACE 572 INPUT_ACCEPT 4 -1 0
TRACE 574 INPUT_ACCEPT 4 -1 0
TRACE 575 INPUT_ACCEPT 4 -1 0
TRACE 576 INPUT_ACCEPT 4 -1 0
TRACE 578 INPUT_ACCEPT 4 -1 0
TRACE 579 INPUT_ACCEPT 4 -1 0
TRACE 580 INPUT_ACCEPT 4 -1 0
TRACE 582 INPUT_ACCEPT 4 -1 0
TRACE 583 INPUT_ACCEPT 4 -1 0
TRACE 584 INPUT_ACCEPT 4 -1 0
TRACE 586 INPUT_ACCEPT 4 -1 0
TRACE 587 INPUT_ACCEPT 4 -1 0
TRACE 588 INPUT_ACCEPT 4 -1 0
TRACE 590 INPUT_ACCEPT 4 -1 0
TRACE 591 INPUT_ACCEPT 4 -1 0
TRACE 592 INPUT_ACCEPT 4 -1 0
TRACE 594 INPUT_ACCEPT 4 -1 0
TRACE 595 INPUT_ACCEPT 4 -1 0
TRACE 596 INPUT_ACCEPT 4 -1 0
TRACE 598 INPUT_ACCEPT 4 -1 0
TRACE 599 INPUT_ACCEPT 4 -1 0
TRACE 600 INPUT_ACCEPT 4 -1 0
TRACE 602 INPUT_ACCEPT 4 -1 0
TRACE 603 INPUT_ACCEPT 4 -1 0
TRACE 604 INPUT_ACCEPT 4 -1 0
TRACE 606 INPUT_ACCEPT 4 -1 0
TRACE 607 INPUT_ACCEPT 4 -1 0
TRACE 608 INPUT_ACCEPT 4 -1 0
TRACE 610 INPUT_ACCEPT 4 -1 0
TRACE 611 INPUT_ACCEPT 4 -1 0
TRACE 612 INPUT_ACCEPT 4 -1 0
TRACE 614 INPUT_ACCEPT 4 -1 0
TRACE 615 INPUT_ACCEPT 4 -1 0
TRACE 616 INPUT_ACCEPT 4 -1 0
TRACE 618 INPUT_ACCEPT 4 -1 0
TRACE 619 INPUT_ACCEPT 4 -1 0
TRACE 620 INPUT_ACCEPT 4 -1 0
TRACE 622 INPUT_ACCEPT 4 -1 0
TRACE 623 INPUT_ACCEPT 4 -1 0
TRACE 624 INPUT_ACCEPT 4 -1 0
TRACE 626 INPUT_ACCEPT 4 -1 0
TRACE 627 INPUT_ACCEPT 4 -1 0
TRACE 628 INPUT_ACCEPT 4 -1 0
TRACE 630 INPUT_ACCEPT 4 -1 0
TRACE 631 INPUT_ACCEPT 4 -1 0
TRACE 632 INPUT_ACCEPT 4 -1 0
TRACE 634 INPUT_ACCEPT 4 -1 0
TRACE 635 INPUT_ACCEPT 4 -1 0
TRACE 636 INPUT_ACCEPT 4 -1 0
TRACE 638 INPUT_ACCEPT 4 -1 0
TRACE 639 INPUT_ACCEPT 4 -1 0
TRACE 640 INPUT_ACCEPT 4 -1 0
TRACE 641 OUTPUT_ACCEPT 4 0 45248
TRACE 641 OUTPUT_ACCEPT 4 1 66304
TRACE 641 OUTPUT_ACCEPT 4 2 25408
TRACE 641 OUTPUT_ACCEPT 4 3 -128896
TRACE 641 OUTPUT_ACCEPT 4 4 -37952
TRACE 641 OUTPUT_ACCEPT 4 5 33536
TRACE 641 OUTPUT_ACCEPT 4 6 -13760
TRACE 641 OUTPUT_ACCEPT 4 7 39296
TRACE 641 OUTPUT_ACCEPT 4 8 54720
TRACE 641 OUTPUT_ACCEPT 4 9 -91648
TRACE 641 OUTPUT_ACCEPT 4 10 42816
TRACE 641 OUTPUT_ACCEPT 4 11 16768
TRACE 641 OUTPUT_ACCEPT 4 12 16064
TRACE 641 OUTPUT_ACCEPT 4 13 24320
TRACE 641 OUTPUT_ACCEPT 4 14 -86976
TRACE 641 OUTPUT_ACCEPT 4 15 -114048
TRACE 641 OUTPUT_ACCEPT 4 16 -16192
TRACE 641 OUTPUT_ACCEPT 4 17 15360
TRACE 641 OUTPUT_ACCEPT 4 18 53056
TRACE 641 OUTPUT_ACCEPT 4 19 53888
TRACE 641 OUTPUT_ACCEPT 4 20 -5696
TRACE 641 OUTPUT_ACCEPT 4 21 48896
TRACE 641 OUTPUT_ACCEPT 4 22 -34496
TRACE 641 OUTPUT_ACCEPT 4 23 -130688
TRACE 641 OUTPUT_ACCEPT 4 24 17344
TRACE 641 OUTPUT_ACCEPT 4 25 62720
TRACE 641 OUTPUT_ACCEPT 4 26 31552
TRACE 641 OUTPUT_ACCEPT 4 27 36224
TRACE 641 OUTPUT_ACCEPT 4 28 -1088
TRACE 641 OUTPUT_ACCEPT 4 29 -53504
TRACE 641 OUTPUT_ACCEPT 4 30 9024
TRACE 641 OUTPUT_ACCEPT 4 31 30080
TRACE 641 OUTPUT_ACCEPT 4 32 69824
TRACE 641 OUTPUT_ACCEPT 4 33 25344
TRACE 641 OUTPUT_ACCEPT 4 34 -146368
TRACE 641 OUTPUT_ACCEPT 4 35 -91008
TRACE 641 OUTPUT_ACCEPT 4 36 -8000
TRACE 641 OUTPUT_ACCEPT 4 37 -38400
TRACE 641 OUTPUT_ACCEPT 4 38 45376
TRACE 641 OUTPUT_ACCEPT 4 39 69248
TRACE 641 OUTPUT_ACCEPT 4 40 55232
TRACE 641 OUTPUT_ACCEPT 4 41 48384
TRACE 641 OUTPUT_ACCEPT 4 42 -73664
TRACE 641 OUTPUT_ACCEPT 4 43 -81536
TRACE 641 OUTPUT_ACCEPT 4 44 24000
TRACE 641 OUTPUT_ACCEPT 4 45 7168
TRACE 641 OUTPUT_ACCEPT 4 46 26432
TRACE 641 OUTPUT_ACCEPT 4 47 77696
TRACE 641 OUTPUT_ACCEPT 4 48 -31040
TRACE 641 OUTPUT_ACCEPT 4 49 9984
TRACE 641 OUTPUT_ACCEPT 4 50 19776
TRACE 641 OUTPUT_ACCEPT 4 51 -7040
TRACE 641 OUTPUT_ACCEPT 4 52 37056
TRACE 641 OUTPUT_ACCEPT 4 53 -36608
TRACE 641 OUTPUT_ACCEPT 4 54 -157120
TRACE 641 OUTPUT_ACCEPT 4 55 -23424
TRACE 641 OUTPUT_ACCEPT 4 56 17088
TRACE 641 OUTPUT_ACCEPT 4 57 19712
TRACE 641 OUTPUT_ACCEPT 4 58 54592
TRACE 641 OUTPUT_ACCEPT 4 59 27264
TRACE 641 OUTPUT_ACCEPT 4 60 48576
SUMMARY 642 480 5 305 1 1
architecture_simulator/rtl/vertical_slice/tb_gtsu_dense_dot4_tile.sv:97: $finish called at 6446 (1s)
