TRACE 0 INPUT 0 0
TRACE 1 INPUT 0 1
TRACE 3 INPUT 0 2
TRACE 4 INPUT 0 3
TRACE 5 ROUND 0 0 7
TRACE 5 NEIGHBOR 0 0 0 0
TRACE 5 NEIGHBOR 0 1 1 0
TRACE 5 NEIGHBOR 0 2 11 53
TRACE 5 NEIGHBOR 0 3 9 54
TRACE 6 INPUT 1 0
TRACE 8 INPUT 1 1
TRACE 9 INPUT 1 2
TRACE 10 INPUT 1 3
TRACE 11 ROUND 1 7 12
TRACE 11 NEIGHBOR 1 0 7 0
TRACE 11 NEIGHBOR 1 1 5 26
TRACE 11 NEIGHBOR 1 2 3 49
TRACE 11 NEIGHBOR 1 3 10 326
TRACE 13 INPUT 2 0
TRACE 14 INPUT 2 1
TRACE 15 INPUT 2 2
TRACE 16 INPUT 2 3
TRACE 18 ROUND 2 12 2
TRACE 18 NEIGHBOR 2 0 12 0
TRACE 18 NEIGHBOR 2 1 14 11
TRACE 18 NEIGHBOR 2 2 5 285
TRACE 18 NEIGHBOR 2 3 15 291
TRACE 19 INPUT 3 0
TRACE 20 INPUT 3 1
TRACE 21 INPUT 3 2
TRACE 23 INPUT 3 3
TRACE 25 ROUND 3 2 10
TRACE 25 NEIGHBOR 3 0 2 0
TRACE 25 NEIGHBOR 3 1 6 236
TRACE 25 NEIGHBOR 3 2 13 293
TRACE 25 NEIGHBOR 3 3 10 329
TRACE 26 INPUT 4 0
TRACE 28 INPUT 4 1
TRACE 29 INPUT 4 2
TRACE 30 INPUT 4 3
TRACE 32 ROUND 4 10 15
TRACE 32 NEIGHBOR 4 0 10 0
TRACE 32 NEIGHBOR 4 1 6 41
TRACE 32 NEIGHBOR 4 2 8 46
TRACE 32 NEIGHBOR 4 3 13 230
SUMMARY 33 20 80 5 5 3
architecture_simulator/rtl/vertical_slice/tb_gtsu_fused_fps_knn_controller.sv:103: $finish called at 365 (1s)
