TRACE 0 INPUT_ACCEPT 0 -1 0
TRACE 1 INPUT_ACCEPT 0 -1 0
TRACE 2 INPUT_ACCEPT 0 -1 0
TRACE 3 INPUT_ACCEPT 0 -1 0
TRACE 4 INPUT_ACCEPT 0 -1 0
TRACE 5 INPUT_ACCEPT 0 -1 0
TRACE 6 INPUT_ACCEPT 0 -1 0
TRACE 7 INPUT_ACCEPT 0 -1 0
TRACE 8 INPUT_ACCEPT 0 -1 0
TRACE 9 INPUT_ACCEPT 0 -1 0
TRACE 10 INPUT_ACCEPT 0 -1 0
TRACE 11 INPUT_ACCEPT 0 -1 0
TRACE 12 INPUT_ACCEPT 0 -1 0
TRACE 13 INPUT_ACCEPT 0 -1 0
TRACE 14 INPUT_ACCEPT 0 -1 0
TRACE 15 INPUT_ACCEPT 0 -1 0
TRACE 16 INPUT_ACCEPT 0 -1 0
TRACE 17 INPUT_ACCEPT 0 -1 0
TRACE 18 INPUT_ACCEPT 0 -1 0
TRACE 19 INPUT_ACCEPT 0 -1 0
TRACE 20 INPUT_ACCEPT 0 -1 0
TRACE 21 INPUT_ACCEPT 0 -1 0
TRACE 22 INPUT_ACCEPT 0 -1 0
TRACE 23 INPUT_ACCEPT 0 -1 0
TRACE 24 INPUT_ACCEPT 0 -1 0
TRACE 25 INPUT_ACCEPT 0 -1 0
TRACE 26 INPUT_ACCEPT 0 -1 0
TRACE 27 INPUT_ACCEPT 0 -1 0
TRACE 28 INPUT_ACCEPT 0 -1 0
TRACE 29 INPUT_ACCEPT 0 -1 0
TRACE 30 INPUT_ACCEPT 0 -1 0
TRACE 31 INPUT_ACCEPT 0 -1 0
TRACE 32 INPUT_ACCEPT 0 -1 0
TRACE 33 INPUT_ACCEPT 0 -1 0
TRACE 34 INPUT_ACCEPT 0 -1 0
TRACE 35 INPUT_ACCEPT 0 -1 0
TRACE 36 INPUT_ACCEPT 0 -1 0
TRACE 37 INPUT_ACCEPT 0 -1 0
TRACE 38 INPUT_ACCEPT 0 -1 0
TRACE 39 INPUT_ACCEPT 0 -1 0
TRACE 40 INPUT_ACCEPT 0 -1 0
TRACE 41 INPUT_ACCEPT 0 -1 0
TRACE 42 INPUT_ACCEPT 0 -1 0
TRACE 43 INPUT_ACCEPT 0 -1 0
TRACE 44 INPUT_ACCEPT 0 -1 0
TRACE 45 INPUT_ACCEPT 0 -1 0
TRACE 46 INPUT_ACCEPT 0 -1 0
TRACE 47 INPUT_ACCEPT 0 -1 0
TRACE 48 INPUT_ACCEPT 0 -1 0
TRACE 49 INPUT_ACCEPT 0 -1 0
TRACE 50 INPUT_ACCEPT 0 -1 0
TRACE 51 INPUT_ACCEPT 0 -1 0
TRACE 52 INPUT_ACCEPT 0 -1 0
TRACE 53 INPUT_ACCEPT 0 -1 0
TRACE 54 INPUT_ACCEPT 0 -1 0
TRACE 55 INPUT_ACCEPT 0 -1 0
TRACE 56 INPUT_ACCEPT 0 -1 0
TRACE 57 INPUT_ACCEPT 0 -1 0
TRACE 58 INPUT_ACCEPT 0 -1 0
TRACE 59 INPUT_ACCEPT 0 -1 0
TRACE 60 INPUT_ACCEPT 0 -1 0
TRACE 61 INPUT_ACCEPT 0 -1 0
TRACE 62 INPUT_ACCEPT 0 -1 0
TRACE 63 INPUT_ACCEPT 0 -1 0
TRACE 64 INPUT_ACCEPT 0 -1 0
TRACE 65 INPUT_ACCEPT 0 -1 0
TRACE 66 INPUT_ACCEPT 0 -1 0
TRACE 67 INPUT_ACCEPT 0 -1 0
TRACE 68 INPUT_ACCEPT 0 -1 0
TRACE 69 INPUT_ACCEPT 0 -1 0
TRACE 70 INPUT_ACCEPT 0 -1 0
TRACE 71 INPUT_ACCEPT 0 -1 0
TRACE 72 INPUT_ACCEPT 0 -1 0
TRACE 73 INPUT_ACCEPT 0 -1 0
TRACE 74 INPUT_ACCEPT 0 -1 0
TRACE 75 INPUT_ACCEPT 0 -1 0
TRACE 76 INPUT_ACCEPT 0 -1 0
TRACE 77 INPUT_ACCEPT 0 -1 0
TRACE 78 INPUT_ACCEPT 0 -1 0
TRACE 79 INPUT_ACCEPT 0 -1 0
TRACE 80 INPUT_ACCEPT 0 -1 0
TRACE 81 INPUT_ACCEPT 0 -1 0
TRACE 82 INPUT_ACCEPT 0 -1 0
TRACE 83 INPUT_ACCEPT 0 -1 0
TRACE 84 INPUT_ACCEPT 0 -1 0
TRACE 85 INPUT_ACCEPT 0 -1 0
TRACE 86 INPUT_ACCEPT 0 -1 0
TRACE 87 INPUT_ACCEPT 0 -1 0
TRACE 88 INPUT_ACCEPT 0 -1 0
TRACE 89 INPUT_ACCEPT 0 -1 0
TRACE 90 INPUT_ACCEPT 0 -1 0
TRACE 91 INPUT_ACCEPT 0 -1 0
TRACE 92 INPUT_ACCEPT 0 -1 0
TRACE 93 INPUT_ACCEPT 0 -1 0
TRACE 94 INPUT_ACCEPT 0 -1 0
TRACE 95 INPUT_ACCEPT 0 -1 0
TRACE 96 INPUT_ACCEPT 0 -1 0
TRACE 97 INPUT_ACCEPT 0 -1 0
TRACE 98 INPUT_ACCEPT 0 -1 0
TRACE 99 INPUT_ACCEPT 0 -1 0
TRACE 100 INPUT_ACCEPT 0 -1 0
TRACE 101 INPUT_ACCEPT 0 -1 0
TRACE 102 INPUT_ACCEPT 0 -1 0
TRACE 103 INPUT_ACCEPT 0 -1 0
TRACE 104 INPUT_ACCEPT 0 -1 0
TRACE 105 INPUT_ACCEPT 0 -1 0
TRACE 106 INPUT_ACCEPT 0 -1 0
TRACE 107 INPUT_ACCEPT 0 -1 0
TRACE 108 INPUT_ACCEPT 0 -1 0
TRACE 109 INPUT_ACCEPT 0 -1 0
TRACE 110 INPUT_ACCEPT 0 -1 0
TRACE 111 INPUT_ACCEPT 0 -1 0
TRACE 112 INPUT_ACCEPT 0 -1 0
TRACE 113 INPUT_ACCEPT 0 -1 0
TRACE 114 INPUT_ACCEPT 0 -1 0
TRACE 115 INPUT_ACCEPT 0 -1 0
TRACE 116 INPUT_ACCEPT 0 -1 0
TRACE 117 INPUT_ACCEPT 0 -1 0
TRACE 118 INPUT_ACCEPT 0 -1 0
TRACE 119 INPUT_ACCEPT 0 -1 0
TRACE 120 INPUT_ACCEPT 0 -1 0
TRACE 121 INPUT_ACCEPT 0 -1 0
TRACE 122 INPUT_ACCEPT 0 -1 0
TRACE 123 INPUT_ACCEPT 0 -1 0
TRACE 124 INPUT_ACCEPT 0 -1 0
TRACE 125 INPUT_ACCEPT 0 -1 0
TRACE 126 INPUT_ACCEPT 0 -1 0
TRACE 127 INPUT_ACCEPT 0 -1 0
TRACE 128 INPUT_ACCEPT 0 -1 0
TRACE 129 INPUT_ACCEPT 0 -1 0
TRACE 130 INPUT_ACCEPT 0 -1 0
TRACE 131 INPUT_ACCEPT 0 -1 0
TRACE 132 INPUT_ACCEPT 0 -1 0
TRACE 133 INPUT_ACCEPT 0 -1 0
TRACE 134 INPUT_ACCEPT 0 -1 0
TRACE 135 INPUT_ACCEPT 0 -1 0
TRACE 136 INPUT_ACCEPT 0 -1 0
TRACE 137 INPUT_ACCEPT 0 -1 0
TRACE 138 INPUT_ACCEPT 0 -1 0
TRACE 139 INPUT_ACCEPT 0 -1 0
TRACE 140 INPUT_ACCEPT 0 -1 0
TRACE 141 INPUT_ACCEPT 0 -1 0
TRACE 142 INPUT_ACCEPT 0 -1 0
TRACE 143 INPUT_ACCEPT 0 -1 0
TRACE 144 INPUT_ACCEPT 0 -1 0
TRACE 145 INPUT_ACCEPT 0 -1 0
TRACE 146 INPUT_ACCEPT 0 -1 0
TRACE 147 INPUT_ACCEPT 0 -1 0
TRACE 148 INPUT_ACCEPT 0 -1 0
TRACE 149 INPUT_ACCEPT 0 -1 0
TRACE 150 INPUT_ACCEPT 0 -1 0
TRACE 151 INPUT_ACCEPT 0 -1 0
TRACE 152 INPUT_ACCEPT 0 -1 0
TRACE 153 INPUT_ACCEPT 0 -1 0
TRACE 154 INPUT_ACCEPT 0 -1 0
TRACE 155 INPUT_ACCEPT 0 -1 0
TRACE 156 INPUT_ACCEPT 0 -1 0
TRACE 157 INPUT_ACCEPT 0 -1 0
TRACE 158 INPUT_ACCEPT 0 -1 0
TRACE 159 INPUT_ACCEPT 0 -1 0
TRACE 160 INPUT_ACCEPT 0 -1 0
TRACE 161 INPUT_ACCEPT 0 -1 0
TRACE 162 INPUT_ACCEPT 0 -1 0
TRACE 163 INPUT_ACCEPT 0 -1 0
TRACE 164 INPUT_ACCEPT 0 -1 0
TRACE 165 INPUT_ACCEPT 0 -1 0
TRACE 166 INPUT_ACCEPT 0 -1 0
TRACE 167 INPUT_ACCEPT 0 -1 0
TRACE 168 INPUT_ACCEPT 0 -1 0
TRACE 169 INPUT_ACCEPT 0 -1 0
TRACE 170 INPUT_ACCEPT 0 -1 0
TRACE 171 INPUT_ACCEPT 0 -1 0
TRACE 172 INPUT_ACCEPT 0 -1 0
TRACE 173 INPUT_ACCEPT 0 -1 0
TRACE 174 INPUT_ACCEPT 0 -1 0
TRACE 175 INPUT_ACCEPT 0 -1 0
TRACE 176 INPUT_ACCEPT 0 -1 0
TRACE 177 INPUT_ACCEPT 0 -1 0
TRACE 178 INPUT_ACCEPT 0 -1 0
TRACE 179 INPUT_ACCEPT 0 -1 0
TRACE 180 INPUT_ACCEPT 0 -1 0
TRACE 181 INPUT_ACCEPT 0 -1 0
TRACE 182 INPUT_ACCEPT 0 -1 0
TRACE 183 INPUT_ACCEPT 0 -1 0
TRACE 184 INPUT_ACCEPT 0 -1 0
TRACE 185 INPUT_ACCEPT 0 -1 0
TRACE 186 INPUT_ACCEPT 0 -1 0
TRACE 187 INPUT_ACCEPT 0 -1 0
TRACE 188 INPUT_ACCEPT 0 -1 0
TRACE 189 INPUT_ACCEPT 0 -1 0
TRACE 190 INPUT_ACCEPT 0 -1 0
TRACE 191 INPUT_ACCEPT 0 -1 0
TRACE 192 INPUT_ACCEPT 0 -1 0
TRACE 193 INPUT_ACCEPT 0 -1 0
TRACE 194 INPUT_ACCEPT 0 -1 0
TRACE 195 INPUT_ACCEPT 0 -1 0
TRACE 196 INPUT_ACCEPT 0 -1 0
TRACE 197 INPUT_ACCEPT 0 -1 0
TRACE 198 INPUT_ACCEPT 0 -1 0
TRACE 199 INPUT_ACCEPT 0 -1 0
TRACE 200 INPUT_ACCEPT 0 -1 0
TRACE 201 INPUT_ACCEPT 0 -1 0
TRACE 202 INPUT_ACCEPT 0 -1 0
TRACE 203 INPUT_ACCEPT 0 -1 0
TRACE 204 INPUT_ACCEPT 0 -1 0
TRACE 205 INPUT_ACCEPT 0 -1 0
TRACE 206 INPUT_ACCEPT 0 -1 0
TRACE 207 INPUT_ACCEPT 0 -1 0
TRACE 208 INPUT_ACCEPT 0 -1 0
TRACE 209 INPUT_ACCEPT 0 -1 0
TRACE 210 INPUT_ACCEPT 0 -1 0
TRACE 211 INPUT_ACCEPT 0 -1 0
TRACE 212 INPUT_ACCEPT 0 -1 0
TRACE 213 INPUT_ACCEPT 0 -1 0
TRACE 214 INPUT_ACCEPT 0 -1 0
TRACE 215 INPUT_ACCEPT 0 -1 0
TRACE 216 INPUT_ACCEPT 0 -1 0
TRACE 217 INPUT_ACCEPT 0 -1 0
TRACE 218 INPUT_ACCEPT 0 -1 0
TRACE 219 INPUT_ACCEPT 0 -1 0
TRACE 220 INPUT_ACCEPT 0 -1 0
TRACE 221 INPUT_ACCEPT 0 -1 0
TRACE 222 INPUT_ACCEPT 0 -1 0
TRACE 223 INPUT_ACCEPT 0 -1 0
TRACE 224 INPUT_ACCEPT 0 -1 0
TRACE 225 INPUT_ACCEPT 0 -1 0
TRACE 226 INPUT_ACCEPT 0 -1 0
TRACE 227 INPUT_ACCEPT 0 -1 0
TRACE 228 INPUT_ACCEPT 0 -1 0
TRACE 229 INPUT_ACCEPT 0 -1 0
TRACE 230 INPUT_ACCEPT 0 -1 0
TRACE 231 INPUT_ACCEPT 0 -1 0
TRACE 232 INPUT_ACCEPT 0 -1 0
TRACE 233 INPUT_ACCEPT 0 -1 0
TRACE 234 INPUT_ACCEPT 0 -1 0
TRACE 235 INPUT_ACCEPT 0 -1 0
TRACE 236 INPUT_ACCEPT 0 -1 0
TRACE 237 INPUT_ACCEPT 0 -1 0
TRACE 238 INPUT_ACCEPT 0 -1 0
TRACE 239 INPUT_ACCEPT 0 -1 0
TRACE 240 INPUT_ACCEPT 0 -1 0
TRACE 241 INPUT_ACCEPT 0 -1 0
TRACE 242 INPUT_ACCEPT 0 -1 0
TRACE 243 INPUT_ACCEPT 0 -1 0
TRACE 244 INPUT_ACCEPT 0 -1 0
TRACE 245 INPUT_ACCEPT 0 -1 0
TRACE 246 INPUT_ACCEPT 0 -1 0
TRACE 247 INPUT_ACCEPT 0 -1 0
TRACE 248 INPUT_ACCEPT 0 -1 0
TRACE 249 INPUT_ACCEPT 0 -1 0
TRACE 250 INPUT_ACCEPT 0 -1 0
TRACE 251 INPUT_ACCEPT 0 -1 0
TRACE 252 INPUT_ACCEPT 0 -1 0
TRACE 253 INPUT_ACCEPT 0 -1 0
TRACE 254 INPUT_ACCEPT 0 -1 0
TRACE 255 INPUT_ACCEPT 0 -1 0
TRACE 256 INPUT_ACCEPT 0 -1 0
TRACE 257 INPUT_ACCEPT 0 -1 0
TRACE 258 INPUT_ACCEPT 0 -1 0
TRACE 259 INPUT_ACCEPT 0 -1 0
TRACE 260 INPUT_ACCEPT 0 -1 0
TRACE 261 INPUT_ACCEPT 0 -1 0
TRACE 262 INPUT_ACCEPT 0 -1 0
TRACE 263 INPUT_ACCEPT 0 -1 0
TRACE 264 INPUT_ACCEPT 0 -1 0
TRACE 265 INPUT_ACCEPT 0 -1 0
TRACE 266 INPUT_ACCEPT 0 -1 0
TRACE 267 INPUT_ACCEPT 0 -1 0
TRACE 268 INPUT_ACCEPT 0 -1 0
TRACE 269 INPUT_ACCEPT 0 -1 0
TRACE 270 INPUT_ACCEPT 0 -1 0
TRACE 271 INPUT_ACCEPT 0 -1 0
TRACE 272 INPUT_ACCEPT 0 -1 0
TRACE 273 INPUT_ACCEPT 0 -1 0
TRACE 274 INPUT_ACCEPT 0 -1 0
TRACE 275 INPUT_ACCEPT 0 -1 0
TRACE 276 INPUT_ACCEPT 0 -1 0
TRACE 277 INPUT_ACCEPT 0 -1 0
TRACE 278 INPUT_ACCEPT 0 -1 0
TRACE 279 INPUT_ACCEPT 0 -1 0
TRACE 280 INPUT_ACCEPT 0 -1 0
TRACE 281 INPUT_ACCEPT 0 -1 0
TRACE 282 INPUT_ACCEPT 0 -1 0
TRACE 283 INPUT_ACCEPT 0 -1 0
TRACE 284 INPUT_ACCEPT 0 -1 0
TRACE 285 INPUT_ACCEPT 0 -1 0
TRACE 286 INPUT_ACCEPT 0 -1 0
TRACE 287 INPUT_ACCEPT 0 -1 0
TRACE 288 INPUT_ACCEPT 0 -1 0
TRACE 289 INPUT_ACCEPT 0 -1 0
TRACE 290 INPUT_ACCEPT 0 -1 0
TRACE 291 INPUT_ACCEPT 0 -1 0
TRACE 292 INPUT_ACCEPT 0 -1 0
TRACE 293 INPUT_ACCEPT 0 -1 0
TRACE 294 INPUT_ACCEPT 0 -1 0
TRACE 295 INPUT_ACCEPT 0 -1 0
TRACE 296 INPUT_ACCEPT 0 -1 0
TRACE 297 INPUT_ACCEPT 0 -1 0
TRACE 298 INPUT_ACCEPT 0 -1 0
TRACE 299 INPUT_ACCEPT 0 -1 0
TRACE 300 INPUT_ACCEPT 0 -1 0
TRACE 301 INPUT_ACCEPT 0 -1 0
TRACE 302 INPUT_ACCEPT 0 -1 0
TRACE 303 INPUT_ACCEPT 0 -1 0
TRACE 304 INPUT_ACCEPT 0 -1 0
TRACE 305 INPUT_ACCEPT 0 -1 0
TRACE 306 INPUT_ACCEPT 0 -1 0
TRACE 307 INPUT_ACCEPT 0 -1 0
TRACE 308 INPUT_ACCEPT 0 -1 0
TRACE 309 INPUT_ACCEPT 0 -1 0
TRACE 310 INPUT_ACCEPT 0 -1 0
TRACE 311 INPUT_ACCEPT 0 -1 0
TRACE 312 INPUT_ACCEPT 0 -1 0
TRACE 313 INPUT_ACCEPT 0 -1 0
TRACE 314 INPUT_ACCEPT 0 -1 0
TRACE 315 INPUT_ACCEPT 0 -1 0
TRACE 316 INPUT_ACCEPT 0 -1 0
TRACE 317 INPUT_ACCEPT 0 -1 0
TRACE 318 INPUT_ACCEPT 0 -1 0
TRACE 319 INPUT_ACCEPT 0 -1 0
TRACE 320 INPUT_ACCEPT 0 -1 0
TRACE 321 INPUT_ACCEPT 0 -1 0
TRACE 322 INPUT_ACCEPT 0 -1 0
TRACE 323 INPUT_ACCEPT 0 -1 0
TRACE 324 INPUT_ACCEPT 0 -1 0
TRACE 325 INPUT_ACCEPT 0 -1 0
TRACE 326 INPUT_ACCEPT 0 -1 0
TRACE 327 INPUT_ACCEPT 0 -1 0
TRACE 328 INPUT_ACCEPT 0 -1 0
TRACE 329 INPUT_ACCEPT 0 -1 0
TRACE 330 INPUT_ACCEPT 0 -1 0
TRACE 331 INPUT_ACCEPT 0 -1 0
TRACE 332 INPUT_ACCEPT 0 -1 0
TRACE 333 INPUT_ACCEPT 0 -1 0
TRACE 334 INPUT_ACCEPT 0 -1 0
TRACE 335 INPUT_ACCEPT 0 -1 0
TRACE 336 INPUT_ACCEPT 0 -1 0
TRACE 337 INPUT_ACCEPT 0 -1 0
TRACE 338 INPUT_ACCEPT 0 -1 0
TRACE 339 INPUT_ACCEPT 0 -1 0
TRACE 340 INPUT_ACCEPT 0 -1 0
TRACE 341 INPUT_ACCEPT 0 -1 0
TRACE 342 INPUT_ACCEPT 0 -1 0
TRACE 343 INPUT_ACCEPT 0 -1 0
TRACE 344 INPUT_ACCEPT 0 -1 0
TRACE 345 INPUT_ACCEPT 0 -1 0
TRACE 346 INPUT_ACCEPT 0 -1 0
TRACE 347 INPUT_ACCEPT 0 -1 0
TRACE 348 INPUT_ACCEPT 0 -1 0
TRACE 349 INPUT_ACCEPT 0 -1 0
TRACE 350 INPUT_ACCEPT 0 -1 0
TRACE 351 INPUT_ACCEPT 0 -1 0
TRACE 352 INPUT_ACCEPT 0 -1 0
TRACE 353 INPUT_ACCEPT 0 -1 0
TRACE 354 INPUT_ACCEPT 0 -1 0
TRACE 355 INPUT_ACCEPT 0 -1 0
TRACE 356 INPUT_ACCEPT 0 -1 0
TRACE 357 INPUT_ACCEPT 0 -1 0
TRACE 358 INPUT_ACCEPT 0 -1 0
TRACE 359 INPUT_ACCEPT 0 -1 0
TRACE 360 INPUT_ACCEPT 0 -1 0
TRACE 361 INPUT_ACCEPT 0 -1 0
TRACE 362 INPUT_ACCEPT 0 -1 0
TRACE 363 INPUT_ACCEPT 0 -1 0
TRACE 364 INPUT_ACCEPT 0 -1 0
TRACE 365 INPUT_ACCEPT 0 -1 0
TRACE 366 INPUT_ACCEPT 0 -1 0
TRACE 367 INPUT_ACCEPT 0 -1 0
TRACE 368 INPUT_ACCEPT 0 -1 0
TRACE 369 INPUT_ACCEPT 0 -1 0
TRACE 370 INPUT_ACCEPT 0 -1 0
TRACE 371 INPUT_ACCEPT 0 -1 0
TRACE 372 INPUT_ACCEPT 0 -1 0
TRACE 373 INPUT_ACCEPT 0 -1 0
TRACE 374 INPUT_ACCEPT 0 -1 0
TRACE 375 INPUT_ACCEPT 0 -1 0
TRACE 376 INPUT_ACCEPT 0 -1 0
TRACE 377 INPUT_ACCEPT 0 -1 0
TRACE 378 INPUT_ACCEPT 0 -1 0
TRACE 379 INPUT_ACCEPT 0 -1 0
TRACE 380 INPUT_ACCEPT 0 -1 0
TRACE 381 INPUT_ACCEPT 0 -1 0
TRACE 382 INPUT_ACCEPT 0 -1 0
TRACE 383 INPUT_ACCEPT 0 -1 0
TRACE 384 INPUT_ACCEPT 0 -1 0
TRACE 385 INPUT_ACCEPT 0 -1 0
TRACE 386 INPUT_ACCEPT 0 -1 0
TRACE 387 INPUT_ACCEPT 0 -1 0
TRACE 388 INPUT_ACCEPT 0 -1 0
TRACE 389 INPUT_ACCEPT 0 -1 0
TRACE 390 INPUT_ACCEPT 0 -1 0
TRACE 391 INPUT_ACCEPT 0 -1 0
TRACE 392 INPUT_ACCEPT 0 -1 0
TRACE 393 INPUT_ACCEPT 0 -1 0
TRACE 394 INPUT_ACCEPT 0 -1 0
TRACE 395 INPUT_ACCEPT 0 -1 0
TRACE 396 INPUT_ACCEPT 0 -1 0
TRACE 397 INPUT_ACCEPT 0 -1 0
TRACE 398 INPUT_ACCEPT 0 -1 0
TRACE 399 INPUT_ACCEPT 0 -1 0
TRACE 400 INPUT_ACCEPT 0 -1 0
TRACE 401 INPUT_ACCEPT 0 -1 0
TRACE 402 INPUT_ACCEPT 0 -1 0
TRACE 403 INPUT_ACCEPT 0 -1 0
TRACE 404 INPUT_ACCEPT 0 -1 0
TRACE 405 INPUT_ACCEPT 0 -1 0
TRACE 406 INPUT_ACCEPT 0 -1 0
TRACE 407 INPUT_ACCEPT 0 -1 0
TRACE 408 INPUT_ACCEPT 0 -1 0
TRACE 409 INPUT_ACCEPT 0 -1 0
TRACE 410 INPUT_ACCEPT 0 -1 0
TRACE 411 INPUT_ACCEPT 0 -1 0
TRACE 412 INPUT_ACCEPT 0 -1 0
TRACE 413 INPUT_ACCEPT 0 -1 0
TRACE 414 INPUT_ACCEPT 0 -1 0
TRACE 415 INPUT_ACCEPT 0 -1 0
TRACE 416 INPUT_ACCEPT 0 -1 0
TRACE 417 INPUT_ACCEPT 0 -1 0
TRACE 418 INPUT_ACCEPT 0 -1 0
TRACE 419 INPUT_ACCEPT 0 -1 0
TRACE 420 INPUT_ACCEPT 0 -1 0
TRACE 421 INPUT_ACCEPT 0 -1 0
TRACE 422 INPUT_ACCEPT 0 -1 0
TRACE 423 INPUT_ACCEPT 0 -1 0
TRACE 424 INPUT_ACCEPT 0 -1 0
TRACE 425 INPUT_ACCEPT 0 -1 0
TRACE 426 INPUT_ACCEPT 0 -1 0
TRACE 427 INPUT_ACCEPT 0 -1 0
TRACE 428 INPUT_ACCEPT 0 -1 0
TRACE 429 INPUT_ACCEPT 0 -1 0
TRACE 430 INPUT_ACCEPT 0 -1 0
TRACE 431 INPUT_ACCEPT 0 -1 0
TRACE 432 INPUT_ACCEPT 0 -1 0
TRACE 433 INPUT_ACCEPT 0 -1 0
TRACE 434 INPUT_ACCEPT 0 -1 0
TRACE 435 INPUT_ACCEPT 0 -1 0
TRACE 436 INPUT_ACCEPT 0 -1 0
TRACE 437 INPUT_ACCEPT 0 -1 0
TRACE 438 INPUT_ACCEPT 0 -1 0
TRACE 439 INPUT_ACCEPT 0 -1 0
TRACE 440 INPUT_ACCEPT 0 -1 0
TRACE 441 INPUT_ACCEPT 0 -1 0
TRACE 442 INPUT_ACCEPT 0 -1 0
TRACE 443 INPUT_ACCEPT 0 -1 0
TRACE 444 INPUT_ACCEPT 0 -1 0
TRACE 445 INPUT_ACCEPT 0 -1 0
TRACE 446 INPUT_ACCEPT 0 -1 0
TRACE 447 INPUT_ACCEPT 0 -1 0
TRACE 448 INPUT_ACCEPT 0 -1 0
TRACE 449 INPUT_ACCEPT 0 -1 0
TRACE 450 INPUT_ACCEPT 0 -1 0
TRACE 451 INPUT_ACCEPT 0 -1 0
TRACE 452 INPUT_ACCEPT 0 -1 0
TRACE 453 INPUT_ACCEPT 0 -1 0
TRACE 454 INPUT_ACCEPT 0 -1 0
TRACE 455 INPUT_ACCEPT 0 -1 0
TRACE 456 INPUT_ACCEPT 0 -1 0
TRACE 457 INPUT_ACCEPT 0 -1 0
TRACE 458 INPUT_ACCEPT 0 -1 0
TRACE 459 INPUT_ACCEPT 0 -1 0
TRACE 460 INPUT_ACCEPT 0 -1 0
TRACE 461 INPUT_ACCEPT 0 -1 0
TRACE 462 INPUT_ACCEPT 0 -1 0
TRACE 463 INPUT_ACCEPT 0 -1 0
TRACE 464 INPUT_ACCEPT 0 -1 0
TRACE 465 INPUT_ACCEPT 0 -1 0
TRACE 466 INPUT_ACCEPT 0 -1 0
TRACE 467 INPUT_ACCEPT 0 -1 0
TRACE 468 INPUT_ACCEPT 0 -1 0
TRACE 469 INPUT_ACCEPT 0 -1 0
TRACE 470 INPUT_ACCEPT 0 -1 0
TRACE 471 INPUT_ACCEPT 0 -1 0
TRACE 472 INPUT_ACCEPT 0 -1 0
TRACE 473 INPUT_ACCEPT 0 -1 0
TRACE 474 INPUT_ACCEPT 0 -1 0
TRACE 475 INPUT_ACCEPT 0 -1 0
TRACE 476 INPUT_ACCEPT 0 -1 0
TRACE 477 INPUT_ACCEPT 0 -1 0
TRACE 478 INPUT_ACCEPT 0 -1 0
TRACE 479 INPUT_ACCEPT 0 -1 0
TRACE 480 INPUT_ACCEPT 0 -1 0
TRACE 481 INPUT_ACCEPT 0 -1 0
TRACE 482 INPUT_ACCEPT 0 -1 0
TRACE 483 INPUT_ACCEPT 0 -1 0
TRACE 484 INPUT_ACCEPT 0 -1 0
TRACE 485 INPUT_ACCEPT 0 -1 0
TRACE 486 INPUT_ACCEPT 0 -1 0
TRACE 487 INPUT_ACCEPT 0 -1 0
TRACE 488 INPUT_ACCEPT 0 -1 0
TRACE 489 INPUT_ACCEPT 0 -1 0
TRACE 490 INPUT_ACCEPT 0 -1 0
TRACE 491 INPUT_ACCEPT 0 -1 0
TRACE 492 INPUT_ACCEPT 0 -1 0
TRACE 493 INPUT_ACCEPT 0 -1 0
TRACE 494 INPUT_ACCEPT 0 -1 0
TRACE 495 INPUT_ACCEPT 0 -1 0
TRACE 496 INPUT_ACCEPT 0 -1 0
TRACE 497 INPUT_ACCEPT 0 -1 0
TRACE 498 INPUT_ACCEPT 0 -1 0
TRACE 499 INPUT_ACCEPT 0 -1 0
TRACE 500 INPUT_ACCEPT 0 -1 0
TRACE 501 INPUT_ACCEPT 0 -1 0
TRACE 502 INPUT_ACCEPT 0 -1 0
TRACE 503 INPUT_ACCEPT 0 -1 0
TRACE 504 INPUT_ACCEPT 0 -1 0
TRACE 505 INPUT_ACCEPT 0 -1 0
TRACE 506 INPUT_ACCEPT 0 -1 0
TRACE 507 INPUT_ACCEPT 0 -1 0
TRACE 508 INPUT_ACCEPT 0 -1 0
TRACE 509 INPUT_ACCEPT 0 -1 0
TRACE 510 INPUT_ACCEPT 0 -1 0
TRACE 511 INPUT_ACCEPT 0 -1 0
TRACE 512 INPUT_ACCEPT 0 -1 0
TRACE 513 INPUT_ACCEPT 0 -1 0
TRACE 514 INPUT_ACCEPT 0 -1 0
TRACE 515 INPUT_ACCEPT 0 -1 0
TRACE 516 INPUT_ACCEPT 0 -1 0
TRACE 517 INPUT_ACCEPT 0 -1 0
TRACE 518 INPUT_ACCEPT 0 -1 0
TRACE 519 INPUT_ACCEPT 0 -1 0
TRACE 520 INPUT_ACCEPT 0 -1 0
TRACE 521 INPUT_ACCEPT 0 -1 0
TRACE 522 INPUT_ACCEPT 0 -1 0
TRACE 523 INPUT_ACCEPT 0 -1 0
TRACE 524 INPUT_ACCEPT 0 -1 0
TRACE 525 INPUT_ACCEPT 0 -1 0
TRACE 526 INPUT_ACCEPT 0 -1 0
TRACE 527 INPUT_ACCEPT 0 -1 0
TRACE 528 INPUT_ACCEPT 0 -1 0
TRACE 529 INPUT_ACCEPT 0 -1 0
TRACE 530 INPUT_ACCEPT 0 -1 0
TRACE 531 INPUT_ACCEPT 0 -1 0
TRACE 532 INPUT_ACCEPT 0 -1 0
TRACE 533 INPUT_ACCEPT 0 -1 0
TRACE 534 INPUT_ACCEPT 0 -1 0
TRACE 535 INPUT_ACCEPT 0 -1 0
TRACE 536 INPUT_ACCEPT 0 -1 0
TRACE 537 INPUT_ACCEPT 0 -1 0
TRACE 538 INPUT_ACCEPT 0 -1 0
TRACE 539 INPUT_ACCEPT 0 -1 0
TRACE 540 INPUT_ACCEPT 0 -1 0
TRACE 541 INPUT_ACCEPT 0 -1 0
TRACE 542 INPUT_ACCEPT 0 -1 0
TRACE 543 INPUT_ACCEPT 0 -1 0
TRACE 544 INPUT_ACCEPT 0 -1 0
TRACE 545 INPUT_ACCEPT 0 -1 0
TRACE 546 INPUT_ACCEPT 0 -1 0
TRACE 547 INPUT_ACCEPT 0 -1 0
TRACE 548 INPUT_ACCEPT 0 -1 0
TRACE 549 INPUT_ACCEPT 0 -1 0
TRACE 550 INPUT_ACCEPT 0 -1 0
TRACE 551 INPUT_ACCEPT 0 -1 0
TRACE 552 INPUT_ACCEPT 0 -1 0
TRACE 553 INPUT_ACCEPT 0 -1 0
TRACE 554 INPUT_ACCEPT 0 -1 0
TRACE 555 INPUT_ACCEPT 0 -1 0
TRACE 556 INPUT_ACCEPT 0 -1 0
TRACE 557 INPUT_ACCEPT 0 -1 0
TRACE 558 INPUT_ACCEPT 0 -1 0
TRACE 559 INPUT_ACCEPT 0 -1 0
TRACE 560 INPUT_ACCEPT 0 -1 0
TRACE 561 INPUT_ACCEPT 0 -1 0
TRACE 562 INPUT_ACCEPT 0 -1 0
TRACE 563 INPUT_ACCEPT 0 -1 0
TRACE 564 INPUT_ACCEPT 0 -1 0
TRACE 565 INPUT_ACCEPT 0 -1 0
TRACE 566 INPUT_ACCEPT 0 -1 0
TRACE 567 INPUT_ACCEPT 0 -1 0
TRACE 568 INPUT_ACCEPT 0 -1 0
TRACE 569 INPUT_ACCEPT 0 -1 0
TRACE 570 INPUT_ACCEPT 0 -1 0
TRACE 571 INPUT_ACCEPT 0 -1 0
TRACE 572 INPUT_ACCEPT 0 -1 0
TRACE 573 INPUT_ACCEPT 0 -1 0
TRACE 574 INPUT_ACCEPT 0 -1 0
TRACE 575 INPUT_ACCEPT 0 -1 0
TRACE 576 INPUT_ACCEPT 0 -1 0
TRACE 577 INPUT_ACCEPT 0 -1 0
TRACE 578 INPUT_ACCEPT 0 -1 0
TRACE 579 INPUT_ACCEPT 0 -1 0
TRACE 580 INPUT_ACCEPT 0 -1 0
TRACE 581 INPUT_ACCEPT 0 -1 0
TRACE 582 INPUT_ACCEPT 0 -1 0
TRACE 583 INPUT_ACCEPT 0 -1 0
TRACE 584 INPUT_ACCEPT 0 -1 0
TRACE 585 INPUT_ACCEPT 0 -1 0
TRACE 586 INPUT_ACCEPT 0 -1 0
TRACE 587 INPUT_ACCEPT 0 -1 0
TRACE 588 INPUT_ACCEPT 0 -1 0
TRACE 589 INPUT_ACCEPT 0 -1 0
TRACE 590 INPUT_ACCEPT 0 -1 0
TRACE 591 INPUT_ACCEPT 0 -1 0
TRACE 592 INPUT_ACCEPT 0 -1 0
TRACE 593 INPUT_ACCEPT 0 -1 0
TRACE 594 INPUT_ACCEPT 0 -1 0
TRACE 595 INPUT_ACCEPT 0 -1 0
TRACE 596 INPUT_ACCEPT 0 -1 0
TRACE 597 INPUT_ACCEPT 0 -1 0
TRACE 598 INPUT_ACCEPT 0 -1 0
TRACE 599 INPUT_ACCEPT 0 -1 0
TRACE 600 INPUT_ACCEPT 0 -1 0
TRACE 601 INPUT_ACCEPT 0 -1 0
TRACE 602 INPUT_ACCEPT 0 -1 0
TRACE 603 INPUT_ACCEPT 0 -1 0
TRACE 604 INPUT_ACCEPT 0 -1 0
TRACE 605 INPUT_ACCEPT 0 -1 0
TRACE 606 INPUT_ACCEPT 0 -1 0
TRACE 607 INPUT_ACCEPT 0 -1 0
TRACE 608 INPUT_ACCEPT 0 -1 0
TRACE 609 INPUT_ACCEPT 0 -1 0
TRACE 610 INPUT_ACCEPT 0 -1 0
TRACE 611 INPUT_ACCEPT 0 -1 0
TRACE 612 INPUT_ACCEPT 0 -1 0
TRACE 613 INPUT_ACCEPT 0 -1 0
TRACE 614 INPUT_ACCEPT 0 -1 0
TRACE 615 INPUT_ACCEPT 0 -1 0
TRACE 616 INPUT_ACCEPT 0 -1 0
TRACE 617 INPUT_ACCEPT 0 -1 0
TRACE 618 INPUT_ACCEPT 0 -1 0
TRACE 619 INPUT_ACCEPT 0 -1 0
TRACE 620 INPUT_ACCEPT 0 -1 0
TRACE 621 INPUT_ACCEPT 0 -1 0
TRACE 622 INPUT_ACCEPT 0 -1 0
TRACE 623 INPUT_ACCEPT 0 -1 0
TRACE 624 INPUT_ACCEPT 0 -1 0
TRACE 625 INPUT_ACCEPT 0 -1 0
TRACE 626 INPUT_ACCEPT 0 -1 0
TRACE 627 INPUT_ACCEPT 0 -1 0
TRACE 628 INPUT_ACCEPT 0 -1 0
TRACE 629 INPUT_ACCEPT 0 -1 0
TRACE 630 INPUT_ACCEPT 0 -1 0
TRACE 631 INPUT_ACCEPT 0 -1 0
TRACE 632 INPUT_ACCEPT 0 -1 0
TRACE 633 INPUT_ACCEPT 0 -1 0
TRACE 634 INPUT_ACCEPT 0 -1 0
TRACE 635 INPUT_ACCEPT 0 -1 0
TRACE 636 INPUT_ACCEPT 0 -1 0
TRACE 637 INPUT_ACCEPT 0 -1 0
TRACE 638 INPUT_ACCEPT 0 -1 0
TRACE 639 INPUT_ACCEPT 0 -1 0
TRACE 640 INPUT_ACCEPT 0 -1 0
TRACE 641 INPUT_ACCEPT 0 -1 0
TRACE 642 INPUT_ACCEPT 0 -1 0
TRACE 643 INPUT_ACCEPT 0 -1 0
TRACE 644 INPUT_ACCEPT 0 -1 0
TRACE 645 INPUT_ACCEPT 0 -1 0
TRACE 646 INPUT_ACCEPT 0 -1 0
TRACE 647 INPUT_ACCEPT 0 -1 0
TRACE 648 INPUT_ACCEPT 0 -1 0
TRACE 649 INPUT_ACCEPT 0 -1 0
TRACE 650 INPUT_ACCEPT 0 -1 0
TRACE 651 INPUT_ACCEPT 0 -1 0
TRACE 652 INPUT_ACCEPT 0 -1 0
TRACE 653 INPUT_ACCEPT 0 -1 0
TRACE 654 INPUT_ACCEPT 0 -1 0
TRACE 655 INPUT_ACCEPT 0 -1 0
TRACE 656 INPUT_ACCEPT 0 -1 0
TRACE 657 INPUT_ACCEPT 0 -1 0
TRACE 658 INPUT_ACCEPT 0 -1 0
TRACE 659 INPUT_ACCEPT 0 -1 0
TRACE 660 INPUT_ACCEPT 0 -1 0
TRACE 661 INPUT_ACCEPT 0 -1 0
TRACE 662 INPUT_ACCEPT 0 -1 0
TRACE 663 INPUT_ACCEPT 0 -1 0
TRACE 664 INPUT_ACCEPT 0 -1 0
TRACE 665 INPUT_ACCEPT 0 -1 0
TRACE 666 INPUT_ACCEPT 0 -1 0
TRACE 667 INPUT_ACCEPT 0 -1 0
TRACE 668 INPUT_ACCEPT 0 -1 0
TRACE 669 INPUT_ACCEPT 0 -1 0
TRACE 670 INPUT_ACCEPT 0 -1 0
TRACE 671 INPUT_ACCEPT 0 -1 0
TRACE 672 INPUT_ACCEPT 0 -1 0
TRACE 673 INPUT_ACCEPT 0 -1 0
TRACE 674 INPUT_ACCEPT 0 -1 0
TRACE 675 INPUT_ACCEPT 0 -1 0
TRACE 676 INPUT_ACCEPT 0 -1 0
TRACE 677 INPUT_ACCEPT 0 -1 0
TRACE 678 INPUT_ACCEPT 0 -1 0
TRACE 679 INPUT_ACCEPT 0 -1 0
TRACE 680 INPUT_ACCEPT 0 -1 0
TRACE 681 INPUT_ACCEPT 0 -1 0
TRACE 682 INPUT_ACCEPT 0 -1 0
TRACE 683 INPUT_ACCEPT 0 -1 0
TRACE 684 INPUT_ACCEPT 0 -1 0
TRACE 685 INPUT_ACCEPT 0 -1 0
TRACE 686 INPUT_ACCEPT 0 -1 0
TRACE 687 INPUT_ACCEPT 0 -1 0
TRACE 688 INPUT_ACCEPT 0 -1 0
TRACE 689 INPUT_ACCEPT 0 -1 0
TRACE 690 INPUT_ACCEPT 0 -1 0
TRACE 691 INPUT_ACCEPT 0 -1 0
TRACE 692 INPUT_ACCEPT 0 -1 0
TRACE 693 INPUT_ACCEPT 0 -1 0
TRACE 694 INPUT_ACCEPT 0 -1 0
TRACE 695 INPUT_ACCEPT 0 -1 0
TRACE 696 INPUT_ACCEPT 0 -1 0
TRACE 697 INPUT_ACCEPT 0 -1 0
TRACE 698 INPUT_ACCEPT 0 -1 0
TRACE 699 INPUT_ACCEPT 0 -1 0
TRACE 700 INPUT_ACCEPT 0 -1 0
TRACE 701 INPUT_ACCEPT 0 -1 0
TRACE 702 INPUT_ACCEPT 0 -1 0
TRACE 703 INPUT_ACCEPT 0 -1 0
TRACE 704 INPUT_ACCEPT 0 -1 0
TRACE 705 INPUT_ACCEPT 0 -1 0
TRACE 706 INPUT_ACCEPT 0 -1 0
TRACE 707 INPUT_ACCEPT 0 -1 0
TRACE 708 INPUT_ACCEPT 0 -1 0
TRACE 709 INPUT_ACCEPT 0 -1 0
TRACE 710 INPUT_ACCEPT 0 -1 0
TRACE 711 INPUT_ACCEPT 0 -1 0
TRACE 712 INPUT_ACCEPT 0 -1 0
TRACE 713 INPUT_ACCEPT 0 -1 0
TRACE 714 INPUT_ACCEPT 0 -1 0
TRACE 715 INPUT_ACCEPT 0 -1 0
TRACE 716 INPUT_ACCEPT 0 -1 0
TRACE 717 INPUT_ACCEPT 0 -1 0
TRACE 718 INPUT_ACCEPT 0 -1 0
TRACE 719 INPUT_ACCEPT 0 -1 0
TRACE 720 INPUT_ACCEPT 0 -1 0
TRACE 721 INPUT_ACCEPT 0 -1 0
TRACE 722 INPUT_ACCEPT 0 -1 0
TRACE 723 INPUT_ACCEPT 0 -1 0
TRACE 724 INPUT_ACCEPT 0 -1 0
TRACE 725 INPUT_ACCEPT 0 -1 0
TRACE 726 INPUT_ACCEPT 0 -1 0
TRACE 727 INPUT_ACCEPT 0 -1 0
TRACE 728 INPUT_ACCEPT 0 -1 0
TRACE 729 INPUT_ACCEPT 0 -1 0
TRACE 730 INPUT_ACCEPT 0 -1 0
TRACE 731 INPUT_ACCEPT 0 -1 0
TRACE 732 INPUT_ACCEPT 0 -1 0
TRACE 733 INPUT_ACCEPT 0 -1 0
TRACE 734 INPUT_ACCEPT 0 -1 0
TRACE 735 INPUT_ACCEPT 0 -1 0
TRACE 736 INPUT_ACCEPT 0 -1 0
TRACE 737 INPUT_ACCEPT 0 -1 0
TRACE 738 INPUT_ACCEPT 0 -1 0
TRACE 739 INPUT_ACCEPT 0 -1 0
TRACE 740 INPUT_ACCEPT 0 -1 0
TRACE 741 INPUT_ACCEPT 0 -1 0
TRACE 742 INPUT_ACCEPT 0 -1 0
TRACE 743 INPUT_ACCEPT 0 -1 0
TRACE 744 INPUT_ACCEPT 0 -1 0
TRACE 745 INPUT_ACCEPT 0 -1 0
TRACE 746 INPUT_ACCEPT 0 -1 0
TRACE 747 INPUT_ACCEPT 0 -1 0
TRACE 748 INPUT_ACCEPT 0 -1 0
TRACE 749 INPUT_ACCEPT 0 -1 0
TRACE 750 INPUT_ACCEPT 0 -1 0
TRACE 751 INPUT_ACCEPT 0 -1 0
TRACE 752 INPUT_ACCEPT 0 -1 0
TRACE 753 INPUT_ACCEPT 0 -1 0
TRACE 754 INPUT_ACCEPT 0 -1 0
TRACE 755 INPUT_ACCEPT 0 -1 0
TRACE 756 INPUT_ACCEPT 0 -1 0
TRACE 757 INPUT_ACCEPT 0 -1 0
TRACE 758 INPUT_ACCEPT 0 -1 0
TRACE 759 INPUT_ACCEPT 0 -1 0
TRACE 760 INPUT_ACCEPT 0 -1 0
TRACE 761 INPUT_ACCEPT 0 -1 0
TRACE 762 INPUT_ACCEPT 0 -1 0
TRACE 763 INPUT_ACCEPT 0 -1 0
TRACE 764 INPUT_ACCEPT 0 -1 0
TRACE 765 INPUT_ACCEPT 0 -1 0
TRACE 766 INPUT_ACCEPT 0 -1 0
TRACE 767 INPUT_ACCEPT 0 -1 0
TRACE 768 INPUT_ACCEPT 0 -1 0
TRACE 769 INPUT_ACCEPT 0 -1 0
TRACE 770 INPUT_ACCEPT 0 -1 0
TRACE 771 INPUT_ACCEPT 0 -1 0
TRACE 772 INPUT_ACCEPT 0 -1 0
TRACE 773 INPUT_ACCEPT 0 -1 0
TRACE 774 INPUT_ACCEPT 0 -1 0
TRACE 775 INPUT_ACCEPT 0 -1 0
TRACE 776 INPUT_ACCEPT 0 -1 0
TRACE 777 INPUT_ACCEPT 0 -1 0
TRACE 778 INPUT_ACCEPT 0 -1 0
TRACE 779 INPUT_ACCEPT 0 -1 0
TRACE 780 INPUT_ACCEPT 0 -1 0
TRACE 781 INPUT_ACCEPT 0 -1 0
TRACE 782 INPUT_ACCEPT 0 -1 0
TRACE 783 INPUT_ACCEPT 0 -1 0
TRACE 784 INPUT_ACCEPT 0 -1 0
TRACE 785 INPUT_ACCEPT 0 -1 0
TRACE 786 INPUT_ACCEPT 0 -1 0
TRACE 787 INPUT_ACCEPT 0 -1 0
TRACE 788 INPUT_ACCEPT 0 -1 0
TRACE 789 INPUT_ACCEPT 0 -1 0
TRACE 790 INPUT_ACCEPT 0 -1 0
TRACE 791 INPUT_ACCEPT 0 -1 0
TRACE 792 INPUT_ACCEPT 0 -1 0
TRACE 793 INPUT_ACCEPT 0 -1 0
TRACE 794 INPUT_ACCEPT 0 -1 0
TRACE 795 INPUT_ACCEPT 0 -1 0
TRACE 796 INPUT_ACCEPT 0 -1 0
TRACE 797 INPUT_ACCEPT 0 -1 0
TRACE 798 INPUT_ACCEPT 0 -1 0
TRACE 799 INPUT_ACCEPT 0 -1 0
TRACE 800 INPUT_ACCEPT 0 -1 0
TRACE 801 INPUT_ACCEPT 0 -1 0
TRACE 802 INPUT_ACCEPT 0 -1 0
TRACE 803 INPUT_ACCEPT 0 -1 0
TRACE 804 INPUT_ACCEPT 0 -1 0
TRACE 805 INPUT_ACCEPT 0 -1 0
TRACE 806 INPUT_ACCEPT 0 -1 0
TRACE 807 INPUT_ACCEPT 0 -1 0
TRACE 808 INPUT_ACCEPT 0 -1 0
TRACE 809 INPUT_ACCEPT 0 -1 0
TRACE 810 INPUT_ACCEPT 0 -1 0
TRACE 811 INPUT_ACCEPT 0 -1 0
TRACE 812 INPUT_ACCEPT 0 -1 0
TRACE 813 INPUT_ACCEPT 0 -1 0
TRACE 814 INPUT_ACCEPT 0 -1 0
TRACE 815 INPUT_ACCEPT 0 -1 0
TRACE 816 INPUT_ACCEPT 0 -1 0
TRACE 817 INPUT_ACCEPT 0 -1 0
TRACE 818 INPUT_ACCEPT 0 -1 0
TRACE 819 INPUT_ACCEPT 0 -1 0
TRACE 820 INPUT_ACCEPT 0 -1 0
TRACE 821 INPUT_ACCEPT 0 -1 0
TRACE 822 INPUT_ACCEPT 0 -1 0
TRACE 823 INPUT_ACCEPT 0 -1 0
TRACE 824 INPUT_ACCEPT 0 -1 0
TRACE 825 INPUT_ACCEPT 0 -1 0
TRACE 826 INPUT_ACCEPT 0 -1 0
TRACE 827 INPUT_ACCEPT 0 -1 0
TRACE 828 INPUT_ACCEPT 0 -1 0
TRACE 829 INPUT_ACCEPT 0 -1 0
TRACE 830 INPUT_ACCEPT 0 -1 0
TRACE 831 INPUT_ACCEPT 0 -1 0
TRACE 832 INPUT_ACCEPT 0 -1 0
TRACE 833 INPUT_ACCEPT 0 -1 0
TRACE 834 INPUT_ACCEPT 0 -1 0
TRACE 835 INPUT_ACCEPT 0 -1 0
TRACE 836 INPUT_ACCEPT 0 -1 0
TRACE 837 INPUT_ACCEPT 0 -1 0
TRACE 838 INPUT_ACCEPT 0 -1 0
TRACE 839 INPUT_ACCEPT 0 -1 0
TRACE 840 INPUT_ACCEPT 0 -1 0
TRACE 841 INPUT_ACCEPT 0 -1 0
TRACE 842 INPUT_ACCEPT 0 -1 0
TRACE 843 INPUT_ACCEPT 0 -1 0
TRACE 844 INPUT_ACCEPT 0 -1 0
TRACE 845 INPUT_ACCEPT 0 -1 0
TRACE 846 INPUT_ACCEPT 0 -1 0
TRACE 847 INPUT_ACCEPT 0 -1 0
TRACE 848 INPUT_ACCEPT 0 -1 0
TRACE 849 INPUT_ACCEPT 0 -1 0
TRACE 850 INPUT_ACCEPT 0 -1 0
TRACE 851 INPUT_ACCEPT 0 -1 0
TRACE 852 INPUT_ACCEPT 0 -1 0
TRACE 853 INPUT_ACCEPT 0 -1 0
TRACE 854 INPUT_ACCEPT 0 -1 0
TRACE 855 INPUT_ACCEPT 0 -1 0
TRACE 856 INPUT_ACCEPT 0 -1 0
TRACE 857 INPUT_ACCEPT 0 -1 0
TRACE 858 INPUT_ACCEPT 0 -1 0
TRACE 859 INPUT_ACCEPT 0 -1 0
TRACE 860 INPUT_ACCEPT 0 -1 0
TRACE 861 INPUT_ACCEPT 0 -1 0
TRACE 862 INPUT_ACCEPT 0 -1 0
TRACE 863 INPUT_ACCEPT 0 -1 0
TRACE 864 INPUT_ACCEPT 0 -1 0
TRACE 865 INPUT_ACCEPT 0 -1 0
TRACE 866 INPUT_ACCEPT 0 -1 0
TRACE 867 INPUT_ACCEPT 0 -1 0
TRACE 868 INPUT_ACCEPT 0 -1 0
TRACE 869 INPUT_ACCEPT 0 -1 0
TRACE 870 INPUT_ACCEPT 0 -1 0
TRACE 871 INPUT_ACCEPT 0 -1 0
TRACE 872 INPUT_ACCEPT 0 -1 0
TRACE 873 INPUT_ACCEPT 0 -1 0
TRACE 874 INPUT_ACCEPT 0 -1 0
TRACE 875 INPUT_ACCEPT 0 -1 0
TRACE 876 INPUT_ACCEPT 0 -1 0
TRACE 877 INPUT_ACCEPT 0 -1 0
TRACE 878 INPUT_ACCEPT 0 -1 0
TRACE 879 INPUT_ACCEPT 0 -1 0
TRACE 880 INPUT_ACCEPT 0 -1 0
TRACE 881 INPUT_ACCEPT 0 -1 0
TRACE 882 INPUT_ACCEPT 0 -1 0
TRACE 883 INPUT_ACCEPT 0 -1 0
TRACE 884 INPUT_ACCEPT 0 -1 0
TRACE 885 INPUT_ACCEPT 0 -1 0
TRACE 886 INPUT_ACCEPT 0 -1 0
TRACE 887 INPUT_ACCEPT 0 -1 0
TRACE 888 INPUT_ACCEPT 0 -1 0
TRACE 889 INPUT_ACCEPT 0 -1 0
TRACE 890 INPUT_ACCEPT 0 -1 0
TRACE 891 INPUT_ACCEPT 0 -1 0
TRACE 892 INPUT_ACCEPT 0 -1 0
TRACE 893 INPUT_ACCEPT 0 -1 0
TRACE 894 INPUT_ACCEPT 0 -1 0
TRACE 895 INPUT_ACCEPT 0 -1 0
TRACE 896 INPUT_ACCEPT 0 -1 0
TRACE 897 INPUT_ACCEPT 0 -1 0
TRACE 898 INPUT_ACCEPT 0 -1 0
TRACE 899 INPUT_ACCEPT 0 -1 0
TRACE 900 INPUT_ACCEPT 0 -1 0
TRACE 901 INPUT_ACCEPT 0 -1 0
TRACE 902 INPUT_ACCEPT 0 -1 0
TRACE 903 INPUT_ACCEPT 0 -1 0
TRACE 904 INPUT_ACCEPT 0 -1 0
TRACE 905 INPUT_ACCEPT 0 -1 0
TRACE 906 INPUT_ACCEPT 0 -1 0
TRACE 907 INPUT_ACCEPT 0 -1 0
TRACE 908 INPUT_ACCEPT 0 -1 0
TRACE 909 INPUT_ACCEPT 0 -1 0
TRACE 910 INPUT_ACCEPT 0 -1 0
TRACE 911 INPUT_ACCEPT 0 -1 0
TRACE 912 INPUT_ACCEPT 0 -1 0
TRACE 913 INPUT_ACCEPT 0 -1 0
TRACE 914 INPUT_ACCEPT 0 -1 0
TRACE 915 INPUT_ACCEPT 0 -1 0
TRACE 916 INPUT_ACCEPT 0 -1 0
TRACE 917 INPUT_ACCEPT 0 -1 0
TRACE 918 INPUT_ACCEPT 0 -1 0
TRACE 919 INPUT_ACCEPT 0 -1 0
TRACE 920 INPUT_ACCEPT 0 -1 0
TRACE 921 INPUT_ACCEPT 0 -1 0
TRACE 922 INPUT_ACCEPT 0 -1 0
TRACE 923 INPUT_ACCEPT 0 -1 0
TRACE 924 INPUT_ACCEPT 0 -1 0
TRACE 925 INPUT_ACCEPT 0 -1 0
TRACE 926 INPUT_ACCEPT 0 -1 0
TRACE 927 INPUT_ACCEPT 0 -1 0
TRACE 928 INPUT_ACCEPT 0 -1 0
TRACE 929 INPUT_ACCEPT 0 -1 0
TRACE 930 INPUT_ACCEPT 0 -1 0
TRACE 931 INPUT_ACCEPT 0 -1 0
TRACE 932 INPUT_ACCEPT 0 -1 0
TRACE 933 INPUT_ACCEPT 0 -1 0
TRACE 934 INPUT_ACCEPT 0 -1 0
TRACE 935 INPUT_ACCEPT 0 -1 0
TRACE 936 INPUT_ACCEPT 0 -1 0
TRACE 937 INPUT_ACCEPT 0 -1 0
TRACE 938 INPUT_ACCEPT 0 -1 0
TRACE 939 INPUT_ACCEPT 0 -1 0
TRACE 940 INPUT_ACCEPT 0 -1 0
TRACE 941 INPUT_ACCEPT 0 -1 0
TRACE 942 INPUT_ACCEPT 0 -1 0
TRACE 943 INPUT_ACCEPT 0 -1 0
TRACE 944 INPUT_ACCEPT 0 -1 0
TRACE 945 INPUT_ACCEPT 0 -1 0
TRACE 946 INPUT_ACCEPT 0 -1 0
TRACE 947 INPUT_ACCEPT 0 -1 0
TRACE 948 INPUT_ACCEPT 0 -1 0
TRACE 949 INPUT_ACCEPT 0 -1 0
TRACE 950 INPUT_ACCEPT 0 -1 0
TRACE 951 INPUT_ACCEPT 0 -1 0
TRACE 952 INPUT_ACCEPT 0 -1 0
TRACE 953 INPUT_ACCEPT 0 -1 0
TRACE 954 INPUT_ACCEPT 0 -1 0
TRACE 955 INPUT_ACCEPT 0 -1 0
TRACE 956 INPUT_ACCEPT 0 -1 0
TRACE 957 INPUT_ACCEPT 0 -1 0
TRACE 958 INPUT_ACCEPT 0 -1 0
TRACE 959 INPUT_ACCEPT 0 -1 0
TRACE 960 INPUT_ACCEPT 0 -1 0
TRACE 961 INPUT_ACCEPT 0 -1 0
TRACE 962 INPUT_ACCEPT 0 -1 0
TRACE 963 INPUT_ACCEPT 0 -1 0
TRACE 964 INPUT_ACCEPT 0 -1 0
TRACE 965 INPUT_ACCEPT 0 -1 0
TRACE 966 INPUT_ACCEPT 0 -1 0
TRACE 967 INPUT_ACCEPT 0 -1 0
TRACE 968 INPUT_ACCEPT 0 -1 0
TRACE 969 INPUT_ACCEPT 0 -1 0
TRACE 970 INPUT_ACCEPT 0 -1 0
TRACE 971 INPUT_ACCEPT 0 -1 0
TRACE 972 INPUT_ACCEPT 0 -1 0
TRACE 973 INPUT_ACCEPT 0 -1 0
TRACE 974 INPUT_ACCEPT 0 -1 0
TRACE 975 INPUT_ACCEPT 0 -1 0
TRACE 976 INPUT_ACCEPT 0 -1 0
TRACE 977 INPUT_ACCEPT 0 -1 0
TRACE 978 INPUT_ACCEPT 0 -1 0
TRACE 979 INPUT_ACCEPT 0 -1 0
TRACE 980 INPUT_ACCEPT 0 -1 0
TRACE 981 INPUT_ACCEPT 0 -1 0
TRACE 982 INPUT_ACCEPT 0 -1 0
TRACE 983 INPUT_ACCEPT 0 -1 0
TRACE 984 INPUT_ACCEPT 0 -1 0
TRACE 985 INPUT_ACCEPT 0 -1 0
TRACE 986 INPUT_ACCEPT 0 -1 0
TRACE 987 INPUT_ACCEPT 0 -1 0
TRACE 988 INPUT_ACCEPT 0 -1 0
TRACE 989 INPUT_ACCEPT 0 -1 0
TRACE 990 INPUT_ACCEPT 0 -1 0
TRACE 991 INPUT_ACCEPT 0 -1 0
TRACE 992 INPUT_ACCEPT 0 -1 0
TRACE 993 INPUT_ACCEPT 0 -1 0
TRACE 994 INPUT_ACCEPT 0 -1 0
TRACE 995 INPUT_ACCEPT 0 -1 0
TRACE 996 INPUT_ACCEPT 0 -1 0
TRACE 997 INPUT_ACCEPT 0 -1 0
TRACE 998 INPUT_ACCEPT 0 -1 0
TRACE 999 INPUT_ACCEPT 0 -1 0
TRACE 1000 INPUT_ACCEPT 0 -1 0
TRACE 1001 INPUT_ACCEPT 0 -1 0
TRACE 1002 INPUT_ACCEPT 0 -1 0
TRACE 1003 INPUT_ACCEPT 0 -1 0
TRACE 1004 INPUT_ACCEPT 0 -1 0
TRACE 1005 INPUT_ACCEPT 0 -1 0
TRACE 1006 INPUT_ACCEPT 0 -1 0
TRACE 1007 INPUT_ACCEPT 0 -1 0
TRACE 1008 INPUT_ACCEPT 0 -1 0
TRACE 1009 INPUT_ACCEPT 0 -1 0
TRACE 1010 INPUT_ACCEPT 0 -1 0
TRACE 1011 INPUT_ACCEPT 0 -1 0
TRACE 1012 INPUT_ACCEPT 0 -1 0
TRACE 1013 INPUT_ACCEPT 0 -1 0
TRACE 1014 INPUT_ACCEPT 0 -1 0
TRACE 1015 INPUT_ACCEPT 0 -1 0
TRACE 1016 INPUT_ACCEPT 0 -1 0
TRACE 1017 INPUT_ACCEPT 0 -1 0
TRACE 1018 INPUT_ACCEPT 0 -1 0
TRACE 1019 INPUT_ACCEPT 0 -1 0
TRACE 1020 INPUT_ACCEPT 0 -1 0
TRACE 1021 INPUT_ACCEPT 0 -1 0
TRACE 1022 INPUT_ACCEPT 0 -1 0
TRACE 1023 INPUT_ACCEPT 0 -1 0
TRACE 1024 OUTPUT_ACCEPT 0 0 30131
TRACE 1024 OUTPUT_ACCEPT 0 1 18552
TRACE 1024 OUTPUT_ACCEPT 0 2 -2132
SUMMARY 1025 1024 1 3 0 0
/home/nano-pointllm/architecture_simulator/rtl/vertical_slice/tb_gtsu_dense_dot4_tile.sv:97: $finish called at 10276 (1s)
