TRACE 0 PAYLOAD_ACCEPT 0 0
TRACE 2 PAYLOAD_ACCEPT 0 1
TRACE 3 PAYLOAD_ACCEPT 1 0
TRACE 3 SRAM_READ_ISSUE 0 0
TRACE 4 PAYLOAD_ACCEPT 1 1
TRACE 4 SRAM_READ_ISSUE 0 1
TRACE 5 SRAM_READ_ISSUE 1 0
TRACE 6 PAYLOAD_ACCEPT 2 0
TRACE 6 SRAM_READ_ISSUE 1 1
TRACE 6 SRAM_RESPONSE 0 0
TRACE 7 PAYLOAD_ACCEPT 2 1
TRACE 7 SRAM_RESPONSE 0 1
TRACE 7 DOT4_INPUT 0 0
TRACE 8 PAYLOAD_ACCEPT 3 0
TRACE 8 SRAM_READ_ISSUE 2 0
TRACE 8 SRAM_RESPONSE 1 2
TRACE 8 DOT4_INPUT 0 0
TRACE 9 SRAM_READ_ISSUE 2 1
TRACE 9 SRAM_RESPONSE 1 3
TRACE 9 DOT4_INPUT 1 0
TRACE 10 PAYLOAD_ACCEPT 3 1
TRACE 10 DOT4_INPUT 1 0
TRACE 11 PAYLOAD_ACCEPT 4 0
TRACE 11 SRAM_READ_ISSUE 3 0
TRACE 11 SRAM_RESPONSE 2 4
TRACE 12 PAYLOAD_ACCEPT 4 1
TRACE 12 SRAM_READ_ISSUE 3 1
TRACE 12 SRAM_RESPONSE 2 5
TRACE 12 DOT4_INPUT 2 0
TRACE 12 OUTPUT_ACCEPT 1 7818181
TRACE 13 SRAM_READ_ISSUE 4 0
TRACE 13 DOT4_INPUT 2 0
TRACE 14 PAYLOAD_ACCEPT 5 0
TRACE 14 SRAM_READ_ISSUE 4 1
TRACE 14 SRAM_RESPONSE 3 6
TRACE 15 PAYLOAD_ACCEPT 5 1
TRACE 15 SRAM_RESPONSE 3 7
TRACE 15 DOT4_INPUT 3 0
TRACE 16 PAYLOAD_ACCEPT 6 0
TRACE 16 SRAM_READ_ISSUE 5 0
TRACE 16 SRAM_RESPONSE 4 8
TRACE 16 DOT4_INPUT 3 0
TRACE 17 SRAM_READ_ISSUE 5 1
TRACE 17 SRAM_RESPONSE 4 9
TRACE 17 DOT4_INPUT 4 0
TRACE 18 PAYLOAD_ACCEPT 6 1
TRACE 18 DOT4_INPUT 4 0
TRACE 18 OUTPUT_ACCEPT 3 30034b6
TRACE 19 PAYLOAD_ACCEPT 7 0
TRACE 19 SRAM_READ_ISSUE 6 0
TRACE 19 SRAM_RESPONSE 5 a
TRACE 20 PAYLOAD_ACCEPT 7 1
TRACE 20 SRAM_READ_ISSUE 6 1
TRACE 20 SRAM_RESPONSE 5 b
TRACE 20 DOT4_INPUT 5 0
TRACE 21 SRAM_READ_ISSUE 7 0
TRACE 21 DOT4_INPUT 5 0
TRACE 22 SRAM_READ_ISSUE 7 1
TRACE 22 SRAM_RESPONSE 6 c
TRACE 23 SRAM_RESPONSE 6 d
TRACE 23 DOT4_INPUT 6 0
TRACE 23 OUTPUT_ACCEPT 5 7cc8181
TRACE 24 SRAM_RESPONSE 7 e
TRACE 24 DOT4_INPUT 6 0
TRACE 25 SRAM_RESPONSE 7 f
TRACE 25 DOT4_INPUT 7 0
TRACE 26 DOT4_INPUT 7 0
TRACE 28 OUTPUT_ACCEPT 7 3007f7f
SUMMARY 29 16 16 16 16 4 10 0 1
architecture_simulator/rtl/vertical_slice/tb_gtsu_dense_sram_requant_pipeline.sv:114: $finish called at 316 (1s)
