TRACE 0 INPUT_ACCEPT 0 -1 0
TRACE 1 OUTPUT_ACCEPT 0 0 216
TRACE 1 OUTPUT_ACCEPT 0 1 219
TRACE 1 OUTPUT_ACCEPT 0 2 600
TRACE 1 OUTPUT_ACCEPT 0 3 1395
TRACE 1 OUTPUT_ACCEPT 0 4 2664
TRACE 1 OUTPUT_ACCEPT 0 5 4491
TRACE 1 OUTPUT_ACCEPT 0 6 6984
TRACE 1 OUTPUT_ACCEPT 0 7 10275
TRACE 1 OUTPUT_ACCEPT 0 8 14520
TRACE 1 OUTPUT_ACCEPT 0 9 19899
TRACE 1 OUTPUT_ACCEPT 0 10 26616
TRACE 1 OUTPUT_ACCEPT 0 11 34899
TRACE 1 OUTPUT_ACCEPT 0 12 45000
TRACE 1 OUTPUT_ACCEPT 0 13 57195
TRACE 1 OUTPUT_ACCEPT 0 14 71784
TRACE 1 OUTPUT_ACCEPT 0 15 89091
TRACE 1 OUTPUT_ACCEPT 0 16 109464
TRACE 1 OUTPUT_ACCEPT 0 17 133275
TRACE 1 OUTPUT_ACCEPT 0 18 160920
TRACE 1 OUTPUT_ACCEPT 0 19 192819
TRACE 1 OUTPUT_ACCEPT 0 20 229416
TRACE 1 OUTPUT_ACCEPT 0 21 271179
TRACE 1 OUTPUT_ACCEPT 0 22 318600
TRACE 1 OUTPUT_ACCEPT 0 23 372195
TRACE 1 OUTPUT_ACCEPT 0 24 432504
TRACE 1 OUTPUT_ACCEPT 0 25 500091
TRACE 1 OUTPUT_ACCEPT 0 26 575544
TRACE 1 OUTPUT_ACCEPT 0 27 659475
TRACE 1 OUTPUT_ACCEPT 0 28 752520
TRACE 1 OUTPUT_ACCEPT 0 29 855339
TRACE 1 OUTPUT_ACCEPT 0 30 968616
TRACE 1 OUTPUT_ACCEPT 0 31 1093059
TRACE 1 OUTPUT_ACCEPT 0 32 1229400
TRACE 1 OUTPUT_ACCEPT 0 33 1378395
TRACE 1 OUTPUT_ACCEPT 0 34 1540824
TRACE 1 OUTPUT_ACCEPT 0 35 1717491
TRACE 1 OUTPUT_ACCEPT 0 36 1909224
TRACE 1 OUTPUT_ACCEPT 0 37 2116875
TRACE 1 OUTPUT_ACCEPT 0 38 2341320
TRACE 1 OUTPUT_ACCEPT 0 39 2583459
TRACE 1 OUTPUT_ACCEPT 0 40 2844216
TRACE 1 OUTPUT_ACCEPT 0 41 3124539
TRACE 1 OUTPUT_ACCEPT 0 42 3425400
TRACE 1 OUTPUT_ACCEPT 0 43 3747795
TRACE 1 OUTPUT_ACCEPT 0 44 4092744
TRACE 1 OUTPUT_ACCEPT 0 45 4461291
TRACE 1 OUTPUT_ACCEPT 0 46 4854504
TRACE 1 OUTPUT_ACCEPT 0 47 5273475
TRACE 1 OUTPUT_ACCEPT 0 48 5719320
TRACE 1 OUTPUT_ACCEPT 0 49 6193179
TRACE 1 OUTPUT_ACCEPT 0 50 6696216
TRACE 1 OUTPUT_ACCEPT 0 51 7229619
TRACE 1 OUTPUT_ACCEPT 0 52 7794600
TRACE 1 OUTPUT_ACCEPT 0 53 8392395
TRACE 1 OUTPUT_ACCEPT 0 54 9024264
TRACE 1 OUTPUT_ACCEPT 0 55 9691491
TRACE 1 OUTPUT_ACCEPT 0 56 10395384
TRACE 1 OUTPUT_ACCEPT 0 57 11137275
TRACE 1 OUTPUT_ACCEPT 0 58 11918520
TRACE 1 OUTPUT_ACCEPT 0 59 12740499
TRACE 1 OUTPUT_ACCEPT 0 60 13604616
TRACE 1 OUTPUT_ACCEPT 0 61 14512299
TRACE 1 OUTPUT_ACCEPT 0 62 15465000
TRACE 1 OUTPUT_ACCEPT 0 63 16464195
TRACE 2 INPUT_ACCEPT 1 -1 0
TRACE 3 INPUT_ACCEPT 2 -1 0
TRACE 3 OUTPUT_ACCEPT 1 0 621
TRACE 3 OUTPUT_ACCEPT 1 1 150
TRACE 3 OUTPUT_ACCEPT 1 2 9
TRACE 3 OUTPUT_ACCEPT 1 3 234
TRACE 3 OUTPUT_ACCEPT 1 4 885
TRACE 3 OUTPUT_ACCEPT 1 5 2046
TRACE 3 OUTPUT_ACCEPT 1 6 3825
TRACE 3 OUTPUT_ACCEPT 1 7 6354
TRACE 3 OUTPUT_ACCEPT 1 8 9789
TRACE 3 OUTPUT_ACCEPT 1 9 14310
TRACE 3 OUTPUT_ACCEPT 1 10 20121
TRACE 3 OUTPUT_ACCEPT 1 11 27450
TRACE 3 OUTPUT_ACCEPT 1 12 36549
TRACE 3 OUTPUT_ACCEPT 1 13 47694
TRACE 3 OUTPUT_ACCEPT 1 14 61185
TRACE 3 OUTPUT_ACCEPT 1 15 77346
TRACE 3 OUTPUT_ACCEPT 1 16 96525
TRACE 3 OUTPUT_ACCEPT 1 17 119094
TRACE 3 OUTPUT_ACCEPT 1 18 145449
TRACE 3 OUTPUT_ACCEPT 1 19 176010
TRACE 3 OUTPUT_ACCEPT 1 20 211221
TRACE 3 OUTPUT_ACCEPT 1 21 251550
TRACE 3 OUTPUT_ACCEPT 1 22 297489
TRACE 3 OUTPUT_ACCEPT 1 23 349554
TRACE 3 OUTPUT_ACCEPT 1 24 408285
TRACE 3 OUTPUT_ACCEPT 1 25 474246
TRACE 3 OUTPUT_ACCEPT 1 26 548025
TRACE 3 OUTPUT_ACCEPT 1 27 630234
TRACE 3 OUTPUT_ACCEPT 1 28 721509
TRACE 3 OUTPUT_ACCEPT 1 29 822510
TRACE 3 OUTPUT_ACCEPT 1 30 933921
TRACE 3 OUTPUT_ACCEPT 1 31 1056450
TRACE 3 OUTPUT_ACCEPT 1 32 1190829
TRACE 3 OUTPUT_ACCEPT 1 33 1337814
TRACE 3 OUTPUT_ACCEPT 1 34 1498185
TRACE 3 OUTPUT_ACCEPT 1 35 1672746
TRACE 3 OUTPUT_ACCEPT 1 36 1862325
TRACE 3 OUTPUT_ACCEPT 1 37 2067774
TRACE 3 OUTPUT_ACCEPT 1 38 2289969
TRACE 3 OUTPUT_ACCEPT 1 39 2529810
TRACE 3 OUTPUT_ACCEPT 1 40 2788221
TRACE 3 OUTPUT_ACCEPT 1 41 3066150
TRACE 3 OUTPUT_ACCEPT 1 42 3364569
TRACE 3 OUTPUT_ACCEPT 1 43 3684474
TRACE 3 OUTPUT_ACCEPT 1 44 4026885
TRACE 3 OUTPUT_ACCEPT 1 45 4392846
TRACE 3 OUTPUT_ACCEPT 1 46 4783425
TRACE 3 OUTPUT_ACCEPT 1 47 5199714
TRACE 3 OUTPUT_ACCEPT 1 48 5642829
TRACE 3 OUTPUT_ACCEPT 1 49 6113910
TRACE 3 OUTPUT_ACCEPT 1 50 6614121
TRACE 3 OUTPUT_ACCEPT 1 51 7144650
TRACE 3 OUTPUT_ACCEPT 1 52 7706709
TRACE 3 OUTPUT_ACCEPT 1 53 8301534
TRACE 3 OUTPUT_ACCEPT 1 54 8930385
TRACE 3 OUTPUT_ACCEPT 1 55 9594546
TRACE 3 OUTPUT_ACCEPT 1 56 10295325
TRACE 3 OUTPUT_ACCEPT 1 57 11034054
TRACE 3 OUTPUT_ACCEPT 1 58 11812089
TRACE 3 OUTPUT_ACCEPT 1 59 12630810
TRACE 3 OUTPUT_ACCEPT 1 60 13491621
TRACE 3 OUTPUT_ACCEPT 1 61 14395950
TRACE 3 OUTPUT_ACCEPT 1 62 15345249
TRACE 3 OUTPUT_ACCEPT 1 63 16340994
TRACE 4 INPUT_ACCEPT 3 -1 0
TRACE 4 OUTPUT_ACCEPT 2 0 2124
TRACE 4 OUTPUT_ACCEPT 2 1 1179
TRACE 4 OUTPUT_ACCEPT 2 2 516
TRACE 4 OUTPUT_ACCEPT 2 3 171
TRACE 4 OUTPUT_ACCEPT 2 4 204
TRACE 4 OUTPUT_ACCEPT 2 5 699
TRACE 4 OUTPUT_ACCEPT 2 6 1764
TRACE 4 OUTPUT_ACCEPT 2 7 3531
TRACE 4 OUTPUT_ACCEPT 2 8 6156
TRACE 4 OUTPUT_ACCEPT 2 9 9819
TRACE 4 OUTPUT_ACCEPT 2 10 14724
TRACE 4 OUTPUT_ACCEPT 2 11 21099
TRACE 4 OUTPUT_ACCEPT 2 12 29196
TRACE 4 OUTPUT_ACCEPT 2 13 39291
TRACE 4 OUTPUT_ACCEPT 2 14 51684
TRACE 4 OUTPUT_ACCEPT 2 15 66699
TRACE 4 OUTPUT_ACCEPT 2 16 84684
TRACE 4 OUTPUT_ACCEPT 2 17 106011
TRACE 4 OUTPUT_ACCEPT 2 18 131076
TRACE 4 OUTPUT_ACCEPT 2 19 160299
TRACE 4 OUTPUT_ACCEPT 2 20 194124
TRACE 4 OUTPUT_ACCEPT 2 21 233019
TRACE 4 OUTPUT_ACCEPT 2 22 277476
TRACE 4 OUTPUT_ACCEPT 2 23 328011
TRACE 4 OUTPUT_ACCEPT 2 24 385164
TRACE 4 OUTPUT_ACCEPT 2 25 449499
TRACE 4 OUTPUT_ACCEPT 2 26 521604
TRACE 4 OUTPUT_ACCEPT 2 27 602091
TRACE 4 OUTPUT_ACCEPT 2 28 691596
TRACE 4 OUTPUT_ACCEPT 2 29 790779
TRACE 4 OUTPUT_ACCEPT 2 30 900324
TRACE 4 OUTPUT_ACCEPT 2 31 1020939
TRACE 4 OUTPUT_ACCEPT 2 32 1153356
TRACE 4 OUTPUT_ACCEPT 2 33 1298331
TRACE 4 OUTPUT_ACCEPT 2 34 1456644
TRACE 4 OUTPUT_ACCEPT 2 35 1629099
TRACE 4 OUTPUT_ACCEPT 2 36 1816524
TRACE 4 OUTPUT_ACCEPT 2 37 2019771
TRACE 4 OUTPUT_ACCEPT 2 38 2239716
TRACE 4 OUTPUT_ACCEPT 2 39 2477259
TRACE 4 OUTPUT_ACCEPT 2 40 2733324
TRACE 4 OUTPUT_ACCEPT 2 41 3008859
TRACE 4 OUTPUT_ACCEPT 2 42 3304836
TRACE 4 OUTPUT_ACCEPT 2 43 3622251
TRACE 4 OUTPUT_ACCEPT 2 44 3962124
TRACE 4 OUTPUT_ACCEPT 2 45 4325499
TRACE 4 OUTPUT_ACCEPT 2 46 4713444
TRACE 4 OUTPUT_ACCEPT 2 47 5127051
TRACE 4 OUTPUT_ACCEPT 2 48 5567436
TRACE 4 OUTPUT_ACCEPT 2 49 6035739
TRACE 4 OUTPUT_ACCEPT 2 50 6533124
TRACE 4 OUTPUT_ACCEPT 2 51 7060779
TRACE 4 OUTPUT_ACCEPT 2 52 7619916
TRACE 4 OUTPUT_ACCEPT 2 53 8211771
TRACE 4 OUTPUT_ACCEPT 2 54 8837604
TRACE 4 OUTPUT_ACCEPT 2 55 9498699
TRACE 4 OUTPUT_ACCEPT 2 56 10196364
TRACE 4 OUTPUT_ACCEPT 2 57 10931931
TRACE 4 OUTPUT_ACCEPT 2 58 11706756
TRACE 4 OUTPUT_ACCEPT 2 59 12522219
TRACE 4 OUTPUT_ACCEPT 2 60 13379724
TRACE 4 OUTPUT_ACCEPT 2 61 14280699
TRACE 4 OUTPUT_ACCEPT 2 62 15226596
TRACE 4 OUTPUT_ACCEPT 2 63 16218891
TRACE 5 OUTPUT_ACCEPT 3 0 4725
TRACE 5 OUTPUT_ACCEPT 3 1 3306
TRACE 5 OUTPUT_ACCEPT 3 2 2121
TRACE 5 OUTPUT_ACCEPT 3 3 1206
TRACE 5 OUTPUT_ACCEPT 3 4 621
TRACE 5 OUTPUT_ACCEPT 3 5 450
TRACE 5 OUTPUT_ACCEPT 3 6 801
TRACE 5 OUTPUT_ACCEPT 3 7 1806
TRACE 5 OUTPUT_ACCEPT 3 8 3621
TRACE 5 OUTPUT_ACCEPT 3 9 6426
TRACE 5 OUTPUT_ACCEPT 3 10 10425
TRACE 5 OUTPUT_ACCEPT 3 11 15846
TRACE 5 OUTPUT_ACCEPT 3 12 22941
TRACE 5 OUTPUT_ACCEPT 3 13 31986
TRACE 5 OUTPUT_ACCEPT 3 14 43281
TRACE 5 OUTPUT_ACCEPT 3 15 57150
TRACE 5 OUTPUT_ACCEPT 3 16 73941
TRACE 5 OUTPUT_ACCEPT 3 17 94026
TRACE 5 OUTPUT_ACCEPT 3 18 117801
TRACE 5 OUTPUT_ACCEPT 3 19 145686
TRACE 5 OUTPUT_ACCEPT 3 20 178125
TRACE 5 OUTPUT_ACCEPT 3 21 215586
TRACE 5 OUTPUT_ACCEPT 3 22 258561
TRACE 5 OUTPUT_ACCEPT 3 23 307566
TRACE 5 OUTPUT_ACCEPT 3 24 363141
TRACE 5 OUTPUT_ACCEPT 3 25 425850
TRACE 5 OUTPUT_ACCEPT 3 26 496281
TRACE 5 OUTPUT_ACCEPT 3 27 575046
TRACE 5 OUTPUT_ACCEPT 3 28 662781
TRACE 5 OUTPUT_ACCEPT 3 29 760146
TRACE 5 OUTPUT_ACCEPT 3 30 867825
TRACE 5 OUTPUT_ACCEPT 3 31 986526
TRACE 5 OUTPUT_ACCEPT 3 32 1116981
TRACE 5 OUTPUT_ACCEPT 3 33 1259946
TRACE 5 OUTPUT_ACCEPT 3 34 1416201
TRACE 5 OUTPUT_ACCEPT 3 35 1586550
TRACE 5 OUTPUT_ACCEPT 3 36 1771821
TRACE 5 OUTPUT_ACCEPT 3 37 1972866
TRACE 5 OUTPUT_ACCEPT 3 38 2190561
TRACE 5 OUTPUT_ACCEPT 3 39 2425806
TRACE 5 OUTPUT_ACCEPT 3 40 2679525
TRACE 5 OUTPUT_ACCEPT 3 41 2952666
TRACE 5 OUTPUT_ACCEPT 3 42 3246201
TRACE 5 OUTPUT_ACCEPT 3 43 3561126
TRACE 5 OUTPUT_ACCEPT 3 44 3898461
TRACE 5 OUTPUT_ACCEPT 3 45 4259250
TRACE 5 OUTPUT_ACCEPT 3 46 4644561
TRACE 5 OUTPUT_ACCEPT 3 47 5055486
TRACE 5 OUTPUT_ACCEPT 3 48 5493141
TRACE 5 OUTPUT_ACCEPT 3 49 5958666
TRACE 5 OUTPUT_ACCEPT 3 50 6453225
TRACE 5 OUTPUT_ACCEPT 3 51 6978006
TRACE 5 OUTPUT_ACCEPT 3 52 7534221
TRACE 5 OUTPUT_ACCEPT 3 53 8123106
TRACE 5 OUTPUT_ACCEPT 3 54 8745921
TRACE 5 OUTPUT_ACCEPT 3 55 9403950
TRACE 5 OUTPUT_ACCEPT 3 56 10098501
TRACE 5 OUTPUT_ACCEPT 3 57 10830906
TRACE 5 OUTPUT_ACCEPT 3 58 11602521
TRACE 5 OUTPUT_ACCEPT 3 59 12414726
TRACE 5 OUTPUT_ACCEPT 3 60 13268925
TRACE 5 OUTPUT_ACCEPT 3 61 14166546
TRACE 5 OUTPUT_ACCEPT 3 62 15109041
TRACE 5 OUTPUT_ACCEPT 3 63 16097886
TRACE 6 INPUT_ACCEPT 4 -1 0
TRACE 8 INPUT_ACCEPT 5 -1 0
TRACE 8 OUTPUT_ACCEPT 4 0 8424
TRACE 8 OUTPUT_ACCEPT 4 1 6531
TRACE 8 OUTPUT_ACCEPT 4 2 4824
TRACE 8 OUTPUT_ACCEPT 4 3 3339
TRACE 8 OUTPUT_ACCEPT 4 4 2136
TRACE 8 OUTPUT_ACCEPT 4 5 1299
TRACE 8 OUTPUT_ACCEPT 4 6 936
TRACE 8 OUTPUT_ACCEPT 4 7 1179
TRACE 8 OUTPUT_ACCEPT 4 8 2184
TRACE 8 OUTPUT_ACCEPT 4 9 4131
TRACE 8 OUTPUT_ACCEPT 4 10 7224
TRACE 8 OUTPUT_ACCEPT 4 11 11691
TRACE 8 OUTPUT_ACCEPT 4 12 17784
TRACE 8 OUTPUT_ACCEPT 4 13 25779
TRACE 8 OUTPUT_ACCEPT 4 14 35976
TRACE 8 OUTPUT_ACCEPT 4 15 48699
TRACE 8 OUTPUT_ACCEPT 4 16 64296
TRACE 8 OUTPUT_ACCEPT 4 17 83139
TRACE 8 OUTPUT_ACCEPT 4 18 105624
TRACE 8 OUTPUT_ACCEPT 4 19 132171
TRACE 8 OUTPUT_ACCEPT 4 20 163224
TRACE 8 OUTPUT_ACCEPT 4 21 199251
TRACE 8 OUTPUT_ACCEPT 4 22 240744
TRACE 8 OUTPUT_ACCEPT 4 23 288219
TRACE 8 OUTPUT_ACCEPT 4 24 342216
TRACE 8 OUTPUT_ACCEPT 4 25 403299
TRACE 8 OUTPUT_ACCEPT 4 26 472056
TRACE 8 OUTPUT_ACCEPT 4 27 549099
TRACE 8 OUTPUT_ACCEPT 4 28 635064
TRACE 8 OUTPUT_ACCEPT 4 29 730611
TRACE 8 OUTPUT_ACCEPT 4 30 836424
TRACE 8 OUTPUT_ACCEPT 4 31 953211
TRACE 8 OUTPUT_ACCEPT 4 32 1081704
TRACE 8 OUTPUT_ACCEPT 4 33 1222659
TRACE 8 OUTPUT_ACCEPT 4 34 1376856
TRACE 8 OUTPUT_ACCEPT 4 35 1545099
TRACE 8 OUTPUT_ACCEPT 4 36 1728216
TRACE 8 OUTPUT_ACCEPT 4 37 1927059
TRACE 8 OUTPUT_ACCEPT 4 38 2142504
TRACE 8 OUTPUT_ACCEPT 4 39 2375451
TRACE 8 OUTPUT_ACCEPT 4 40 2626824
TRACE 8 OUTPUT_ACCEPT 4 41 2897571
TRACE 8 OUTPUT_ACCEPT 4 42 3188664
TRACE 8 OUTPUT_ACCEPT 4 43 3501099
TRACE 8 OUTPUT_ACCEPT 4 44 3835896
TRACE 8 OUTPUT_ACCEPT 4 45 4194099
TRACE 8 OUTPUT_ACCEPT 4 46 4576776
TRACE 8 OUTPUT_ACCEPT 4 47 4985019
TRACE 8 OUTPUT_ACCEPT 4 48 5419944
TRACE 8 OUTPUT_ACCEPT 4 49 5882691
TRACE 8 OUTPUT_ACCEPT 4 50 6374424
TRACE 8 OUTPUT_ACCEPT 4 51 6896331
TRACE 8 OUTPUT_ACCEPT 4 52 7449624
TRACE 8 OUTPUT_ACCEPT 4 53 8035539
TRACE 8 OUTPUT_ACCEPT 4 54 8655336
TRACE 8 OUTPUT_ACCEPT 4 55 9310299
TRACE 8 OUTPUT_ACCEPT 4 56 10001736
TRACE 8 OUTPUT_ACCEPT 4 57 10730979
TRACE 8 OUTPUT_ACCEPT 4 58 11499384
TRACE 8 OUTPUT_ACCEPT 4 59 12308331
TRACE 8 OUTPUT_ACCEPT 4 60 13159224
TRACE 8 OUTPUT_ACCEPT 4 61 14053491
TRACE 8 OUTPUT_ACCEPT 4 62 14992584
TRACE 8 OUTPUT_ACCEPT 4 63 15977979
TRACE 9 OUTPUT_ACCEPT 5 0 13221
TRACE 9 OUTPUT_ACCEPT 5 1 10854
TRACE 9 OUTPUT_ACCEPT 5 2 8625
TRACE 9 OUTPUT_ACCEPT 5 3 6570
TRACE 9 OUTPUT_ACCEPT 5 4 4749
TRACE 9 OUTPUT_ACCEPT 5 5 3246
TRACE 9 OUTPUT_ACCEPT 5 6 2169
TRACE 9 OUTPUT_ACCEPT 5 7 1650
TRACE 9 OUTPUT_ACCEPT 5 8 1845
TRACE 9 OUTPUT_ACCEPT 5 9 2934
TRACE 9 OUTPUT_ACCEPT 5 10 5121
TRACE 9 OUTPUT_ACCEPT 5 11 8634
TRACE 9 OUTPUT_ACCEPT 5 12 13725
TRACE 9 OUTPUT_ACCEPT 5 13 20670
TRACE 9 OUTPUT_ACCEPT 5 14 29769
TRACE 9 OUTPUT_ACCEPT 5 15 41346
TRACE 9 OUTPUT_ACCEPT 5 16 55749
TRACE 9 OUTPUT_ACCEPT 5 17 73350
TRACE 9 OUTPUT_ACCEPT 5 18 94545
TRACE 9 OUTPUT_ACCEPT 5 19 119754
TRACE 9 OUTPUT_ACCEPT 5 20 149421
TRACE 9 OUTPUT_ACCEPT 5 21 184014
TRACE 9 OUTPUT_ACCEPT 5 22 224025
TRACE 9 OUTPUT_ACCEPT 5 23 269970
TRACE 9 OUTPUT_ACCEPT 5 24 322389
TRACE 9 OUTPUT_ACCEPT 5 25 381846
TRACE 9 OUTPUT_ACCEPT 5 26 448929
TRACE 9 OUTPUT_ACCEPT 5 27 524250
TRACE 9 OUTPUT_ACCEPT 5 28 608445
TRACE 9 OUTPUT_ACCEPT 5 29 702174
TRACE 9 OUTPUT_ACCEPT 5 30 806121
TRACE 9 OUTPUT_ACCEPT 5 31 920994
TRACE 9 OUTPUT_ACCEPT 5 32 1047525
TRACE 9 OUTPUT_ACCEPT 5 33 1186470
TRACE 9 OUTPUT_ACCEPT 5 34 1338609
TRACE 9 OUTPUT_ACCEPT 5 35 1504746
TRACE 9 OUTPUT_ACCEPT 5 36 1685709
TRACE 9 OUTPUT_ACCEPT 5 37 1882350
TRACE 9 OUTPUT_ACCEPT 5 38 2095545
TRACE 9 OUTPUT_ACCEPT 5 39 2326194
TRACE 9 OUTPUT_ACCEPT 5 40 2575221
TRACE 9 OUTPUT_ACCEPT 5 41 2843574
TRACE 9 OUTPUT_ACCEPT 5 42 3132225
TRACE 9 OUTPUT_ACCEPT 5 43 3442170
TRACE 9 OUTPUT_ACCEPT 5 44 3774429
TRACE 9 OUTPUT_ACCEPT 5 45 4130046
TRACE 9 OUTPUT_ACCEPT 5 46 4510089
TRACE 9 OUTPUT_ACCEPT 5 47 4915650
TRACE 9 OUTPUT_ACCEPT 5 48 5347845
TRACE 9 OUTPUT_ACCEPT 5 49 5807814
TRACE 9 OUTPUT_ACCEPT 5 50 6296721
TRACE 9 OUTPUT_ACCEPT 5 51 6815754
TRACE 9 OUTPUT_ACCEPT 5 52 7366125
TRACE 9 OUTPUT_ACCEPT 5 53 7949070
TRACE 9 OUTPUT_ACCEPT 5 54 8565849
TRACE 9 OUTPUT_ACCEPT 5 55 9217746
TRACE 9 OUTPUT_ACCEPT 5 56 9906069
TRACE 9 OUTPUT_ACCEPT 5 57 10632150
TRACE 9 OUTPUT_ACCEPT 5 58 11397345
TRACE 9 OUTPUT_ACCEPT 5 59 12203034
TRACE 9 OUTPUT_ACCEPT 5 60 13050621
TRACE 9 OUTPUT_ACCEPT 5 61 13941534
TRACE 9 OUTPUT_ACCEPT 5 62 14877225
TRACE 9 OUTPUT_ACCEPT 5 63 15859170
TRACE 10 INPUT_ACCEPT 6 -1 0
TRACE 11 OUTPUT_ACCEPT 6 0 19116
TRACE 11 OUTPUT_ACCEPT 6 1 16275
TRACE 11 OUTPUT_ACCEPT 6 2 13524
TRACE 11 OUTPUT_ACCEPT 6 3 10899
TRACE 11 OUTPUT_ACCEPT 6 4 8460
TRACE 11 OUTPUT_ACCEPT 6 5 6291
TRACE 11 OUTPUT_ACCEPT 6 6 4500
TRACE 11 OUTPUT_ACCEPT 6 7 3219
TRACE 11 OUTPUT_ACCEPT 6 8 2604
TRACE 11 OUTPUT_ACCEPT 6 9 2835
TRACE 11 OUTPUT_ACCEPT 6 10 4116
TRACE 11 OUTPUT_ACCEPT 6 11 6675
TRACE 11 OUTPUT_ACCEPT 6 12 10764
TRACE 11 OUTPUT_ACCEPT 6 13 16659
TRACE 11 OUTPUT_ACCEPT 6 14 24660
TRACE 11 OUTPUT_ACCEPT 6 15 35091
TRACE 11 OUTPUT_ACCEPT 6 16 48300
TRACE 11 OUTPUT_ACCEPT 6 17 64659
TRACE 11 OUTPUT_ACCEPT 6 18 84564
TRACE 11 OUTPUT_ACCEPT 6 19 108435
TRACE 11 OUTPUT_ACCEPT 6 20 136716
TRACE 11 OUTPUT_ACCEPT 6 21 169875
TRACE 11 OUTPUT_ACCEPT 6 22 208404
TRACE 11 OUTPUT_ACCEPT 6 23 252819
TRACE 11 OUTPUT_ACCEPT 6 24 303660
TRACE 11 OUTPUT_ACCEPT 6 25 361491
TRACE 11 OUTPUT_ACCEPT 6 26 426900
TRACE 11 OUTPUT_ACCEPT 6 27 500499
TRACE 11 OUTPUT_ACCEPT 6 28 582924
TRACE 11 OUTPUT_ACCEPT 6 29 674835
TRACE 11 OUTPUT_ACCEPT 6 30 776916
TRACE 11 OUTPUT_ACCEPT 6 31 889875
TRACE 11 OUTPUT_ACCEPT 6 32 1014444
TRACE 11 OUTPUT_ACCEPT 6 33 1151379
TRACE 11 OUTPUT_ACCEPT 6 34 1301460
TRACE 11 OUTPUT_ACCEPT 6 35 1465491
TRACE 11 OUTPUT_ACCEPT 6 36 1644300
TRACE 11 OUTPUT_ACCEPT 6 37 1838739
TRACE 11 OUTPUT_ACCEPT 6 38 2049684
TRACE 11 OUTPUT_ACCEPT 6 39 2278035
TRACE 11 OUTPUT_ACCEPT 6 40 2524716
TRACE 11 OUTPUT_ACCEPT 6 41 2790675
TRACE 11 OUTPUT_ACCEPT 6 42 3076884
TRACE 11 OUTPUT_ACCEPT 6 43 3384339
TRACE 11 OUTPUT_ACCEPT 6 44 3714060
TRACE 11 OUTPUT_ACCEPT 6 45 4067091
TRACE 11 OUTPUT_ACCEPT 6 46 4444500
TRACE 11 OUTPUT_ACCEPT 6 47 4847379
TRACE 11 OUTPUT_ACCEPT 6 48 5276844
TRACE 11 OUTPUT_ACCEPT 6 49 5734035
TRACE 11 OUTPUT_ACCEPT 6 50 6220116
TRACE 11 OUTPUT_ACCEPT 6 51 6736275
TRACE 11 OUTPUT_ACCEPT 6 52 7283724
TRACE 11 OUTPUT_ACCEPT 6 53 7863699
TRACE 11 OUTPUT_ACCEPT 6 54 8477460
TRACE 11 OUTPUT_ACCEPT 6 55 9126291
TRACE 11 OUTPUT_ACCEPT 6 56 9811500
TRACE 11 OUTPUT_ACCEPT 6 57 10534419
TRACE 11 OUTPUT_ACCEPT 6 58 11296404
TRACE 11 OUTPUT_ACCEPT 6 59 12098835
TRACE 11 OUTPUT_ACCEPT 6 60 12943116
TRACE 11 OUTPUT_ACCEPT 6 61 13830675
TRACE 11 OUTPUT_ACCEPT 6 62 14762964
TRACE 11 OUTPUT_ACCEPT 6 63 15741459
SUMMARY 12 7 448 1 1
architecture_simulator/rtl/vertical_slice/tb_gtsu_geometry_distance_tile.sv:108: $finish called at 146 (1s)
