TRACE 0 INPUT_ACCEPT 0 0
TRACE 1 OUTPUT_ACCEPT 0 0
TRACE 2 INPUT_ACCEPT 1 0
TRACE 3 INPUT_ACCEPT 2 0
TRACE 3 OUTPUT_ACCEPT 1 3f80
TRACE 4 INPUT_ACCEPT 3 0
TRACE 4 OUTPUT_ACCEPT 2 bf80
TRACE 5 OUTPUT_ACCEPT 3 417e
TRACE 6 INPUT_ACCEPT 4 0
TRACE 8 INPUT_ACCEPT 5 0
TRACE 8 OUTPUT_ACCEPT 4 bebe
TRACE 9 OUTPUT_ACCEPT 5 4100
TRACE 10 INPUT_ACCEPT 6 0
TRACE 11 INPUT_ACCEPT 7 0
TRACE 11 OUTPUT_ACCEPT 6 cf00
TRACE 13 OUTPUT_ACCEPT 7 468e
TRACE 14 INPUT_ACCEPT 8 0
TRACE 15 INPUT_ACCEPT 9 0
TRACE 15 OUTPUT_ACCEPT 8 2840
TRACE 16 INPUT_ACCEPT 10 0
TRACE 16 OUTPUT_ACCEPT 9 c0eb
TRACE 18 INPUT_ACCEPT 11 0
TRACE 18 OUTPUT_ACCEPT 10 4aea
TRACE 19 OUTPUT_ACCEPT 11 5b80
SUMMARY 20 12 12 2 3
architecture_simulator/rtl/vertical_slice/tb_gtsu_dequant_int32_bf16.sv:79: $finish called at 226 (1s)
